target=1000 existing=0 workers=24
1/1000 000202_horsetail fault=3.413% visible=0.722 attempts=3 seconds=3.8
2/1000 000200_horsetail fault=2.057% visible=0.826 attempts=2 seconds=3.9
3/1000 000602_positive_flower fault=3.373% visible=0.779 attempts=2 seconds=4.1
4/1000 000000_en_echelon fault=3.524% visible=0.980 attempts=1 seconds=4.1
5/1000 000003_en_echelon fault=3.644% visible=0.856 attempts=1 seconds=4.1
6/1000 000001_en_echelon fault=3.833% visible=0.948 attempts=1 seconds=4.2
7/1000 000204_horsetail fault=2.171% visible=0.799 attempts=6 seconds=4.2
8/1000 000203_horsetail fault=2.502% visible=0.842 attempts=7 seconds=4.6
9/1000 000201_horsetail fault=2.742% visible=0.819 attempts=10 seconds=4.8
10/1000 000004_en_echelon fault=3.448% visible=0.942 attempts=2 seconds=4.9
11/1000 000603_positive_flower fault=4.891% visible=0.958 attempts=4 seconds=5.0
12/1000 000601_positive_flower fault=4.085% visible=0.974 attempts=8 seconds=5.1
13/1000 000604_positive_flower fault=4.767% visible=0.996 attempts=5 seconds=5.2
14/1000 000600_positive_flower fault=4.678% visible=0.976 attempts=4 seconds=5.5
15/1000 000402_negative_flower fault=3.707% visible=0.865 attempts=15 seconds=5.7
16/1000 000403_negative_flower fault=3.999% visible=0.818 attempts=18 seconds=5.7
17/1000 000002_en_echelon fault=3.496% visible=0.912 attempts=6 seconds=6.1
18/1000 000803_listric_assemblage fault=3.165% visible=0.726 attempts=3 seconds=6.3
19/1000 000005_en_echelon fault=3.275% visible=0.865 attempts=3 seconds=3.5
20/1000 000401_negative_flower fault=3.579% visible=0.802 attempts=31 seconds=7.5
21/1000 000205_horsetail fault=3.340% visible=0.768 attempts=5 seconds=3.4
22/1000 000405_negative_flower fault=3.390% visible=0.848 attempts=7 seconds=4.0
23/1000 000605_positive_flower fault=4.087% visible=0.990 attempts=4 seconds=4.1
24/1000 000006_en_echelon fault=4.309% visible=0.915 attempts=3 seconds=4.0
25/1000 000606_positive_flower fault=4.761% visible=0.922 attempts=2 seconds=3.8
26/1000 000206_horsetail fault=2.675% visible=0.685 attempts=7 seconds=4.2
27/1000 000207_horsetail fault=3.000% visible=0.810 attempts=7 seconds=3.6
28/1000 000008_en_echelon fault=3.588% visible=0.945 attempts=1 seconds=3.3
29/1000 000607_positive_flower fault=4.825% visible=0.954 attempts=2 seconds=3.8
30/1000 000208_horsetail fault=2.966% visible=0.786 attempts=4 seconds=3.4
31/1000 000007_en_echelon fault=3.775% visible=0.977 attempts=7 seconds=4.6
32/1000 000408_negative_flower fault=3.268% visible=0.833 attempts=2 seconds=3.2
33/1000 000800_listric_assemblage fault=2.621% visible=0.758 attempts=8 seconds=11.2
34/1000 000209_horsetail fault=2.961% visible=0.850 attempts=2 seconds=3.1
35/1000 000009_en_echelon fault=4.273% visible=0.911 attempts=1 seconds=3.6
36/1000 000400_negative_flower fault=3.808% visible=0.800 attempts=61 seconds=11.8
37/1000 000010_en_echelon fault=3.474% visible=0.895 attempts=1 seconds=3.5
38/1000 000608_positive_flower fault=4.874% visible=0.944 attempts=11 seconds=5.0
39/1000 000609_positive_flower fault=4.892% visible=0.992 attempts=2 seconds=3.8
40/1000 000610_positive_flower fault=3.139% visible=0.986 attempts=6 seconds=3.8
41/1000 000404_negative_flower fault=3.347% visible=0.874 attempts=80 seconds=13.7
42/1000 000011_en_echelon fault=4.416% visible=0.906 attempts=5 seconds=4.2
43/1000 000411_negative_flower fault=2.254% visible=0.880 attempts=7 seconds=3.8
44/1000 000611_positive_flower fault=3.673% visible=0.950 attempts=1 seconds=3.4
45/1000 000012_en_echelon fault=3.612% visible=0.985 attempts=2 seconds=3.4
46/1000 000212_horsetail fault=2.215% visible=0.728 attempts=5 seconds=3.3
47/1000 000412_negative_flower fault=3.099% visible=0.887 attempts=8 seconds=4.1
48/1000 000211_horsetail fault=2.460% visible=0.805 attempts=27 seconds=5.6
49/1000 000409_negative_flower fault=3.484% visible=0.827 attempts=47 seconds=9.3
50/1000 000210_horsetail fault=2.439% visible=0.790 attempts=47 seconds=8.3
51/1000 000213_horsetail fault=3.014% visible=0.657 attempts=1 seconds=3.3
52/1000 000013_en_echelon fault=4.098% visible=0.942 attempts=2 seconds=3.8
53/1000 000407_negative_flower fault=3.964% visible=0.892 attempts=75 seconds=13.2
54/1000 000612_positive_flower fault=4.691% visible=0.985 attempts=11 seconds=5.4
55/1000 000613_positive_flower fault=4.826% visible=0.945 attempts=4 seconds=3.6
56/1000 000410_negative_flower fault=2.991% visible=0.802 attempts=43 seconds=10.3
57/1000 000014_en_echelon fault=3.816% visible=0.982 attempts=1 seconds=3.6
58/1000 000614_positive_flower fault=4.975% visible=0.928 attempts=1 seconds=3.2
59/1000 000215_horsetail fault=2.585% visible=0.819 attempts=1 seconds=2.9
60/1000 000413_negative_flower fault=4.118% visible=0.780 attempts=26 seconds=6.5
61/1000 000015_en_echelon fault=3.816% visible=0.969 attempts=2 seconds=3.5
62/1000 000214_horsetail fault=2.209% visible=0.859 attempts=28 seconds=5.8
63/1000 000414_negative_flower fault=3.754% visible=0.904 attempts=23 seconds=6.0
64/1000 000615_positive_flower fault=4.659% visible=0.956 attempts=7 seconds=4.4
65/1000 000016_en_echelon fault=4.460% visible=0.950 attempts=6 seconds=4.0
66/1000 000216_horsetail fault=2.108% visible=0.824 attempts=9 seconds=3.6
67/1000 000616_positive_flower fault=2.974% visible=0.902 attempts=2 seconds=3.3
68/1000 000017_en_echelon fault=3.428% visible=0.943 attempts=3 seconds=3.5
69/1000 000406_negative_flower fault=3.419% visible=0.750 attempts=147 seconds=21.5
70/1000 000417_negative_flower fault=3.838% visible=0.855 attempts=3 seconds=3.3
71/1000 000617_positive_flower fault=4.492% visible=0.982 attempts=1 seconds=3.3
72/1000 000217_horsetail fault=2.804% visible=0.725 attempts=13 seconds=4.2
73/1000 000018_en_echelon fault=4.037% visible=0.986 attempts=1 seconds=3.6
74/1000 000815_listric_assemblage fault=3.205% visible=0.771 attempts=7 seconds=8.7
75/1000 000218_horsetail fault=2.687% visible=0.700 attempts=3 seconds=3.0
76/1000 000416_negative_flower fault=2.889% visible=0.925 attempts=42 seconds=7.9
77/1000 000418_negative_flower fault=3.871% visible=0.882 attempts=3 seconds=3.7
78/1000 000618_positive_flower fault=5.132% visible=0.898 attempts=6 seconds=3.8
79/1000 000415_negative_flower fault=3.676% visible=0.869 attempts=75 seconds=12.2
80/1000 000019_en_echelon fault=4.095% visible=0.872 attempts=3 seconds=3.7
81/1000 000219_horsetail fault=2.423% visible=0.787 attempts=3 seconds=3.1
82/1000 000020_en_echelon fault=4.858% visible=0.974 attempts=1 seconds=3.5
83/1000 000619_positive_flower fault=4.359% visible=0.945 attempts=6 seconds=4.6
84/1000 000220_horsetail fault=1.963% visible=0.853 attempts=9 seconds=3.8
85/1000 000620_positive_flower fault=4.734% visible=0.996 attempts=2 seconds=3.8
86/1000 000021_en_echelon fault=4.411% visible=0.957 attempts=1 seconds=3.6
87/1000 000420_negative_flower fault=3.932% visible=0.917 attempts=25 seconds=6.1
88/1000 000221_horsetail fault=2.432% visible=0.814 attempts=10 seconds=3.7
89/1000 000419_negative_flower fault=3.516% visible=0.849 attempts=59 seconds=9.6
90/1000 000621_positive_flower fault=4.560% visible=0.904 attempts=6 seconds=4.4
91/1000 000222_horsetail fault=2.673% visible=0.696 attempts=4 seconds=3.1
92/1000 000022_en_echelon fault=4.613% visible=0.904 attempts=2 seconds=4.2
93/1000 000820_listric_assemblage fault=3.127% visible=0.624 attempts=6 seconds=10.2
94/1000 000622_positive_flower fault=3.440% visible=0.832 attempts=7 seconds=3.7
95/1000 000421_negative_flower fault=3.837% visible=0.825 attempts=60 seconds=10.1
96/1000 000023_en_echelon fault=3.579% visible=0.943 attempts=3 seconds=3.7
97/1000 000223_horsetail fault=3.073% visible=0.850 attempts=14 seconds=4.4
98/1000 000623_positive_flower fault=3.399% visible=0.912 attempts=1 seconds=3.0
99/1000 000812_listric_assemblage fault=2.383% visible=0.729 attempts=28 seconds=35.5
100/1000 000024_en_echelon fault=3.361% visible=0.868 attempts=1 seconds=3.3
101/1000 000805_listric_assemblage fault=2.754% visible=0.750 attempts=40 seconds=45.6
102/1000 000813_listric_assemblage fault=3.143% visible=0.746 attempts=34 seconds=34.0
103/1000 000422_negative_flower fault=4.109% visible=0.816 attempts=77 seconds=12.3
104/1000 000423_negative_flower fault=3.284% visible=0.888 attempts=30 seconds=7.3
105/1000 000224_horsetail fault=2.386% visible=0.739 attempts=1 seconds=2.8
106/1000 000818_listric_assemblage fault=3.296% visible=0.806 attempts=24 seconds=23.8
107/1000 000025_en_echelon fault=3.373% visible=0.934 attempts=1 seconds=3.5
108/1000 000624_positive_flower fault=4.498% visible=0.902 attempts=4 seconds=3.7
109/1000 000225_horsetail fault=1.991% visible=0.861 attempts=1 seconds=2.8
110/1000 000625_positive_flower fault=3.264% visible=0.948 attempts=4 seconds=3.3
111/1000 000424_negative_flower fault=3.680% visible=0.889 attempts=15 seconds=4.9
112/1000 000804_listric_assemblage fault=3.320% visible=0.718 attempts=49 seconds=50.5
113/1000 000823_listric_assemblage fault=2.705% visible=0.845 attempts=7 seconds=10.7
114/1000 000226_horsetail fault=3.363% visible=0.794 attempts=5 seconds=3.5
115/1000 000026_en_echelon fault=3.056% visible=0.970 attempts=6 seconds=3.7
116/1000 000626_positive_flower fault=4.230% visible=0.875 attempts=3 seconds=3.6
117/1000 000027_en_echelon fault=4.442% visible=0.935 attempts=5 seconds=3.7
118/1000 000426_negative_flower fault=3.412% visible=0.799 attempts=15 seconds=4.6
119/1000 000227_horsetail fault=2.412% visible=0.746 attempts=3 seconds=3.0
120/1000 000627_positive_flower fault=4.932% visible=0.985 attempts=6 seconds=3.7
121/1000 000228_horsetail fault=2.458% visible=0.746 attempts=2 seconds=2.9
122/1000 000028_en_echelon fault=3.896% visible=0.938 attempts=1 seconds=3.4
123/1000 000425_negative_flower fault=4.036% visible=0.740 attempts=73 seconds=12.2
124/1000 000628_positive_flower fault=4.547% visible=0.866 attempts=2 seconds=3.8
125/1000 000029_en_echelon fault=3.110% visible=0.966 attempts=1 seconds=3.2
126/1000 000808_listric_assemblage fault=3.045% visible=0.708 attempts=55 seconds=57.4
127/1000 000428_negative_flower fault=3.484% visible=0.910 attempts=35 seconds=7.1
128/1000 000229_horsetail fault=2.726% visible=0.790 attempts=4 seconds=3.4
129/1000 000427_negative_flower fault=4.335% visible=0.848 attempts=60 seconds=10.6
130/1000 000629_positive_flower fault=4.817% visible=0.976 attempts=2 seconds=3.8
131/1000 000230_horsetail fault=3.017% visible=0.819 attempts=2 seconds=3.1
132/1000 000030_en_echelon fault=2.835% visible=0.941 attempts=3 seconds=4.0
133/1000 000429_negative_flower fault=4.101% visible=0.874 attempts=25 seconds=6.2
134/1000 000630_positive_flower fault=4.549% visible=0.944 attempts=1 seconds=3.5
135/1000 000031_en_echelon fault=3.720% visible=0.996 attempts=3 seconds=3.5
136/1000 000827_listric_assemblage fault=3.167% visible=0.733 attempts=19 seconds=16.1
137/1000 000829_listric_assemblage fault=2.687% visible=0.696 attempts=16 seconds=11.3
138/1000 000430_negative_flower fault=3.793% visible=0.900 attempts=41 seconds=8.8
139/1000 000631_positive_flower fault=3.811% visible=0.922 attempts=4 seconds=3.5
140/1000 000431_negative_flower fault=3.849% visible=0.859 attempts=22 seconds=5.7
141/1000 000231_horsetail fault=3.092% visible=0.674 attempts=44 seconds=8.0
142/1000 000232_horsetail fault=2.190% visible=0.769 attempts=2 seconds=3.1
143/1000 000032_en_echelon fault=4.315% visible=0.977 attempts=3 seconds=3.8
144/1000 000632_positive_flower fault=5.016% visible=0.973 attempts=2 seconds=3.4
145/1000 000033_en_echelon fault=3.482% visible=0.921 attempts=1 seconds=3.4
146/1000 000432_negative_flower fault=3.366% visible=0.943 attempts=23 seconds=6.3
147/1000 000233_horsetail fault=2.786% visible=0.712 attempts=7 seconds=3.5
148/1000 000433_negative_flower fault=3.561% visible=0.891 attempts=11 seconds=4.3
149/1000 000633_positive_flower fault=4.602% visible=0.931 attempts=1 seconds=3.7
150/1000 000034_en_echelon fault=4.560% visible=0.870 attempts=1 seconds=3.5
151/1000 000234_horsetail fault=3.257% visible=0.698 attempts=3 seconds=3.2
152/1000 000810_listric_assemblage fault=3.411% visible=0.711 attempts=84 seconds=78.9
153/1000 000634_positive_flower fault=4.584% visible=0.996 attempts=2 seconds=3.5
154/1000 000035_en_echelon fault=3.660% visible=0.907 attempts=2 seconds=3.2
155/1000 000235_horsetail fault=2.370% visible=0.785 attempts=8 seconds=3.7
156/1000 000434_negative_flower fault=3.821% visible=0.879 attempts=47 seconds=8.4
157/1000 000811_listric_assemblage fault=3.470% visible=0.723 attempts=87 seconds=83.8
158/1000 000806_listric_assemblage fault=2.429% visible=0.785 attempts=109 seconds=91.9
159/1000 000635_positive_flower fault=4.881% visible=0.935 attempts=2 seconds=3.6
160/1000 000830_listric_assemblage fault=2.471% visible=0.745 attempts=28 seconds=28.5
161/1000 000832_listric_assemblage fault=2.892% visible=0.798 attempts=18 seconds=20.0
162/1000 000036_en_echelon fault=3.206% visible=0.967 attempts=3 seconds=3.3
163/1000 000816_listric_assemblage fault=2.881% visible=0.662 attempts=94 seconds=77.0
164/1000 000636_positive_flower fault=2.999% visible=0.931 attempts=3 seconds=3.3
165/1000 000825_listric_assemblage fault=3.553% visible=0.730 attempts=60 seconds=50.4
166/1000 000037_en_echelon fault=3.602% visible=0.978 attempts=1 seconds=3.4
167/1000 000236_horsetail fault=2.909% visible=0.802 attempts=9 seconds=5.5
168/1000 000828_listric_assemblage fault=2.901% visible=0.757 attempts=45 seconds=41.5
169/1000 000435_negative_flower fault=3.500% visible=0.882 attempts=64 seconds=11.8
170/1000 000237_horsetail fault=3.317% visible=0.786 attempts=14 seconds=4.7
171/1000 000637_positive_flower fault=3.867% visible=0.975 attempts=2 seconds=3.6
172/1000 000436_negative_flower fault=3.315% visible=0.876 attempts=25 seconds=7.7
173/1000 000438_negative_flower fault=3.217% visible=0.861 attempts=4 seconds=3.5
174/1000 000638_positive_flower fault=3.559% visible=0.974 attempts=3 seconds=3.5
175/1000 000038_en_echelon fault=4.228% visible=0.944 attempts=10 seconds=4.9
176/1000 000238_horsetail fault=2.972% visible=0.733 attempts=24 seconds=5.4
177/1000 000824_listric_assemblage fault=2.325% visible=0.778 attempts=66 seconds=59.1
178/1000 000039_en_echelon fault=3.484% visible=0.979 attempts=4 seconds=4.3
179/1000 000639_positive_flower fault=4.572% visible=0.927 attempts=3 seconds=3.4
180/1000 000439_negative_flower fault=3.749% visible=0.846 attempts=7 seconds=3.7
181/1000 000239_horsetail fault=2.555% visible=0.821 attempts=14 seconds=4.4
182/1000 000040_en_echelon fault=4.317% visible=0.933 attempts=2 seconds=3.5
183/1000 000240_horsetail fault=2.964% visible=0.823 attempts=4 seconds=3.3
184/1000 000440_negative_flower fault=3.110% visible=0.866 attempts=8 seconds=3.7
185/1000 000640_positive_flower fault=4.979% visible=0.974 attempts=1 seconds=3.5
186/1000 000041_en_echelon fault=4.114% visible=0.989 attempts=3 seconds=3.3
187/1000 000241_horsetail fault=2.967% visible=0.704 attempts=1 seconds=2.9
188/1000 000437_negative_flower fault=4.157% visible=0.893 attempts=104 seconds=15.6
189/1000 000641_positive_flower fault=4.135% visible=0.975 attempts=1 seconds=3.1
190/1000 000042_en_echelon fault=4.114% visible=0.923 attempts=1 seconds=3.4
191/1000 000840_listric_assemblage fault=2.699% visible=0.746 attempts=9 seconds=8.4
192/1000 000814_listric_assemblage fault=2.932% visible=0.823 attempts=105 seconds=101.7
193/1000 000242_horsetail fault=2.339% visible=0.818 attempts=11 seconds=4.0
194/1000 000835_listric_assemblage fault=2.997% visible=0.825 attempts=27 seconds=26.5
195/1000 000442_negative_flower fault=3.344% visible=0.946 attempts=9 seconds=4.1
196/1000 000826_listric_assemblage fault=2.821% visible=0.676 attempts=66 seconds=67.9
197/1000 000441_negative_flower fault=3.462% visible=0.887 attempts=43 seconds=8.1
198/1000 000642_positive_flower fault=4.614% visible=0.952 attempts=1 seconds=3.3
199/1000 000838_listric_assemblage fault=3.285% visible=0.545 attempts=18 seconds=18.0
200/1000 000243_horsetail fault=3.056% visible=0.810 attempts=6 seconds=3.5
201/1000 000043_en_echelon fault=3.959% visible=0.937 attempts=9 seconds=4.5
202/1000 000643_positive_flower fault=3.372% visible=0.925 attempts=1 seconds=3.0
203/1000 000443_negative_flower fault=3.147% visible=0.919 attempts=4 seconds=3.5
204/1000 000244_horsetail fault=3.145% visible=0.760 attempts=4 seconds=3.2
205/1000 000044_en_echelon fault=3.809% visible=0.910 attempts=2 seconds=3.7
206/1000 000644_positive_flower fault=3.902% visible=0.933 attempts=4 seconds=3.6
207/1000 000045_en_echelon fault=3.348% visible=0.984 attempts=1 seconds=3.1
208/1000 000444_negative_flower fault=3.848% visible=0.893 attempts=21 seconds=5.5
209/1000 000245_horsetail fault=3.345% visible=0.790 attempts=17 seconds=4.7
210/1000 000645_positive_flower fault=4.752% visible=0.987 attempts=2 seconds=3.6
211/1000 000831_listric_assemblage fault=2.453% visible=0.653 attempts=64 seconds=57.4
212/1000 000046_en_echelon fault=4.217% visible=0.884 attempts=3 seconds=4.2
213/1000 000246_horsetail fault=2.777% visible=0.819 attempts=10 seconds=3.8
214/1000 000445_negative_flower fault=3.925% visible=0.826 attempts=33 seconds=6.8
215/1000 000646_positive_flower fault=4.810% visible=0.991 attempts=2 seconds=3.5
216/1000 000446_negative_flower fault=3.386% visible=0.885 attempts=19 seconds=5.7
217/1000 000047_en_echelon fault=3.542% visible=0.962 attempts=3 seconds=3.4
218/1000 000247_horsetail fault=2.360% visible=0.832 attempts=1 seconds=2.8
219/1000 000647_positive_flower fault=4.643% visible=0.982 attempts=4 seconds=3.8
220/1000 000048_en_echelon fault=3.737% visible=0.848 attempts=1 seconds=3.2
221/1000 000248_horsetail fault=3.047% visible=0.761 attempts=4 seconds=3.3
222/1000 000447_negative_flower fault=2.827% visible=0.915 attempts=32 seconds=6.9
223/1000 000846_listric_assemblage fault=2.960% visible=0.724 attempts=10 seconds=9.3
224/1000 000822_listric_assemblage fault=2.942% visible=0.765 attempts=129 seconds=101.3
225/1000 000448_negative_flower fault=3.487% visible=0.921 attempts=16 seconds=4.9
226/1000 000648_positive_flower fault=4.670% visible=0.968 attempts=2 seconds=3.8
227/1000 000049_en_echelon fault=3.344% visible=0.959 attempts=1 seconds=3.3
228/1000 000809_listric_assemblage fault=2.616% visible=0.758 attempts=158 seconds=135.7
229/1000 000649_positive_flower fault=3.165% visible=0.940 attempts=1 seconds=3.0
230/1000 000249_horsetail fault=2.722% visible=0.787 attempts=7 seconds=5.1
231/1000 000836_listric_assemblage fault=2.847% visible=0.782 attempts=48 seconds=47.0
232/1000 000050_en_echelon fault=4.127% visible=0.952 attempts=3 seconds=3.7
233/1000 000450_negative_flower fault=2.794% visible=0.920 attempts=10 seconds=4.2
234/1000 000250_horsetail fault=2.196% visible=0.733 attempts=15 seconds=5.0
235/1000 000650_positive_flower fault=4.813% visible=0.890 attempts=2 seconds=4.3
236/1000 000449_negative_flower fault=3.466% visible=0.889 attempts=37 seconds=8.2
237/1000 000051_en_echelon fault=4.412% visible=0.947 attempts=1 seconds=4.4
238/1000 000251_horsetail fault=2.477% visible=0.783 attempts=3 seconds=3.0
239/1000 000651_positive_flower fault=4.866% visible=0.951 attempts=2 seconds=3.9
240/1000 000052_en_echelon fault=4.532% visible=0.997 attempts=2 seconds=3.6
241/1000 000451_negative_flower fault=3.861% visible=0.905 attempts=18 seconds=5.7
242/1000 000252_horsetail fault=2.932% visible=0.729 attempts=3 seconds=3.1
243/1000 000851_listric_assemblage fault=3.084% visible=0.714 attempts=6 seconds=7.5
244/1000 000652_positive_flower fault=4.873% visible=0.884 attempts=1 seconds=3.5
245/1000 000452_negative_flower fault=3.553% visible=0.749 attempts=10 seconds=4.6
246/1000 000053_en_echelon fault=3.140% visible=0.901 attempts=4 seconds=4.0
247/1000 000802_listric_assemblage fault=2.632% visible=0.798 attempts=177 seconds=160.7
248/1000 000253_horsetail fault=2.435% visible=0.834 attempts=5 seconds=3.4
249/1000 000653_positive_flower fault=4.705% visible=0.993 attempts=2 seconds=3.7
250/1000 000453_negative_flower fault=4.257% visible=0.845 attempts=7 seconds=4.0
251/1000 000254_horsetail fault=2.485% visible=0.729 attempts=1 seconds=2.9
252/1000 000054_en_echelon fault=4.461% visible=0.983 attempts=1 seconds=3.7
253/1000 000454_negative_flower fault=4.155% visible=0.848 attempts=4 seconds=3.5
254/1000 000654_positive_flower fault=3.447% visible=0.958 attempts=5 seconds=3.7
255/1000 000849_listric_assemblage fault=3.424% visible=0.677 attempts=24 seconds=25.3
256/1000 000055_en_echelon fault=4.078% visible=0.975 attempts=1 seconds=3.6
257/1000 000255_horsetail fault=3.281% visible=0.854 attempts=19 seconds=5.0
258/1000 000655_positive_flower fault=3.784% visible=0.970 attempts=6 seconds=4.1
259/1000 000056_en_echelon fault=3.288% visible=0.985 attempts=1 seconds=3.3
260/1000 000852_listric_assemblage fault=2.630% visible=0.718 attempts=21 seconds=18.5
261/1000 000821_listric_assemblage fault=3.065% visible=0.804 attempts=147 seconds=137.4
262/1000 000455_negative_flower fault=4.328% visible=0.833 attempts=48 seconds=9.9
263/1000 000256_horsetail fault=2.837% visible=0.786 attempts=15 seconds=4.5
264/1000 000656_positive_flower fault=4.892% visible=0.988 attempts=5 seconds=3.9
265/1000 000833_listric_assemblage fault=3.078% visible=0.770 attempts=94 seconds=95.5
266/1000 000801_listric_assemblage fault=2.707% visible=0.799 attempts=207 seconds=179.3
267/1000 000257_horsetail fault=2.730% visible=0.643 attempts=4 seconds=3.2
268/1000 000456_negative_flower fault=3.953% visible=0.890 attempts=25 seconds=6.1
269/1000 000057_en_echelon fault=3.209% visible=0.887 attempts=9 seconds=4.6
270/1000 000657_positive_flower fault=4.858% visible=0.975 attempts=4 seconds=3.6
271/1000 000058_en_echelon fault=3.830% visible=0.996 attempts=5 seconds=3.8
272/1000 000839_listric_assemblage fault=2.634% visible=0.755 attempts=83 seconds=75.9
273/1000 000258_horsetail fault=3.047% visible=0.714 attempts=14 seconds=4.2
274/1000 000658_positive_flower fault=4.356% visible=0.952 attempts=1 seconds=3.2
275/1000 000457_negative_flower fault=3.848% visible=0.831 attempts=26 seconds=8.2
276/1000 000458_negative_flower fault=3.714% visible=0.889 attempts=20 seconds=5.8
277/1000 000259_horsetail fault=2.085% visible=0.749 attempts=4 seconds=3.3
278/1000 000059_en_echelon fault=3.331% visible=0.905 attempts=2 seconds=3.6
279/1000 000459_negative_flower fault=3.072% visible=0.864 attempts=18 seconds=4.9
280/1000 000659_positive_flower fault=4.564% visible=0.941 attempts=6 seconds=4.7
281/1000 000260_horsetail fault=2.670% visible=0.838 attempts=8 seconds=3.7
282/1000 000857_listric_assemblage fault=3.470% visible=0.744 attempts=8 seconds=11.8
283/1000 000060_en_echelon fault=4.148% visible=0.942 attempts=5 seconds=4.6
284/1000 000460_negative_flower fault=3.531% visible=0.879 attempts=3 seconds=3.2
285/1000 000660_positive_flower fault=4.456% visible=0.910 attempts=1 seconds=3.4
286/1000 000261_horsetail fault=2.635% visible=0.828 attempts=1 seconds=2.9
287/1000 000061_en_echelon fault=3.492% visible=0.956 attempts=5 seconds=4.4
288/1000 000661_positive_flower fault=4.947% visible=0.941 attempts=3 seconds=3.6
289/1000 000062_en_echelon fault=4.370% visible=0.921 attempts=1 seconds=3.5
290/1000 000845_listric_assemblage fault=3.142% visible=0.541 attempts=89 seconds=72.3
291/1000 000262_horsetail fault=2.726% visible=0.821 attempts=4 seconds=3.1
292/1000 000462_negative_flower fault=2.854% visible=0.903 attempts=4 seconds=3.7
293/1000 000461_negative_flower fault=3.303% visible=0.828 attempts=32 seconds=9.4
294/1000 000662_positive_flower fault=4.533% visible=0.971 attempts=4 seconds=4.5
295/1000 000847_listric_assemblage fault=3.071% visible=0.814 attempts=67 seconds=70.4
296/1000 000063_en_echelon fault=4.184% visible=0.951 attempts=1 seconds=3.2
297/1000 000263_horsetail fault=2.236% visible=0.797 attempts=16 seconds=4.6
298/1000 000862_listric_assemblage fault=4.020% visible=0.650 attempts=7 seconds=7.1
299/1000 000663_positive_flower fault=3.616% visible=0.898 attempts=3 seconds=3.5
300/1000 000853_listric_assemblage fault=3.283% visible=0.799 attempts=74 seconds=49.8
301/1000 000463_negative_flower fault=4.245% visible=0.847 attempts=16 seconds=5.0
302/1000 000064_en_echelon fault=3.417% visible=0.965 attempts=1 seconds=3.3
303/1000 000264_horsetail fault=2.531% visible=0.819 attempts=6 seconds=3.4
304/1000 000664_positive_flower fault=4.446% visible=0.965 attempts=1 seconds=3.2
305/1000 000065_en_echelon fault=3.422% visible=1.000 attempts=1 seconds=3.1
306/1000 000464_negative_flower fault=2.662% visible=0.919 attempts=23 seconds=5.6
307/1000 000265_horsetail fault=3.508% visible=0.777 attempts=11 seconds=4.0
308/1000 000665_positive_flower fault=4.731% visible=0.952 attempts=6 seconds=4.1
309/1000 000066_en_echelon fault=4.371% visible=0.995 attempts=4 seconds=3.8
310/1000 000465_negative_flower fault=3.944% visible=0.852 attempts=45 seconds=8.2
311/1000 000266_horsetail fault=2.757% visible=0.813 attempts=14 seconds=4.7
312/1000 000666_positive_flower fault=4.059% visible=0.988 attempts=3 seconds=3.4
313/1000 000466_negative_flower fault=3.047% visible=0.890 attempts=14 seconds=5.1
314/1000 000837_listric_assemblage fault=4.567% visible=0.686 attempts=120 seconds=124.4
315/1000 000267_horsetail fault=2.128% visible=0.739 attempts=5 seconds=3.2
316/1000 000067_en_echelon fault=3.584% visible=0.925 attempts=2 seconds=3.6
317/1000 000817_listric_assemblage fault=2.660% visible=0.799 attempts=240 seconds=204.1
318/1000 000667_positive_flower fault=4.701% visible=1.000 attempts=5 seconds=4.3
319/1000 000068_en_echelon fault=3.933% visible=0.887 attempts=1 seconds=3.5
320/1000 000467_negative_flower fault=3.307% visible=0.830 attempts=26 seconds=6.5
321/1000 000268_horsetail fault=2.919% visible=0.726 attempts=3 seconds=3.1
322/1000 000854_listric_assemblage fault=2.722% visible=0.697 attempts=88 seconds=73.6
323/1000 000468_negative_flower fault=3.000% visible=0.899 attempts=31 seconds=7.3
324/1000 000668_positive_flower fault=4.707% visible=0.965 attempts=10 seconds=6.9
325/1000 000069_en_echelon fault=4.049% visible=0.948 attempts=4 seconds=3.5
326/1000 000842_listric_assemblage fault=2.245% visible=0.755 attempts=125 seconds=122.6
327/1000 000469_negative_flower fault=3.167% visible=0.927 attempts=14 seconds=4.7
328/1000 000669_positive_flower fault=4.368% visible=0.970 attempts=5 seconds=4.1
329/1000 000269_horsetail fault=3.090% visible=0.819 attempts=43 seconds=7.6
330/1000 000070_en_echelon fault=2.946% visible=0.925 attempts=1 seconds=3.2
331/1000 000864_listric_assemblage fault=2.942% visible=0.790 attempts=47 seconds=39.2
332/1000 000270_horsetail fault=2.785% visible=0.721 attempts=12 seconds=4.0
333/1000 000470_negative_flower fault=3.968% visible=0.876 attempts=14 seconds=4.6
334/1000 000865_listric_assemblage fault=2.571% visible=0.706 attempts=33 seconds=37.2
335/1000 000670_positive_flower fault=4.835% visible=0.991 attempts=6 seconds=4.4
336/1000 000071_en_echelon fault=4.721% visible=0.848 attempts=2 seconds=3.7
337/1000 000858_listric_assemblage fault=3.117% visible=0.777 attempts=74 seconds=70.1
338/1000 000271_horsetail fault=1.946% visible=0.754 attempts=7 seconds=3.4
339/1000 000671_positive_flower fault=4.082% visible=0.964 attempts=2 seconds=3.5
340/1000 000471_negative_flower fault=4.021% visible=0.856 attempts=15 seconds=4.7
341/1000 000072_en_echelon fault=3.149% visible=0.962 attempts=6 seconds=3.7
342/1000 000841_listric_assemblage fault=3.371% visible=0.710 attempts=179 seconds=143.2
343/1000 000272_horsetail fault=2.776% visible=0.812 attempts=4 seconds=3.9
344/1000 000472_negative_flower fault=3.262% visible=0.890 attempts=1 seconds=3.3
345/1000 000672_positive_flower fault=4.302% visible=0.880 attempts=6 seconds=4.1
346/1000 000860_listric_assemblage fault=3.204% visible=0.745 attempts=82 seconds=70.2
347/1000 000073_en_echelon fault=2.823% visible=0.882 attempts=2 seconds=3.7
348/1000 000473_negative_flower fault=3.910% visible=0.878 attempts=6 seconds=3.9
349/1000 000869_listric_assemblage fault=3.580% visible=0.754 attempts=16 seconds=22.8
350/1000 000673_positive_flower fault=4.371% visible=0.965 attempts=6 seconds=4.5
351/1000 000273_horsetail fault=2.272% visible=0.774 attempts=27 seconds=6.4
352/1000 000873_listric_assemblage fault=2.733% visible=0.612 attempts=4 seconds=4.8
353/1000 000074_en_echelon fault=3.963% visible=0.876 attempts=2 seconds=3.6
354/1000 000856_listric_assemblage fault=3.637% visible=0.678 attempts=94 seconds=92.3
355/1000 000274_horsetail fault=2.326% visible=0.815 attempts=9 seconds=3.9
356/1000 000843_listric_assemblage fault=2.675% visible=0.786 attempts=172 seconds=146.1
357/1000 000674_positive_flower fault=4.903% visible=0.880 attempts=1 seconds=3.3
358/1000 000275_horsetail fault=2.737% visible=0.740 attempts=1 seconds=2.8
359/1000 000075_en_echelon fault=4.367% visible=0.893 attempts=3 seconds=3.8
360/1000 000675_positive_flower fault=4.298% visible=0.991 attempts=1 seconds=3.4
361/1000 000859_listric_assemblage fault=2.683% visible=0.673 attempts=88 seconds=84.5
362/1000 000076_en_echelon fault=3.493% visible=0.940 attempts=4 seconds=3.4
363/1000 000276_horsetail fault=2.867% visible=0.815 attempts=12 seconds=4.1
364/1000 000474_negative_flower fault=3.600% visible=0.916 attempts=43 seconds=8.2
365/1000 000676_positive_flower fault=4.948% visible=0.957 attempts=2 seconds=3.3
366/1000 000077_en_echelon fault=4.200% visible=0.838 attempts=1 seconds=3.6
367/1000 000807_listric_assemblage fault=3.140% visible=0.716 attempts=327 seconds=270.6
368/1000 000475_negative_flower fault=3.657% visible=0.882 attempts=56 seconds=9.9
369/1000 000677_positive_flower fault=4.141% visible=0.893 attempts=1 seconds=3.2
370/1000 000277_horsetail fault=2.946% visible=0.787 attempts=13 seconds=4.3
371/1000 000078_en_echelon fault=2.813% visible=0.987 attempts=1 seconds=3.2
372/1000 000278_horsetail fault=2.589% visible=0.696 attempts=8 seconds=3.6
373/1000 000477_negative_flower fault=3.775% visible=0.886 attempts=38 seconds=7.3
374/1000 000476_negative_flower fault=3.434% visible=0.914 attempts=62 seconds=11.2
375/1000 000678_positive_flower fault=4.189% visible=0.952 attempts=3 seconds=3.8
376/1000 000478_negative_flower fault=3.790% visible=0.899 attempts=25 seconds=5.7
377/1000 000079_en_echelon fault=3.869% visible=0.882 attempts=2 seconds=3.3
378/1000 000844_listric_assemblage fault=3.021% visible=0.868 attempts=170 seconds=159.8
379/1000 000679_positive_flower fault=4.817% visible=0.929 attempts=1 seconds=3.6
380/1000 000279_horsetail fault=2.516% visible=0.676 attempts=16 seconds=4.4
381/1000 000479_negative_flower fault=3.803% visible=0.880 attempts=12 seconds=4.8
382/1000 000080_en_echelon fault=4.017% visible=0.812 attempts=3 seconds=4.0
383/1000 000280_horsetail fault=2.317% visible=0.812 attempts=3 seconds=3.3
384/1000 000680_positive_flower fault=4.253% visible=0.891 attempts=1 seconds=3.2
385/1000 000875_listric_assemblage fault=2.565% visible=0.668 attempts=23 seconds=21.8
386/1000 000480_negative_flower fault=3.728% visible=0.866 attempts=22 seconds=5.7
387/1000 000081_en_echelon fault=3.698% visible=0.968 attempts=2 seconds=3.7
388/1000 000281_horsetail fault=1.952% visible=0.770 attempts=9 seconds=3.7
389/1000 000481_negative_flower fault=3.341% visible=0.883 attempts=17 seconds=5.0
390/1000 000681_positive_flower fault=4.443% visible=0.815 attempts=3 seconds=3.6
391/1000 000082_en_echelon fault=2.962% visible=0.984 attempts=1 seconds=3.2
392/1000 000282_horsetail fault=3.463% visible=0.685 attempts=6 seconds=3.5
393/1000 000848_listric_assemblage fault=4.016% visible=0.654 attempts=178 seconds=156.9
394/1000 000682_positive_flower fault=4.736% visible=0.962 attempts=1 seconds=3.4
395/1000 000482_negative_flower fault=3.326% visible=0.878 attempts=14 seconds=4.5
396/1000 000083_en_echelon fault=3.567% visible=0.981 attempts=1 seconds=3.2
397/1000 000283_horsetail fault=2.869% visible=0.751 attempts=16 seconds=4.7
398/1000 000683_positive_flower fault=3.567% visible=0.957 attempts=1 seconds=3.4
399/1000 000483_negative_flower fault=3.149% visible=0.891 attempts=11 seconds=4.4
400/1000 000084_en_echelon fault=4.243% visible=0.967 attempts=4 seconds=3.9
401/1000 000284_horsetail fault=2.593% visible=0.830 attempts=11 seconds=3.9
402/1000 000484_negative_flower fault=3.845% visible=0.824 attempts=17 seconds=4.9
403/1000 000684_positive_flower fault=4.621% visible=0.801 attempts=1 seconds=3.1
404/1000 000085_en_echelon fault=3.460% visible=0.922 attempts=1 seconds=3.4
405/1000 000285_horsetail fault=2.198% visible=0.751 attempts=8 seconds=3.5
406/1000 000485_negative_flower fault=3.097% visible=0.873 attempts=2 seconds=3.1
407/1000 000685_positive_flower fault=3.799% visible=0.948 attempts=1 seconds=3.1
408/1000 000855_listric_assemblage fault=3.434% visible=0.792 attempts=165 seconds=148.6
409/1000 000871_listric_assemblage fault=3.718% visible=0.765 attempts=76 seconds=64.3
410/1000 000086_en_echelon fault=3.428% visible=0.992 attempts=6 seconds=4.1
411/1000 000286_horsetail fault=3.212% visible=0.771 attempts=11 seconds=4.2
412/1000 000686_positive_flower fault=4.796% visible=0.964 attempts=3 seconds=4.2
413/1000 000867_listric_assemblage fault=3.200% visible=0.642 attempts=111 seconds=94.8
414/1000 000087_en_echelon fault=3.596% visible=0.910 attempts=4 seconds=3.4
415/1000 000287_horsetail fault=3.136% visible=0.791 attempts=7 seconds=3.5
416/1000 000687_positive_flower fault=4.100% visible=0.991 attempts=2 seconds=3.5
417/1000 000487_negative_flower fault=4.283% visible=0.906 attempts=5 seconds=3.8
418/1000 000882_listric_assemblage fault=1.794% visible=0.859 attempts=44 seconds=35.8
419/1000 000088_en_echelon fault=3.984% visible=0.989 attempts=2 seconds=3.6
420/1000 000885_listric_assemblage fault=3.540% visible=0.633 attempts=19 seconds=20.5
421/1000 000288_horsetail fault=3.018% visible=0.774 attempts=7 seconds=3.6
422/1000 000688_positive_flower fault=4.510% visible=0.955 attempts=1 seconds=3.4
423/1000 000877_listric_assemblage fault=3.641% visible=0.719 attempts=76 seconds=62.1
424/1000 000486_negative_flower fault=4.201% visible=0.842 attempts=151 seconds=22.3
425/1000 000488_negative_flower fault=3.631% visible=0.860 attempts=30 seconds=6.6
426/1000 000089_en_echelon fault=3.097% visible=0.938 attempts=1 seconds=3.1
427/1000 000289_horsetail fault=2.577% visible=0.847 attempts=9 seconds=3.8
428/1000 000881_listric_assemblage fault=2.537% visible=0.692 attempts=47 seconds=50.9
429/1000 000887_listric_assemblage fault=2.745% visible=0.659 attempts=16 seconds=12.9
430/1000 000689_positive_flower fault=4.571% visible=0.969 attempts=1 seconds=3.3
431/1000 000290_horsetail fault=2.234% visible=0.746 attempts=1 seconds=2.8
432/1000 000090_en_echelon fault=2.781% visible=0.977 attempts=2 seconds=3.4
433/1000 000489_negative_flower fault=2.870% visible=0.926 attempts=26 seconds=5.8
434/1000 000490_negative_flower fault=3.472% visible=0.831 attempts=6 seconds=3.5
435/1000 000690_positive_flower fault=4.786% visible=0.940 attempts=7 seconds=4.2
436/1000 000291_horsetail fault=3.418% visible=0.800 attempts=1 seconds=3.0
437/1000 000091_en_echelon fault=4.602% visible=0.997 attempts=2 seconds=3.7
438/1000 000850_listric_assemblage fault=3.364% visible=0.728 attempts=228 seconds=205.4
439/1000 000691_positive_flower fault=4.823% visible=0.981 attempts=4 seconds=4.0
440/1000 000092_en_echelon fault=3.379% visible=0.970 attempts=1 seconds=3.1
441/1000 000491_negative_flower fault=3.851% visible=0.841 attempts=29 seconds=6.7
442/1000 000880_listric_assemblage fault=3.560% visible=0.571 attempts=71 seconds=66.7
443/1000 000866_listric_assemblage fault=2.873% visible=0.661 attempts=151 seconds=131.6
444/1000 000692_positive_flower fault=4.787% visible=0.911 attempts=1 seconds=3.4
445/1000 000292_horsetail fault=2.320% visible=0.791 attempts=19 seconds=4.8
446/1000 000093_en_echelon fault=4.807% visible=0.963 attempts=4 seconds=3.7
447/1000 000293_horsetail fault=2.326% visible=0.761 attempts=4 seconds=3.1
448/1000 000693_positive_flower fault=4.710% visible=0.996 attempts=2 seconds=4.0
449/1000 000493_negative_flower fault=4.090% visible=0.834 attempts=16 seconds=5.1
450/1000 000094_en_echelon fault=3.868% visible=0.972 attempts=1 seconds=3.2
451/1000 000294_horsetail fault=3.005% visible=0.803 attempts=5 seconds=3.3
452/1000 000694_positive_flower fault=4.871% visible=0.928 attempts=2 seconds=4.7
453/1000 000494_negative_flower fault=3.196% visible=0.879 attempts=44 seconds=8.1
454/1000 000095_en_echelon fault=4.080% visible=0.943 attempts=4 seconds=4.0
455/1000 000889_listric_assemblage fault=2.895% visible=0.663 attempts=28 seconds=30.4
456/1000 000492_negative_flower fault=2.927% visible=0.836 attempts=139 seconds=19.3
457/1000 000695_positive_flower fault=4.745% visible=0.976 attempts=3 seconds=3.9
458/1000 000295_horsetail fault=3.051% visible=0.744 attempts=29 seconds=6.1
459/1000 000876_listric_assemblage fault=2.244% visible=0.842 attempts=112 seconds=104.3
460/1000 000495_negative_flower fault=3.131% visible=0.888 attempts=25 seconds=6.0
461/1000 000096_en_echelon fault=4.601% visible=0.981 attempts=1 seconds=3.6
462/1000 000296_horsetail fault=2.283% visible=0.822 attempts=8 seconds=4.0
463/1000 000894_listric_assemblage fault=3.564% visible=0.771 attempts=14 seconds=16.1
464/1000 000696_positive_flower fault=4.739% visible=0.991 attempts=5 seconds=4.6
465/1000 000884_listric_assemblage fault=2.927% visible=0.827 attempts=84 seconds=76.6
466/1000 000097_en_echelon fault=4.328% visible=0.817 attempts=1 seconds=3.7
467/1000 000890_listric_assemblage fault=2.843% visible=0.701 attempts=38 seconds=38.6
468/1000 000870_listric_assemblage fault=3.844% visible=0.768 attempts=144 seconds=134.3
469/1000 000895_listric_assemblage fault=2.893% visible=0.747 attempts=9 seconds=13.5
470/1000 000697_positive_flower fault=3.981% visible=0.998 attempts=1 seconds=3.4
471/1000 000496_negative_flower fault=4.088% visible=0.872 attempts=38 seconds=10.4
472/1000 000297_horsetail fault=2.579% visible=0.772 attempts=32 seconds=6.6
473/1000 000298_horsetail fault=2.829% visible=0.836 attempts=1 seconds=3.0
474/1000 000098_en_echelon fault=4.415% visible=0.913 attempts=5 seconds=5.0
475/1000 000698_positive_flower fault=4.564% visible=0.914 attempts=1 seconds=3.7
476/1000 000498_negative_flower fault=3.392% visible=0.902 attempts=22 seconds=5.5
477/1000 000497_negative_flower fault=3.764% visible=0.887 attempts=50 seconds=10.0
478/1000 000299_horsetail fault=2.432% visible=0.867 attempts=14 seconds=4.7
479/1000 000699_positive_flower fault=3.808% visible=0.932 attempts=1 seconds=3.4
480/1000 000099_en_echelon fault=3.811% visible=0.873 attempts=7 seconds=7.2
481/1000 000100_en_echelon fault=3.758% visible=0.997 attempts=2 seconds=3.5
482/1000 000300_horsetail fault=2.142% visible=0.808 attempts=6 seconds=3.5
483/1000 000700_positive_flower fault=4.240% visible=0.997 attempts=1 seconds=3.6
484/1000 000499_negative_flower fault=2.876% visible=0.928 attempts=56 seconds=10.0
485/1000 000101_en_echelon fault=4.267% visible=0.982 attempts=1 seconds=3.6
486/1000 000301_horsetail fault=3.051% visible=0.794 attempts=13 seconds=4.4
487/1000 000701_positive_flower fault=4.844% visible=0.998 attempts=4 seconds=3.9
488/1000 000102_en_echelon fault=3.768% visible=0.893 attempts=3 seconds=4.1
489/1000 000879_listric_assemblage fault=2.724% visible=0.729 attempts=131 seconds=124.7
490/1000 000834_listric_assemblage fault=2.251% visible=0.790 attempts=363 seconds=319.0
491/1000 000500_negative_flower fault=3.227% visible=0.906 attempts=94 seconds=15.6
492/1000 000891_listric_assemblage fault=2.614% visible=0.818 attempts=68 seconds=60.5
493/1000 000302_horsetail fault=1.740% visible=0.800 attempts=12 seconds=4.0
494/1000 000702_positive_flower fault=4.146% visible=0.907 attempts=2 seconds=3.2
495/1000 000103_en_echelon fault=4.371% visible=0.942 attempts=1 seconds=3.2
496/1000 000501_negative_flower fault=3.167% visible=0.879 attempts=98 seconds=14.8
497/1000 000502_negative_flower fault=3.401% visible=0.859 attempts=24 seconds=6.1
498/1000 000503_negative_flower fault=3.643% visible=0.863 attempts=3 seconds=3.2
499/1000 000303_horsetail fault=2.742% visible=0.721 attempts=14 seconds=4.8
500/1000 000703_positive_flower fault=4.761% visible=0.982 attempts=6 seconds=4.2
501/1000 000104_en_echelon fault=4.373% visible=0.935 attempts=3 seconds=3.6
502/1000 000504_negative_flower fault=3.614% visible=0.886 attempts=2 seconds=3.1
503/1000 000304_horsetail fault=2.975% visible=0.777 attempts=21 seconds=5.2
504/1000 000704_positive_flower fault=4.690% visible=0.928 attempts=5 seconds=3.9
505/1000 000105_en_echelon fault=2.965% visible=0.914 attempts=1 seconds=3.1
506/1000 000305_horsetail fault=2.751% visible=0.736 attempts=4 seconds=3.2
507/1000 000897_listric_assemblage fault=2.012% visible=0.690 attempts=39 seconds=40.8
508/1000 000705_positive_flower fault=4.053% visible=0.923 attempts=1 seconds=3.4
509/1000 000505_negative_flower fault=3.122% visible=0.878 attempts=23 seconds=5.6
510/1000 000900_listric_assemblage fault=2.723% visible=0.673 attempts=28 seconds=31.9
511/1000 000106_en_echelon fault=4.227% visible=0.893 attempts=1 seconds=3.6
512/1000 000306_horsetail fault=3.277% visible=0.709 attempts=1 seconds=3.0
513/1000 000706_positive_flower fault=4.302% visible=0.987 attempts=7 seconds=4.1
514/1000 000905_listric_assemblage fault=2.884% visible=0.697 attempts=4 seconds=8.4
515/1000 000107_en_echelon fault=3.793% visible=0.942 attempts=2 seconds=3.5
516/1000 000906_listric_assemblage fault=2.461% visible=0.833 attempts=7 seconds=6.2
517/1000 000896_listric_assemblage fault=2.664% visible=0.793 attempts=53 seconds=55.0
518/1000 000506_negative_flower fault=3.043% visible=0.787 attempts=42 seconds=8.3
519/1000 000507_negative_flower fault=3.544% visible=0.867 attempts=2 seconds=3.1
520/1000 000307_horsetail fault=2.754% visible=0.781 attempts=16 seconds=4.4
521/1000 000707_positive_flower fault=4.735% visible=0.881 attempts=2 seconds=3.5
522/1000 000108_en_echelon fault=4.017% visible=0.895 attempts=1 seconds=3.5
523/1000 000308_horsetail fault=2.251% visible=0.783 attempts=8 seconds=3.6
524/1000 000508_negative_flower fault=2.986% visible=0.864 attempts=3 seconds=3.5
525/1000 000708_positive_flower fault=4.698% visible=0.987 attempts=2 seconds=3.6
526/1000 000109_en_echelon fault=2.637% visible=0.980 attempts=1 seconds=3.4
527/1000 000309_horsetail fault=2.971% visible=0.832 attempts=7 seconds=3.6
528/1000 000709_positive_flower fault=4.799% visible=0.969 attempts=1 seconds=3.1
529/1000 000110_en_echelon fault=3.337% visible=0.866 attempts=1 seconds=2.9
530/1000 000310_horsetail fault=3.338% visible=0.827 attempts=3 seconds=3.1
531/1000 000710_positive_flower fault=4.738% visible=0.994 attempts=1 seconds=3.6
532/1000 000510_negative_flower fault=3.548% visible=0.853 attempts=11 seconds=4.3
533/1000 000819_listric_assemblage fault=3.391% visible=0.665 attempts=447 seconds=419.6
534/1000 000509_negative_flower fault=3.167% visible=0.908 attempts=74 seconds=11.8
535/1000 000909_listric_assemblage fault=3.444% visible=0.856 attempts=6 seconds=10.5
536/1000 000111_en_echelon fault=4.552% visible=0.955 attempts=3 seconds=3.8
537/1000 000311_horsetail fault=2.412% visible=0.812 attempts=12 seconds=4.1
538/1000 000711_positive_flower fault=4.221% visible=0.997 attempts=5 seconds=4.1
539/1000 000112_en_echelon fault=3.606% visible=0.960 attempts=1 seconds=3.1
540/1000 000878_listric_assemblage fault=3.839% visible=0.501 attempts=214 seconds=177.8
541/1000 000892_listric_assemblage fault=2.948% visible=0.748 attempts=120 seconds=104.8
542/1000 000312_horsetail fault=2.039% visible=0.830 attempts=5 seconds=3.3
543/1000 000511_negative_flower fault=2.767% visible=0.925 attempts=59 seconds=10.2
544/1000 000512_negative_flower fault=3.610% visible=0.933 attempts=8 seconds=4.0
545/1000 000863_listric_assemblage fault=3.026% visible=0.635 attempts=261 seconds=254.9
546/1000 000113_en_echelon fault=3.758% visible=0.934 attempts=2 seconds=3.5
547/1000 000313_horsetail fault=1.937% visible=0.852 attempts=15 seconds=4.8
548/1000 000713_positive_flower fault=4.831% visible=0.908 attempts=1 seconds=3.3
549/1000 000712_positive_flower fault=4.802% visible=0.877 attempts=18 seconds=7.7
550/1000 000513_negative_flower fault=4.195% visible=0.819 attempts=20 seconds=5.4
551/1000 000114_en_echelon fault=4.207% visible=0.951 attempts=1 seconds=3.5
552/1000 000314_horsetail fault=3.023% visible=0.787 attempts=8 seconds=3.6
553/1000 000714_positive_flower fault=3.560% visible=0.970 attempts=1 seconds=3.0
554/1000 000910_listric_assemblage fault=2.683% visible=0.807 attempts=16 seconds=22.1
555/1000 000115_en_echelon fault=4.171% visible=0.969 attempts=1 seconds=3.9
556/1000 000315_horsetail fault=1.918% visible=0.738 attempts=3 seconds=3.3
557/1000 000514_negative_flower fault=3.965% visible=0.897 attempts=30 seconds=7.1
558/1000 000886_listric_assemblage fault=2.577% visible=0.786 attempts=189 seconds=151.6
559/1000 000914_listric_assemblage fault=2.352% visible=0.843 attempts=8 seconds=5.5
560/1000 000899_listric_assemblage fault=2.192% visible=0.770 attempts=82 seconds=85.1
561/1000 000715_positive_flower fault=4.821% visible=0.985 attempts=1 seconds=3.5
562/1000 000116_en_echelon fault=3.520% visible=0.940 attempts=2 seconds=3.4
563/1000 000316_horsetail fault=2.059% visible=0.830 attempts=13 seconds=4.3
564/1000 000515_negative_flower fault=3.282% visible=0.852 attempts=49 seconds=9.3
565/1000 000317_horsetail fault=2.641% visible=0.808 attempts=2 seconds=3.0
566/1000 000716_positive_flower fault=4.920% visible=0.963 attempts=2 seconds=5.0
567/1000 000117_en_echelon fault=3.822% visible=0.880 attempts=4 seconds=4.5
568/1000 000516_negative_flower fault=3.326% visible=0.772 attempts=34 seconds=7.1
569/1000 000517_negative_flower fault=3.917% visible=0.858 attempts=1 seconds=3.0
570/1000 000913_listric_assemblage fault=2.919% visible=0.737 attempts=25 seconds=21.1
571/1000 000318_horsetail fault=2.736% visible=0.801 attempts=2 seconds=3.0
572/1000 000717_positive_flower fault=4.423% visible=0.932 attempts=3 seconds=3.7
573/1000 000118_en_echelon fault=4.183% visible=0.979 attempts=2 seconds=3.7
574/1000 000718_positive_flower fault=4.044% visible=0.959 attempts=4 seconds=3.8
575/1000 000119_en_echelon fault=3.431% visible=0.887 attempts=1 seconds=3.3
576/1000 000319_horsetail fault=3.580% visible=0.734 attempts=3 seconds=3.2
577/1000 000912_listric_assemblage fault=3.199% visible=0.713 attempts=33 seconds=30.9
578/1000 000518_negative_flower fault=3.132% visible=0.881 attempts=35 seconds=6.8
579/1000 000719_positive_flower fault=4.509% visible=0.970 attempts=5 seconds=4.1
580/1000 000120_en_echelon fault=3.773% visible=0.976 attempts=2 seconds=3.4
581/1000 000519_negative_flower fault=3.849% visible=0.851 attempts=24 seconds=6.2
582/1000 000320_horsetail fault=2.673% visible=0.818 attempts=13 seconds=4.3
583/1000 000720_positive_flower fault=4.884% visible=0.968 attempts=2 seconds=3.6
584/1000 000888_listric_assemblage fault=3.186% visible=0.763 attempts=176 seconds=162.2
585/1000 000121_en_echelon fault=3.156% visible=0.949 attempts=4 seconds=4.5
586/1000 000520_negative_flower fault=3.405% visible=0.910 attempts=31 seconds=7.2
587/1000 000321_horsetail fault=2.313% visible=0.708 attempts=18 seconds=4.6
588/1000 000521_negative_flower fault=2.943% visible=0.875 attempts=8 seconds=4.0
589/1000 000915_listric_assemblage fault=3.369% visible=0.725 attempts=34 seconds=29.0
590/1000 000721_positive_flower fault=4.762% visible=0.946 attempts=2 seconds=3.4
591/1000 000122_en_echelon fault=3.185% visible=0.915 attempts=1 seconds=3.0
592/1000 000322_horsetail fault=2.816% visible=0.759 attempts=2 seconds=3.0
593/1000 000722_positive_flower fault=4.752% visible=0.987 attempts=1 seconds=3.5
594/1000 000123_en_echelon fault=3.715% visible=0.962 attempts=1 seconds=3.3
595/1000 000904_listric_assemblage fault=2.884% visible=0.726 attempts=90 seconds=91.6
596/1000 000522_negative_flower fault=3.331% visible=0.894 attempts=54 seconds=9.5
597/1000 000323_horsetail fault=2.878% visible=0.704 attempts=30 seconds=6.1
598/1000 000723_positive_flower fault=3.538% visible=0.917 attempts=5 seconds=3.5
599/1000 000523_negative_flower fault=3.345% visible=0.925 attempts=29 seconds=6.4
600/1000 000919_listric_assemblage fault=2.966% visible=0.735 attempts=18 seconds=27.0
601/1000 000124_en_echelon fault=3.435% visible=0.947 attempts=4 seconds=3.8
602/1000 000324_horsetail fault=2.179% visible=0.834 attempts=3 seconds=3.0
603/1000 000883_listric_assemblage fault=2.981% visible=0.726 attempts=255 seconds=219.3
604/1000 000902_listric_assemblage fault=2.930% visible=0.734 attempts=123 seconds=110.1
605/1000 000724_positive_flower fault=4.629% visible=0.999 attempts=8 seconds=5.1
606/1000 000125_en_echelon fault=4.002% visible=0.875 attempts=3 seconds=4.2
607/1000 000901_listric_assemblage fault=2.669% visible=0.690 attempts=116 seconds=119.5
608/1000 000524_negative_flower fault=2.892% visible=0.969 attempts=37 seconds=8.3
609/1000 000325_horsetail fault=2.883% visible=0.730 attempts=11 seconds=4.3
610/1000 000525_negative_flower fault=3.724% visible=0.850 attempts=8 seconds=4.1
611/1000 000725_positive_flower fault=3.425% visible=0.883 attempts=1 seconds=3.1
612/1000 000917_listric_assemblage fault=2.274% visible=0.825 attempts=50 seconds=43.2
613/1000 000126_en_echelon fault=4.856% visible=0.992 attempts=1 seconds=3.3
614/1000 000526_negative_flower fault=3.658% visible=0.789 attempts=6 seconds=4.2
615/1000 000726_positive_flower fault=4.775% visible=0.998 attempts=1 seconds=3.7
616/1000 000127_en_echelon fault=3.547% visible=0.986 attempts=1 seconds=3.3
617/1000 000326_horsetail fault=1.906% visible=0.912 attempts=30 seconds=6.5
618/1000 000327_horsetail fault=3.196% visible=0.788 attempts=13 seconds=5.2
619/1000 000727_positive_flower fault=5.021% visible=0.837 attempts=2 seconds=3.5
620/1000 000916_listric_assemblage fault=1.968% visible=0.727 attempts=54 seconds=55.1
621/1000 000128_en_echelon fault=2.801% visible=0.923 attempts=1 seconds=3.1
622/1000 000528_negative_flower fault=4.076% visible=0.857 attempts=2 seconds=3.1
623/1000 000328_horsetail fault=3.047% visible=0.786 attempts=12 seconds=4.1
624/1000 000527_negative_flower fault=3.531% visible=0.906 attempts=41 seconds=7.9
625/1000 000728_positive_flower fault=4.819% visible=0.889 attempts=4 seconds=4.0
626/1000 000329_horsetail fault=3.077% visible=0.734 attempts=1 seconds=2.9
627/1000 000923_listric_assemblage fault=2.681% visible=0.734 attempts=32 seconds=25.9
628/1000 000129_en_echelon fault=3.411% visible=0.882 attempts=4 seconds=5.7
629/1000 000729_positive_flower fault=4.524% visible=0.904 attempts=3 seconds=3.8
630/1000 000529_negative_flower fault=3.880% visible=0.894 attempts=20 seconds=5.5
631/1000 000130_en_echelon fault=3.511% visible=0.934 attempts=4 seconds=3.8
632/1000 000903_listric_assemblage fault=3.738% visible=0.744 attempts=150 seconds=128.8
633/1000 000330_horsetail fault=3.016% visible=0.785 attempts=4 seconds=3.4
634/1000 000730_positive_flower fault=4.825% visible=0.985 attempts=5 seconds=4.1
635/1000 000530_negative_flower fault=3.828% visible=0.840 attempts=25 seconds=5.8
636/1000 000928_listric_assemblage fault=3.082% visible=0.766 attempts=15 seconds=13.6
637/1000 000331_horsetail fault=2.432% visible=0.720 attempts=2 seconds=2.9
638/1000 000131_en_echelon fault=4.022% visible=0.961 attempts=3 seconds=3.3
639/1000 000922_listric_assemblage fault=2.917% visible=0.808 attempts=50 seconds=43.2
640/1000 000731_positive_flower fault=4.839% visible=0.999 attempts=1 seconds=3.6
641/1000 000532_negative_flower fault=3.481% visible=0.910 attempts=1 seconds=3.3
642/1000 000132_en_echelon fault=3.880% visible=0.931 attempts=3 seconds=4.7
643/1000 000332_horsetail fault=3.329% visible=0.743 attempts=18 seconds=5.2
644/1000 000732_positive_flower fault=4.590% visible=0.993 attempts=2 seconds=3.8
645/1000 000874_listric_assemblage fault=3.531% visible=0.785 attempts=302 seconds=286.6
646/1000 000133_en_echelon fault=3.228% visible=0.927 attempts=1 seconds=3.4
647/1000 000333_horsetail fault=2.518% visible=0.769 attempts=9 seconds=3.9
648/1000 000907_listric_assemblage fault=3.233% visible=0.713 attempts=117 seconds=121.7
649/1000 000533_negative_flower fault=3.777% visible=0.721 attempts=6 seconds=3.6
650/1000 000733_positive_flower fault=4.356% visible=0.960 attempts=5 seconds=4.3
651/1000 000134_en_echelon fault=4.211% visible=0.874 attempts=1 seconds=3.5
652/1000 000531_negative_flower fault=3.799% visible=0.840 attempts=84 seconds=14.9
653/1000 000933_listric_assemblage fault=2.862% visible=0.693 attempts=5 seconds=7.2
654/1000 000734_positive_flower fault=4.678% visible=0.935 attempts=7 seconds=3.8
655/1000 000135_en_echelon fault=3.077% visible=0.954 attempts=1 seconds=2.9
656/1000 000334_horsetail fault=2.073% visible=0.822 attempts=40 seconds=8.0
657/1000 000335_horsetail fault=2.697% visible=0.807 attempts=9 seconds=3.7
658/1000 000534_negative_flower fault=3.831% visible=0.779 attempts=51 seconds=9.0
659/1000 000535_negative_flower fault=3.451% visible=0.887 attempts=10 seconds=4.2
660/1000 000735_positive_flower fault=3.580% visible=0.975 attempts=3 seconds=3.3
661/1000 000908_listric_assemblage fault=2.505% visible=0.808 attempts=138 seconds=131.2
662/1000 000931_listric_assemblage fault=2.300% visible=0.710 attempts=20 seconds=21.4
663/1000 000136_en_echelon fault=4.035% visible=0.987 attempts=1 seconds=3.3
664/1000 000924_listric_assemblage fault=3.160% visible=0.836 attempts=48 seconds=53.0
665/1000 000736_positive_flower fault=4.821% visible=0.964 attempts=3 seconds=3.8
666/1000 000137_en_echelon fault=3.137% visible=0.993 attempts=1 seconds=3.2
667/1000 000336_horsetail fault=2.801% visible=0.792 attempts=20 seconds=4.8
668/1000 000337_horsetail fault=2.916% visible=0.751 attempts=3 seconds=3.3
669/1000 000737_positive_flower fault=5.158% visible=0.893 attempts=2 seconds=3.9
670/1000 000138_en_echelon fault=4.097% visible=0.992 attempts=1 seconds=3.5
671/1000 000537_negative_flower fault=3.127% visible=0.779 attempts=27 seconds=6.1
672/1000 000338_horsetail fault=2.823% visible=0.746 attempts=17 seconds=4.9
673/1000 000738_positive_flower fault=3.556% visible=0.952 attempts=1 seconds=3.1
674/1000 000538_negative_flower fault=2.546% visible=0.859 attempts=20 seconds=5.5
675/1000 000339_horsetail fault=2.614% visible=0.785 attempts=3 seconds=3.0
676/1000 000139_en_echelon fault=3.424% visible=0.852 attempts=5 seconds=4.4
677/1000 000739_positive_flower fault=4.159% visible=0.855 attempts=1 seconds=3.1
678/1000 000539_negative_flower fault=3.746% visible=0.901 attempts=16 seconds=4.9
679/1000 000536_negative_flower fault=4.053% visible=0.891 attempts=124 seconds=18.8
680/1000 000140_en_echelon fault=3.437% visible=0.961 attempts=1 seconds=3.4
681/1000 000340_horsetail fault=2.892% visible=0.627 attempts=15 seconds=4.4
682/1000 000540_negative_flower fault=3.353% visible=0.902 attempts=15 seconds=5.0
683/1000 000740_positive_flower fault=3.433% visible=0.962 attempts=3 seconds=3.7
684/1000 000341_horsetail fault=2.782% visible=0.771 attempts=4 seconds=3.3
685/1000 000872_listric_assemblage fault=3.001% visible=0.757 attempts=348 seconds=336.4
686/1000 000141_en_echelon fault=4.804% visible=0.944 attempts=10 seconds=6.3
687/1000 000541_negative_flower fault=3.670% visible=0.859 attempts=6 seconds=3.6
688/1000 000939_listric_assemblage fault=2.952% visible=0.750 attempts=16 seconds=17.1
689/1000 000741_positive_flower fault=4.664% visible=0.903 attempts=1 seconds=3.4
690/1000 000938_listric_assemblage fault=2.679% visible=0.851 attempts=17 seconds=23.9
691/1000 000142_en_echelon fault=2.643% visible=0.996 attempts=1 seconds=3.2
692/1000 000342_horsetail fault=2.745% visible=0.665 attempts=11 seconds=3.9
693/1000 000742_positive_flower fault=4.288% visible=0.924 attempts=3 seconds=3.8
694/1000 000893_listric_assemblage fault=3.762% visible=0.580 attempts=273 seconds=247.3
695/1000 000542_negative_flower fault=3.376% visible=0.849 attempts=36 seconds=7.2
696/1000 000143_en_echelon fault=3.876% visible=0.953 attempts=2 seconds=3.5
697/1000 000343_horsetail fault=3.135% visible=0.727 attempts=4 seconds=3.2
698/1000 000921_listric_assemblage fault=3.375% visible=0.768 attempts=124 seconds=106.8
699/1000 000743_positive_flower fault=3.265% visible=0.892 attempts=3 seconds=3.2
700/1000 000144_en_echelon fault=4.337% visible=0.966 attempts=1 seconds=3.5
701/1000 000543_negative_flower fault=4.162% visible=0.895 attempts=12 seconds=5.0
702/1000 000927_listric_assemblage fault=2.846% visible=0.737 attempts=101 seconds=82.4
703/1000 000344_horsetail fault=2.791% visible=0.637 attempts=15 seconds=4.3
704/1000 000744_positive_flower fault=3.988% visible=0.886 attempts=4 seconds=4.1
705/1000 000898_listric_assemblage fault=2.957% visible=0.764 attempts=252 seconds=226.8
706/1000 000145_en_echelon fault=3.957% visible=0.979 attempts=1 seconds=3.5
707/1000 000345_horsetail fault=2.635% visible=0.841 attempts=4 seconds=3.4
708/1000 000544_negative_flower fault=3.842% visible=0.828 attempts=17 seconds=5.6
709/1000 000935_listric_assemblage fault=2.651% visible=0.755 attempts=64 seconds=53.3
710/1000 000745_positive_flower fault=5.185% visible=0.953 attempts=1 seconds=3.4
711/1000 000146_en_echelon fault=3.954% visible=0.987 attempts=3 seconds=3.4
712/1000 000944_listric_assemblage fault=2.920% visible=0.779 attempts=7 seconds=8.3
713/1000 000545_negative_flower fault=2.884% visible=0.854 attempts=18 seconds=4.9
714/1000 000346_horsetail fault=2.400% visible=0.789 attempts=26 seconds=5.4
715/1000 000746_positive_flower fault=4.273% visible=0.937 attempts=1 seconds=3.4
716/1000 000934_listric_assemblage fault=2.661% visible=0.731 attempts=66 seconds=62.8
717/1000 000147_en_echelon fault=3.124% visible=0.934 attempts=1 seconds=3.4
718/1000 000347_horsetail fault=3.128% visible=0.779 attempts=2 seconds=3.4
719/1000 000747_positive_flower fault=4.688% visible=0.980 attempts=3 seconds=3.8
720/1000 000546_negative_flower fault=2.772% visible=0.883 attempts=39 seconds=7.9
721/1000 000348_horsetail fault=2.736% visible=0.754 attempts=6 seconds=3.4
722/1000 000148_en_echelon fault=3.766% visible=0.939 attempts=1 seconds=3.5
723/1000 000547_negative_flower fault=3.519% visible=0.923 attempts=34 seconds=6.8
724/1000 000748_positive_flower fault=3.627% visible=0.969 attempts=1 seconds=3.2
725/1000 000149_en_echelon fault=4.261% visible=0.886 attempts=2 seconds=3.7
726/1000 000349_horsetail fault=2.527% visible=0.818 attempts=2 seconds=2.9
727/1000 000548_negative_flower fault=4.130% visible=0.822 attempts=25 seconds=5.9
728/1000 000749_positive_flower fault=4.881% visible=0.984 attempts=1 seconds=3.5
729/1000 000150_en_echelon fault=3.836% visible=0.978 attempts=3 seconds=3.4
730/1000 000350_horsetail fault=2.515% visible=0.784 attempts=25 seconds=5.5
731/1000 000550_negative_flower fault=3.854% visible=0.891 attempts=13 seconds=4.6
732/1000 000549_negative_flower fault=3.155% visible=0.885 attempts=47 seconds=11.0
733/1000 000943_listric_assemblage fault=2.803% visible=0.776 attempts=35 seconds=33.8
734/1000 000750_positive_flower fault=4.224% visible=0.959 attempts=4 seconds=3.6
735/1000 000868_listric_assemblage fault=2.446% visible=0.835 attempts=429 seconds=406.3
736/1000 000151_en_echelon fault=3.689% visible=0.996 attempts=2 seconds=3.5
737/1000 000351_horsetail fault=2.464% visible=0.831 attempts=20 seconds=5.2
738/1000 000751_positive_flower fault=4.841% visible=0.942 attempts=1 seconds=3.8
739/1000 000152_en_echelon fault=3.209% visible=0.955 attempts=2 seconds=3.0
740/1000 000551_negative_flower fault=4.238% visible=0.896 attempts=30 seconds=6.6
741/1000 000352_horsetail fault=2.300% visible=0.852 attempts=1 seconds=2.8
742/1000 000947_listric_assemblage fault=2.549% visible=0.794 attempts=29 seconds=28.2
743/1000 000940_listric_assemblage fault=2.424% visible=0.715 attempts=65 seconds=61.6
744/1000 000942_listric_assemblage fault=3.263% visible=0.830 attempts=62 seconds=49.9
745/1000 000936_listric_assemblage fault=0.918% visible=0.834 attempts=93 seconds=83.6
746/1000 000552_negative_flower fault=4.355% visible=0.789 attempts=5 seconds=3.6
747/1000 000752_positive_flower fault=4.758% visible=0.985 attempts=1 seconds=3.3
748/1000 000153_en_echelon fault=3.815% visible=0.998 attempts=2 seconds=3.3
749/1000 000918_listric_assemblage fault=2.998% visible=0.777 attempts=192 seconds=168.8
750/1000 000553_negative_flower fault=4.031% visible=0.876 attempts=6 seconds=3.6
751/1000 000753_positive_flower fault=4.585% visible=0.960 attempts=1 seconds=3.6
752/1000 000154_en_echelon fault=3.556% visible=0.909 attempts=1 seconds=3.3
753/1000 000911_listric_assemblage fault=2.282% visible=0.685 attempts=220 seconds=202.4
754/1000 000354_horsetail fault=2.811% visible=0.760 attempts=2 seconds=3.0
755/1000 000353_horsetail fault=3.380% visible=0.850 attempts=27 seconds=6.3
756/1000 000950_listric_assemblage fault=3.441% visible=0.830 attempts=20 seconds=18.6
757/1000 000754_positive_flower fault=3.801% visible=0.974 attempts=1 seconds=3.2
758/1000 000155_en_echelon fault=4.165% visible=0.977 attempts=1 seconds=3.4
759/1000 000755_positive_flower fault=4.271% visible=0.985 attempts=1 seconds=3.1
760/1000 000355_horsetail fault=2.500% visible=0.843 attempts=14 seconds=4.2
761/1000 000156_en_echelon fault=3.419% visible=0.938 attempts=2 seconds=3.2
762/1000 000356_horsetail fault=3.083% visible=0.788 attempts=7 seconds=3.5
763/1000 000756_positive_flower fault=4.257% visible=0.982 attempts=3 seconds=4.0
764/1000 000555_negative_flower fault=3.646% visible=0.897 attempts=39 seconds=8.3
765/1000 000556_negative_flower fault=3.131% visible=0.914 attempts=17 seconds=5.0
766/1000 000953_listric_assemblage fault=3.526% visible=0.700 attempts=13 seconds=13.5
767/1000 000157_en_echelon fault=4.525% visible=0.885 attempts=2 seconds=3.7
768/1000 000357_horsetail fault=1.982% visible=0.832 attempts=14 seconds=4.1
769/1000 000158_en_echelon fault=3.842% visible=0.963 attempts=1 seconds=3.0
770/1000 000757_positive_flower fault=4.793% visible=0.950 attempts=5 seconds=4.3
771/1000 000948_listric_assemblage fault=2.198% visible=0.848 attempts=49 seconds=43.9
772/1000 000557_negative_flower fault=3.849% visible=0.849 attempts=14 seconds=4.8
773/1000 000957_listric_assemblage fault=3.416% visible=0.749 attempts=3 seconds=5.4
774/1000 000358_horsetail fault=2.209% visible=0.769 attempts=11 seconds=3.8
775/1000 000758_positive_flower fault=4.676% visible=0.985 attempts=2 seconds=3.6
776/1000 000159_en_echelon fault=2.995% visible=0.945 attempts=2 seconds=3.4
777/1000 000554_negative_flower fault=3.307% visible=0.920 attempts=139 seconds=19.6
778/1000 000558_negative_flower fault=4.316% visible=0.837 attempts=31 seconds=6.7
779/1000 000759_positive_flower fault=4.831% visible=0.987 attempts=1 seconds=3.4
780/1000 000160_en_echelon fault=3.551% visible=0.991 attempts=1 seconds=3.1
781/1000 000559_negative_flower fault=3.857% visible=0.908 attempts=15 seconds=4.6
782/1000 000359_horsetail fault=2.326% visible=0.799 attempts=31 seconds=6.8
783/1000 000360_horsetail fault=2.808% visible=0.738 attempts=10 seconds=3.8
784/1000 000760_positive_flower fault=4.604% visible=0.941 attempts=1 seconds=3.4
785/1000 000161_en_echelon fault=4.070% visible=0.970 attempts=2 seconds=3.8
786/1000 000361_horsetail fault=2.181% visible=0.771 attempts=7 seconds=3.4
787/1000 000955_listric_assemblage fault=3.503% visible=0.780 attempts=29 seconds=26.1
788/1000 000560_negative_flower fault=3.904% visible=0.876 attempts=37 seconds=7.8
789/1000 000761_positive_flower fault=4.948% visible=0.988 attempts=1 seconds=3.6
790/1000 000162_en_echelon fault=4.253% visible=0.968 attempts=1 seconds=3.5
791/1000 000362_horsetail fault=3.427% visible=0.750 attempts=4 seconds=3.4
792/1000 000561_negative_flower fault=3.758% visible=0.810 attempts=43 seconds=8.5
793/1000 000959_listric_assemblage fault=2.942% visible=0.778 attempts=21 seconds=16.1
794/1000 000562_negative_flower fault=4.405% visible=0.854 attempts=14 seconds=4.6
795/1000 000762_positive_flower fault=3.811% visible=0.977 attempts=1 seconds=3.0
796/1000 000163_en_echelon fault=2.802% visible=0.940 attempts=2 seconds=3.0
797/1000 000363_horsetail fault=2.574% visible=0.765 attempts=6 seconds=3.4
798/1000 000763_positive_flower fault=3.325% visible=0.911 attempts=3 seconds=3.5
799/1000 000954_listric_assemblage fault=2.776% visible=0.783 attempts=39 seconds=40.7
800/1000 000164_en_echelon fault=3.261% visible=0.996 attempts=1 seconds=3.3
801/1000 000364_horsetail fault=2.556% visible=0.737 attempts=2 seconds=2.9
802/1000 000764_positive_flower fault=4.217% visible=0.927 attempts=3 seconds=3.3
803/1000 000952_listric_assemblage fault=2.594% visible=0.739 attempts=52 seconds=50.9
804/1000 000564_negative_flower fault=2.614% visible=0.919 attempts=22 seconds=5.3
805/1000 000925_listric_assemblage fault=3.006% visible=0.690 attempts=201 seconds=180.8
806/1000 000365_horsetail fault=2.202% visible=0.790 attempts=4 seconds=3.1
807/1000 000165_en_echelon fault=3.357% visible=0.952 attempts=7 seconds=4.9
808/1000 000765_positive_flower fault=4.471% visible=0.949 attempts=1 seconds=3.3
809/1000 000565_negative_flower fault=3.280% visible=0.835 attempts=15 seconds=4.9
810/1000 000166_en_echelon fault=3.267% visible=0.949 attempts=1 seconds=3.3
811/1000 000566_negative_flower fault=3.465% visible=0.891 attempts=9 seconds=3.9
812/1000 000366_horsetail fault=2.805% visible=0.786 attempts=16 seconds=4.6
813/1000 000766_positive_flower fault=4.641% visible=0.977 attempts=1 seconds=3.5
814/1000 000951_listric_assemblage fault=3.100% visible=0.712 attempts=65 seconds=68.9
815/1000 000563_negative_flower fault=3.634% visible=0.851 attempts=163 seconds=23.2
816/1000 000367_horsetail fault=3.132% visible=0.770 attempts=2 seconds=3.0
817/1000 000167_en_echelon fault=4.549% visible=0.950 attempts=2 seconds=4.0
818/1000 000767_positive_flower fault=3.269% visible=0.962 attempts=2 seconds=3.1
819/1000 000567_negative_flower fault=4.000% visible=0.870 attempts=12 seconds=4.4
820/1000 000168_en_echelon fault=4.144% visible=0.997 attempts=1 seconds=3.4
821/1000 000964_listric_assemblage fault=3.309% visible=0.788 attempts=22 seconds=22.0
822/1000 000568_negative_flower fault=3.612% visible=0.690 attempts=7 seconds=3.8
823/1000 000768_positive_flower fault=3.537% visible=0.954 attempts=2 seconds=3.1
824/1000 000368_horsetail fault=2.826% visible=0.694 attempts=21 seconds=5.3
825/1000 000169_en_echelon fault=3.920% visible=0.985 attempts=2 seconds=3.3
826/1000 000937_listric_assemblage fault=2.992% visible=0.774 attempts=173 seconds=155.0
827/1000 000769_positive_flower fault=4.047% visible=0.913 attempts=1 seconds=3.4
828/1000 000369_horsetail fault=2.943% visible=0.707 attempts=44 seconds=7.4
829/1000 000569_negative_flower fault=3.373% visible=0.912 attempts=38 seconds=7.4
830/1000 000170_en_echelon fault=3.948% visible=0.981 attempts=1 seconds=3.5
831/1000 000920_listric_assemblage fault=2.428% visible=0.723 attempts=281 seconds=236.4
832/1000 000861_listric_assemblage fault=2.732% visible=0.763 attempts=603 seconds=534.0
833/1000 000370_horsetail fault=2.619% visible=0.757 attempts=4 seconds=3.2
834/1000 000570_negative_flower fault=3.818% visible=0.884 attempts=7 seconds=4.1
835/1000 000770_positive_flower fault=4.983% visible=0.958 attempts=1 seconds=3.3
836/1000 000171_en_echelon fault=4.337% visible=0.948 attempts=3 seconds=4.2
837/1000 000371_horsetail fault=3.039% visible=0.786 attempts=11 seconds=4.1
838/1000 000571_negative_flower fault=3.816% visible=0.900 attempts=7 seconds=3.8
839/1000 000771_positive_flower fault=4.666% visible=0.934 attempts=2 seconds=3.5
840/1000 000172_en_echelon fault=3.683% visible=0.984 attempts=4 seconds=3.6
841/1000 000372_horsetail fault=2.260% visible=0.853 attempts=5 seconds=3.2
842/1000 000956_listric_assemblage fault=2.361% visible=0.806 attempts=87 seconds=80.7
843/1000 000970_listric_assemblage fault=2.596% visible=0.845 attempts=11 seconds=11.1
844/1000 000772_positive_flower fault=4.123% visible=0.987 attempts=3 seconds=4.1
845/1000 000173_en_echelon fault=4.579% visible=0.991 attempts=2 seconds=3.6
846/1000 000572_negative_flower fault=3.495% visible=0.920 attempts=41 seconds=8.1
847/1000 000930_listric_assemblage fault=3.394% visible=0.765 attempts=208 seconds=203.2
848/1000 000373_horsetail fault=3.274% visible=0.817 attempts=8 seconds=4.1
849/1000 000773_positive_flower fault=3.757% visible=0.981 attempts=2 seconds=3.6
850/1000 000174_en_echelon fault=4.132% visible=0.943 attempts=1 seconds=3.6
851/1000 000573_negative_flower fault=3.421% visible=0.907 attempts=30 seconds=6.8
852/1000 000374_horsetail fault=3.239% visible=0.807 attempts=9 seconds=4.3
853/1000 000175_en_echelon fault=3.975% visible=0.999 attempts=1 seconds=3.3
854/1000 000774_positive_flower fault=4.688% visible=0.933 attempts=11 seconds=5.3
855/1000 000375_horsetail fault=2.518% visible=0.700 attempts=9 seconds=3.7
856/1000 000932_listric_assemblage fault=3.424% visible=0.798 attempts=222 seconds=207.3
857/1000 000575_negative_flower fault=3.652% visible=0.789 attempts=29 seconds=6.3
858/1000 000775_positive_flower fault=4.738% visible=0.984 attempts=4 seconds=3.9
859/1000 000960_listric_assemblage fault=3.297% visible=0.804 attempts=100 seconds=84.8
860/1000 000574_negative_flower fault=3.963% visible=0.900 attempts=64 seconds=13.4
861/1000 000176_en_echelon fault=4.133% visible=0.831 attempts=2 seconds=3.9
862/1000 000376_horsetail fault=2.460% visible=0.774 attempts=14 seconds=4.4
863/1000 000776_positive_flower fault=4.569% visible=0.912 attempts=1 seconds=3.3
864/1000 000965_listric_assemblage fault=3.325% visible=0.765 attempts=61 seconds=63.8
865/1000 000946_listric_assemblage fault=2.429% visible=0.813 attempts=162 seconds=150.7
866/1000 000177_en_echelon fault=4.655% visible=0.979 attempts=1 seconds=3.6
867/1000 000377_horsetail fault=3.044% visible=0.763 attempts=8 seconds=4.1
868/1000 000949_listric_assemblage fault=2.511% visible=0.667 attempts=156 seconds=141.3
869/1000 000777_positive_flower fault=3.795% visible=0.971 attempts=1 seconds=3.0
870/1000 000577_negative_flower fault=3.799% visible=0.903 attempts=18 seconds=5.2
871/1000 000178_en_echelon fault=3.043% visible=0.953 attempts=1 seconds=3.4
872/1000 000378_horsetail fault=3.314% visible=0.869 attempts=3 seconds=3.1
873/1000 000778_positive_flower fault=4.051% visible=0.977 attempts=1 seconds=3.2
874/1000 000576_negative_flower fault=3.655% visible=0.852 attempts=96 seconds=14.3
875/1000 000179_en_echelon fault=3.810% visible=0.998 attempts=4 seconds=3.6
876/1000 000379_horsetail fault=2.819% visible=0.799 attempts=1 seconds=2.9
877/1000 000963_listric_assemblage fault=3.091% visible=0.710 attempts=91 seconds=87.0
878/1000 000579_negative_flower fault=3.145% visible=0.914 attempts=20 seconds=5.1
879/1000 000180_en_echelon fault=3.122% visible=0.962 attempts=1 seconds=3.4
880/1000 000779_positive_flower fault=3.755% visible=0.974 attempts=2 seconds=4.8
881/1000 000961_listric_assemblage fault=3.392% visible=0.740 attempts=111 seconds=101.6
882/1000 000580_negative_flower fault=3.353% visible=0.946 attempts=1 seconds=3.0
883/1000 000380_horsetail fault=2.807% visible=0.761 attempts=15 seconds=4.7
884/1000 000578_negative_flower fault=3.208% visible=0.870 attempts=102 seconds=15.1
885/1000 000780_positive_flower fault=4.813% visible=0.992 attempts=8 seconds=5.0
886/1000 000181_en_echelon fault=3.381% visible=0.974 attempts=3 seconds=3.5
887/1000 000958_listric_assemblage fault=2.733% visible=0.699 attempts=143 seconds=119.0
888/1000 000381_horsetail fault=2.472% visible=0.839 attempts=6 seconds=3.4
889/1000 000581_negative_flower fault=3.237% visible=0.892 attempts=9 seconds=4.0
890/1000 000929_listric_assemblage fault=2.356% visible=0.761 attempts=278 seconds=253.5
891/1000 000781_positive_flower fault=4.639% visible=0.988 attempts=5 seconds=4.1
892/1000 000182_en_echelon fault=3.735% visible=0.978 attempts=1 seconds=3.5
893/1000 000382_horsetail fault=2.768% visible=0.741 attempts=6 seconds=3.5
894/1000 000969_listric_assemblage fault=2.440% visible=0.767 attempts=75 seconds=67.9
895/1000 000782_positive_flower fault=4.365% visible=0.878 attempts=1 seconds=3.3
896/1000 000183_en_echelon fault=4.711% visible=0.960 attempts=1 seconds=3.3
897/1000 000582_negative_flower fault=3.058% visible=0.903 attempts=26 seconds=5.9
898/1000 000383_horsetail fault=2.320% visible=0.769 attempts=14 seconds=4.2
899/1000 000783_positive_flower fault=4.259% visible=0.901 attempts=1 seconds=3.2
900/1000 000583_negative_flower fault=3.569% visible=0.884 attempts=26 seconds=5.9
901/1000 000384_horsetail fault=1.839% visible=0.849 attempts=1 seconds=2.8
902/1000 000184_en_echelon fault=3.691% visible=0.915 attempts=2 seconds=3.6
903/1000 000784_positive_flower fault=3.878% visible=0.990 attempts=7 seconds=3.9
904/1000 000185_en_echelon fault=3.472% visible=0.992 attempts=6 seconds=3.8
905/1000 000966_listric_assemblage fault=2.772% visible=0.634 attempts=99 seconds=95.0
906/1000 000584_negative_flower fault=3.999% visible=0.841 attempts=30 seconds=7.3
907/1000 000973_listric_assemblage fault=3.373% visible=0.762 attempts=80 seconds=62.7
908/1000 000785_positive_flower fault=4.449% visible=0.854 attempts=1 seconds=3.5
909/1000 000385_horsetail fault=3.069% visible=0.758 attempts=18 seconds=6.3
910/1000 000186_en_echelon fault=3.568% visible=0.956 attempts=1 seconds=3.1
911/1000 000386_horsetail fault=2.874% visible=0.832 attempts=12 seconds=4.3
912/1000 000585_negative_flower fault=3.772% visible=0.823 attempts=53 seconds=9.8
913/1000 000586_negative_flower fault=3.662% visible=0.899 attempts=6 seconds=4.2
914/1000 000786_positive_flower fault=4.437% visible=0.997 attempts=10 seconds=4.6
915/1000 000187_en_echelon fault=3.279% visible=0.986 attempts=1 seconds=3.3
916/1000 000387_horsetail fault=3.469% visible=0.789 attempts=5 seconds=3.4
917/1000 000787_positive_flower fault=4.735% visible=0.998 attempts=1 seconds=3.3
918/1000 000975_listric_assemblage fault=2.749% visible=0.701 attempts=69 seconds=62.0
919/1000 000388_horsetail fault=3.352% visible=0.797 attempts=3 seconds=3.1
920/1000 000188_en_echelon fault=3.628% visible=0.975 attempts=1 seconds=3.3
921/1000 000788_positive_flower fault=3.674% visible=0.981 attempts=1 seconds=3.5
922/1000 000977_listric_assemblage fault=2.610% visible=0.746 attempts=66 seconds=58.6
923/1000 000587_negative_flower fault=3.549% visible=0.866 attempts=75 seconds=13.6
924/1000 000588_negative_flower fault=3.368% visible=0.788 attempts=39 seconds=7.2
925/1000 000189_en_echelon fault=4.242% visible=0.979 attempts=3 seconds=4.3
926/1000 000389_horsetail fault=2.484% visible=0.767 attempts=9 seconds=3.7
927/1000 000941_listric_assemblage fault=3.409% visible=0.692 attempts=278 seconds=236.9
928/1000 000589_negative_flower fault=3.472% visible=0.895 attempts=13 seconds=4.3
929/1000 000789_positive_flower fault=4.847% visible=0.992 attempts=5 seconds=4.2
930/1000 000190_en_echelon fault=3.725% visible=0.992 attempts=1 seconds=3.4
931/1000 000974_listric_assemblage fault=3.127% visible=0.534 attempts=98 seconds=87.7
932/1000 000390_horsetail fault=2.648% visible=0.702 attempts=1 seconds=2.8
933/1000 000790_positive_flower fault=4.619% visible=0.904 attempts=2 seconds=3.5
934/1000 000590_negative_flower fault=3.355% visible=0.915 attempts=12 seconds=4.3
935/1000 000191_en_echelon fault=3.477% visible=0.969 attempts=2 seconds=3.5
936/1000 000980_listric_assemblage fault=3.028% visible=0.680 attempts=72 seconds=57.0
937/1000 000945_listric_assemblage fault=3.047% visible=0.663 attempts=260 seconds=228.3
938/1000 000391_horsetail fault=2.455% visible=0.805 attempts=23 seconds=5.3
939/1000 000791_positive_flower fault=4.768% visible=0.982 attempts=6 seconds=4.4
940/1000 000192_en_echelon fault=3.645% visible=0.933 attempts=2 seconds=3.3
941/1000 000592_negative_flower fault=4.159% visible=0.868 attempts=4 seconds=3.3
942/1000 000392_horsetail fault=2.478% visible=0.748 attempts=9 seconds=3.7
943/1000 000792_positive_flower fault=4.149% visible=0.948 attempts=1 seconds=3.4
944/1000 000986_listric_assemblage fault=2.767% visible=0.715 attempts=33 seconds=38.9
945/1000 000991_listric_assemblage fault=2.916% visible=0.807 attempts=10 seconds=9.9
946/1000 000591_negative_flower fault=4.000% visible=0.880 attempts=67 seconds=11.1
947/1000 000393_horsetail fault=2.599% visible=0.786 attempts=1 seconds=2.8
948/1000 000193_en_echelon fault=3.711% visible=0.960 attempts=8 seconds=4.2
949/1000 000793_positive_flower fault=5.025% visible=0.881 attempts=1 seconds=3.5
950/1000 000194_en_echelon fault=3.935% visible=0.945 attempts=4 seconds=3.4
951/1000 000593_negative_flower fault=4.461% visible=0.836 attempts=15 seconds=4.9
952/1000 000394_horsetail fault=3.687% visible=0.794 attempts=20 seconds=5.0
953/1000 000984_listric_assemblage fault=2.353% visible=0.783 attempts=66 seconds=59.6
954/1000 000794_positive_flower fault=4.703% visible=0.981 attempts=10 seconds=4.9
955/1000 000993_listric_assemblage fault=2.852% visible=0.747 attempts=7 seconds=9.3
956/1000 000594_negative_flower fault=3.165% visible=0.893 attempts=30 seconds=6.9
957/1000 000195_en_echelon fault=3.650% visible=0.967 attempts=2 seconds=3.7
958/1000 000971_listric_assemblage fault=2.885% visible=0.810 attempts=128 seconds=127.6
959/1000 000395_horsetail fault=2.177% visible=0.842 attempts=5 seconds=3.5
960/1000 000987_listric_assemblage fault=3.526% visible=0.807 attempts=51 seconds=45.6
961/1000 000795_positive_flower fault=5.164% visible=0.877 attempts=1 seconds=3.5
962/1000 000595_negative_flower fault=3.751% visible=0.865 attempts=15 seconds=4.7
963/1000 000982_listric_assemblage fault=2.627% visible=0.740 attempts=85 seconds=73.1
964/1000 000196_en_echelon fault=3.726% visible=0.928 attempts=2 seconds=3.1
965/1000 000396_horsetail fault=2.628% visible=0.761 attempts=3 seconds=3.1
966/1000 000989_listric_assemblage fault=2.172% visible=0.813 attempts=32 seconds=32.9
967/1000 000796_positive_flower fault=4.832% visible=0.994 attempts=1 seconds=3.5
968/1000 000596_negative_flower fault=3.776% visible=0.869 attempts=9 seconds=4.0
969/1000 000197_en_echelon fault=4.531% visible=0.975 attempts=3 seconds=3.9
970/1000 000797_positive_flower fault=4.957% visible=0.934 attempts=1 seconds=3.5
971/1000 000597_negative_flower fault=3.614% visible=0.858 attempts=7 seconds=4.2
972/1000 000397_horsetail fault=2.686% visible=0.724 attempts=14 seconds=5.1
973/1000 000198_en_echelon fault=3.756% visible=0.973 attempts=2 seconds=3.7
974/1000 000398_horsetail fault=2.588% visible=0.796 attempts=6 seconds=3.5
975/1000 000598_negative_flower fault=3.203% visible=0.809 attempts=6 seconds=3.5
976/1000 000199_en_echelon fault=2.310% visible=0.997 attempts=1 seconds=3.3
977/1000 000798_positive_flower fault=4.816% visible=0.963 attempts=5 seconds=4.4
978/1000 000399_horsetail fault=2.370% visible=0.776 attempts=8 seconds=3.7
979/1000 000599_negative_flower fault=3.351% visible=0.908 attempts=12 seconds=4.4
980/1000 000799_positive_flower fault=5.149% visible=0.969 attempts=2 seconds=3.4
981/1000 000996_listric_assemblage fault=2.668% visible=0.777 attempts=20 seconds=13.0
982/1000 000997_listric_assemblage fault=2.825% visible=0.789 attempts=14 seconds=15.2
983/1000 000992_listric_assemblage fault=3.222% visible=0.795 attempts=45 seconds=36.3
984/1000 000972_listric_assemblage fault=1.799% visible=0.831 attempts=166 seconds=148.1
985/1000 000976_listric_assemblage fault=3.096% visible=0.722 attempts=148 seconds=130.8
986/1000 000981_listric_assemblage fault=2.602% visible=0.681 attempts=119 seconds=107.5
987/1000 000985_listric_assemblage fault=2.373% visible=0.834 attempts=111 seconds=95.6
988/1000 000999_listric_assemblage fault=2.934% visible=0.793 attempts=51 seconds=40.0
989/1000 000968_listric_assemblage fault=2.876% visible=0.770 attempts=223 seconds=202.8
990/1000 000995_listric_assemblage fault=3.259% visible=0.705 attempts=56 seconds=60.0
991/1000 000962_listric_assemblage fault=2.833% visible=0.810 attempts=271 seconds=235.7
992/1000 000967_listric_assemblage fault=3.172% visible=0.539 attempts=237 seconds=214.1
993/1000 000998_listric_assemblage fault=2.955% visible=0.838 attempts=69 seconds=61.2
994/1000 000979_listric_assemblage fault=2.831% visible=0.760 attempts=176 seconds=158.7
995/1000 000978_listric_assemblage fault=2.503% visible=0.729 attempts=239 seconds=205.2
996/1000 000926_listric_assemblage fault=2.495% visible=0.823 attempts=553 seconds=490.7
997/1000 000994_listric_assemblage fault=3.478% visible=0.636 attempts=171 seconds=166.7
998/1000 000988_listric_assemblage fault=3.392% visible=0.732 attempts=207 seconds=197.4
999/1000 000990_listric_assemblage fault=2.568% visible=0.831 attempts=304 seconds=268.9
1000/1000 000983_listric_assemblage fault=2.663% visible=0.852 attempts=380 seconds=332.6
{
  "en_echelon": {
    "n": 200,
    "fault_percent_mean": 3.7819275856018066,
    "fault_percent_range": [
      2.3102283477783203,
      4.857826232910156
    ],
    "visible_fraction_mean": 0.9450590197910838,
    "attempts_mean": 2.335,
    "pso_zero_count": 200,
    "geometry_qc_pass_count": 200
  },
  "horsetail": {
    "n": 200,
    "fault_percent_mean": 2.6919195652008057,
    "fault_percent_range": [
      1.7400264739990234,
      3.6867618560791016
    ],
    "visible_fraction_mean": 0.7783735292211037,
    "attempts_mean": 9.865,
    "pso_zero_count": 200,
    "geometry_qc_pass_count": 200
  },
  "negative_flower": {
    "n": 200,
    "fault_percent_mean": 3.5642600059509277,
    "fault_percent_range": [
      2.2538185119628906,
      4.460954666137695
    ],
    "visible_fraction_mean": 0.8688663304817935,
    "attempts_mean": 30.83,
    "pso_zero_count": 200,
    "geometry_qc_pass_count": 200
  },
  "positive_flower": {
    "n": 200,
    "fault_percent_mean": 4.416493892669678,
    "fault_percent_range": [
      2.973508834838867,
      5.185365676879883
    ],
    "visible_fraction_mean": 0.9486794315779874,
    "attempts_mean": 3.0,
    "pso_zero_count": 200,
    "geometry_qc_pass_count": 200
  },
  "listric_assemblage": {
    "n": 200,
    "fault_percent_mean": 2.9225058555603027,
    "fault_percent_range": [
      0.9180068969726562,
      4.567050933837891
    ],
    "visible_fraction_mean": 0.744090553613582,
    "attempts_mean": 102.84,
    "pso_zero_count": 200,
    "geometry_qc_pass_count": 200
  }
}
