anchors 62245 cells 495
pool 0 accepted 1 seconds 0
pool 2000 accepted 2000 seconds 26
pool 4000 accepted 4000 seconds 52
pool 6000 accepted 5999 seconds 77
pool 8000 accepted 7999 seconds 103
pool 10000 accepted 9999 seconds 128
pool 12000 accepted 11998 seconds 154
pool 14000 accepted 13998 seconds 179
pool 16000 accepted 15998 seconds 205
pool 18000 accepted 17998 seconds 231
pool 20000 accepted 19998 seconds 257
pool 22000 accepted 21997 seconds 282
pool 24000 accepted 23997 seconds 308
plan 1 2060 1971 2243
plan 2 2084 1979 2218
plan 3 2066 1946 2227
plan 4 2082 1944 2226
plan 5 2082 1960 2246
plan 6 2071 1952 2241
plan 7 2086 1969 2205
plan 8 2089 1959 2234
plan 9 2098 1965 2234
plan 10 2083 1965 2239
plan 11 2067 1959 2226
plan 12 2062 1956 2219
plan 13 2085 1973 2204
plan 14 2087 1958 2227
plan 15 2072 1952 2260
plan 16 2061 1953 2229
plan 17 2084 1956 2229
plan 18 2069 1960 2200
plan 19 2067 1954 2238
plan 20 2073 1965 2241
plan 21 2086 1970 2233
plan 22 2077 1972 2237
plan 23 2086 1967 2219
plan 24 2087 1971 2232
plan 25 2086 1955 2225
plan 26 2070 1959 2228
plan 27 2106 1981 2241
plan 28 2095 1973 2245
plan 29 2080 1964 2246
plan 30 2078 1965 2227
plan 31 2097 1983 2232
plan 32 2075 1972 2230
plan 33 2086 1968 2223
plan 34 2081 1963 2236
plan 35 2079 1951 2232
plan 36 2083 1965 2241
plan 37 2062 1952 2243
plan 38 2077 1963 2227
plan 39 2065 1944 2230
plan 40 2089 1973 2252
plan 41 2070 1962 2236
plan 42 2110 1980 2223
plan 43 2068 1969 2224
plan 44 2094 1975 2238
plan 45 2069 1967 2199
plan 46 2078 1961 2236
plan 47 2082 1987 2230
plan 48 2072 1967 2238
plan 49 2069 1967 2242
plan 50 2059 1965 2223
plan 51 2078 1972 2211
plan 52 2079 1946 2237
plan 53 2089 1968 2230
plan 54 2094 1965 2206
plan 55 2081 1982 2248
plan 56 2066 1949 2220
plan 57 2084 1972 2242
plan 58 2084 1957 2215
plan 59 2073 1958 2228
plan 60 2077 1965 2259
READY 1d3f4992adf153e127803bec851dc2e10605f167b8f435bf540adf2e8442885d
