target=10 existing=0 workers=10
1/10 000000_en_echelon fault=3.465% visible=0.976 attempts=1 seconds=3.1
2/10 000001_en_echelon fault=3.833% visible=0.948 attempts=1 seconds=3.4
3/10 000003_horsetail fault=2.742% visible=0.819 attempts=10 seconds=3.9
4/10 000006_positive_flower fault=4.678% visible=0.976 attempts=4 seconds=4.3
5/10 000007_positive_flower fault=4.085% visible=0.974 attempts=8 seconds=4.5
6/10 000002_horsetail fault=2.603% visible=0.710 attempts=15 seconds=4.5
7/10 000005_negative_flower fault=3.579% visible=0.802 attempts=31 seconds=6.6
8/10 000004_negative_flower fault=3.808% visible=0.800 attempts=61 seconds=10.3
9/10 000008_listric_assemblage fault=2.621% visible=0.758 attempts=8 seconds=10.4
10/10 000009_listric_assemblage fault=3.175% visible=0.777 attempts=207 seconds=173.3
{
  "en_echelon": {
    "n": 2,
    "fault_percent_mean": 3.6493778228759766,
    "fault_percent_range": [
      3.4653186798095703,
      3.833436965942383
    ],
    "visible_fraction_mean": 0.9622054225115617,
    "attempts_mean": 1.0,
    "pso_zero_count": 2,
    "geometry_qc_pass_count": 2
  },
  "horsetail": {
    "n": 2,
    "fault_percent_mean": 2.6723623275756836,
    "fault_percent_range": [
      2.602529525756836,
      2.7421951293945312
    ],
    "visible_fraction_mean": 0.764448252331702,
    "attempts_mean": 12.5,
    "pso_zero_count": 2,
    "geometry_qc_pass_count": 2
  },
  "negative_flower": {
    "n": 2,
    "fault_percent_mean": 3.6936044692993164,
    "fault_percent_range": [
      3.579378128051758,
      3.807830810546875
    ],
    "visible_fraction_mean": 0.8007082389612166,
    "attempts_mean": 46.0,
    "pso_zero_count": 2,
    "geometry_qc_pass_count": 2
  },
  "positive_flower": {
    "n": 2,
    "fault_percent_mean": 4.3816328048706055,
    "fault_percent_range": [
      4.085350036621094,
      4.677915573120117
    ],
    "visible_fraction_mean": 0.975319856212907,
    "attempts_mean": 6.0,
    "pso_zero_count": 2,
    "geometry_qc_pass_count": 2
  },
  "listric_assemblage": {
    "n": 2,
    "fault_percent_mean": 2.897977828979492,
    "fault_percent_range": [
      2.620697021484375,
      3.1752586364746094
    ],
    "visible_fraction_mean": 0.7674915836618224,
    "attempts_mean": 107.5,
    "pso_zero_count": 2,
    "geometry_qc_pass_count": 2
  }
}
