0, 1 MiB
1, 1 MiB
2, 1 MiB
3, 1 MiB
4, 1 MiB
0, 3 MiB
1, 3 MiB
2, 3 MiB
3, 3 MiB
4, 3 MiB
0, 3533 MiB
1, 3533 MiB
2, 3533 MiB
3, 3533 MiB
4, 3 MiB
0, 8803 MiB
1, 8803 MiB
2, 8803 MiB
3, 8803 MiB
4, 3 MiB
0, 7833 MiB
1, 7833 MiB
2, 7833 MiB
3, 7833 MiB
4, 3 MiB
0, 8271 MiB
1, 8271 MiB
2, 8271 MiB
3, 8271 MiB
4, 3 MiB
0, 4753 MiB
1, 4753 MiB
2, 4753 MiB
3, 4617 MiB
4, 3 MiB
0, 10661 MiB
1, 10661 MiB
2, 10661 MiB
3, 10661 MiB
4, 3 MiB
0, 10663 MiB
1, 10663 MiB
2, 10663 MiB
3, 10663 MiB
4, 3 MiB
0, 10663 MiB
1, 10663 MiB
2, 10663 MiB
3, 10663 MiB
4, 3 MiB
0, 10663 MiB
1, 10663 MiB
2, 10663 MiB
3, 10663 MiB
4, 3 MiB
0, 3 MiB
1, 3 MiB
2, 3 MiB
3, 3 MiB
4, 3 MiB
