0, 1 MiB
1, 1 MiB
2, 1 MiB
3, 1 MiB
4, 1 MiB
0, 3 MiB
1, 3 MiB
2, 3 MiB
3, 3 MiB
4, 3 MiB
0, 907 MiB
1, 907 MiB
2, 907 MiB
3, 907 MiB
4, 3 MiB
0, 7247 MiB
1, 7247 MiB
2, 7247 MiB
3, 7247 MiB
4, 3 MiB
0, 8431 MiB
1, 8431 MiB
2, 8431 MiB
3, 8431 MiB
4, 3 MiB
0, 9369 MiB
1, 6715 MiB
2, 9369 MiB
3, 6715 MiB
4, 3 MiB
0, 4369 MiB
1, 4015 MiB
2, 4369 MiB
3, 4015 MiB
4, 3 MiB
0, 8079 MiB
1, 8079 MiB
2, 8079 MiB
3, 8079 MiB
4, 3 MiB
0, 8091 MiB
1, 8091 MiB
2, 8091 MiB
3, 8091 MiB
4, 3 MiB
0, 8091 MiB
1, 8091 MiB
2, 8091 MiB
3, 8091 MiB
4, 3 MiB
0, 8091 MiB
1, 8091 MiB
2, 8091 MiB
3, 8091 MiB
4, 3 MiB
0, 8075 MiB
1, 8075 MiB
2, 8075 MiB
3, 8075 MiB
4, 3 MiB
