0, 1 MiB
1, 1 MiB
2, 1 MiB
3, 1 MiB
4, 1 MiB
0, 3 MiB
1, 3 MiB
2, 3 MiB
3, 3 MiB
4, 3 MiB
0, 1307 MiB
1, 1307 MiB
2, 1307 MiB
3, 1823 MiB
4, 3 MiB
0, 3387 MiB
1, 4291 MiB
2, 4291 MiB
3, 4291 MiB
4, 3 MiB
0, 9705 MiB
1, 9705 MiB
2, 9705 MiB
3, 9705 MiB
4, 3 MiB
0, 10705 MiB
1, 10705 MiB
2, 10705 MiB
3, 10705 MiB
4, 3 MiB
0, 10723 MiB
1, 10723 MiB
2, 10723 MiB
3, 10723 MiB
4, 3 MiB
0, 10225 MiB
1, 10225 MiB
2, 10225 MiB
3, 10225 MiB
4, 3 MiB
0, 5661 MiB
1, 5661 MiB
2, 5661 MiB
3, 5661 MiB
4, 3 MiB
0, 7329 MiB
1, 7023 MiB
2, 7329 MiB
3, 7329 MiB
4, 3 MiB
0, 10107 MiB
1, 10107 MiB
2, 10107 MiB
3, 10107 MiB
4, 3 MiB
0, 10109 MiB
1, 10109 MiB
2, 10109 MiB
3, 10109 MiB
4, 3 MiB
0, 10109 MiB
1, 10109 MiB
2, 10109 MiB
3, 10109 MiB
4, 3 MiB
0, 10109 MiB
1, 10109 MiB
2, 10109 MiB
3, 10109 MiB
4, 3 MiB
0, 10109 MiB
1, 10109 MiB
2, 10109 MiB
3, 10109 MiB
4, 3 MiB
0, 10109 MiB
1, 10109 MiB
2, 10109 MiB
3, 10109 MiB
4, 3 MiB
0, 3 MiB
1, 3 MiB
2, 3 MiB
3, 3 MiB
4, 3 MiB
