OK seis/seistrain1.npz 831794776
OK seis/seistrain3.npz 907831974
OK seis/seistrain2.npz 869268913
OK seis/seistrain4.npz 946948282
OK seis/seistrain5.npz 984757778
OK seis/seistrain7.npz 1213723277
OK seis/seistrain6.npz 1026095580
OK seis/seistrain8.npz 1231111389
OK seis/seistrain9.npz 1239650990
OK seis/seisval1.npz 1314676313
OK seis/seisval2.npz 1391502667
OK seis/seistest1.npz 1476208507
OK seis/seistest2.npz 1544597269
OK seis/seistest4.npz 1610578476
OK seis/seistest3.npz 1605001133
OK fault/faulttrain1.npz 917861
OK fault/faulttrain2.npz 940250
OK fault/faulttrain3.npz 881272
OK fault/faulttrain4.npz 767929
OK fault/faulttrain5.npz 764613
OK fault/faulttrain6.npz 772705
OK fault/faulttrain7.npz 937424
OK fault/faulttrain8.npz 911311
OK fault/faulttrain9.npz 955922
OK fault/faultval1.npz 1088280
OK fault/faultval2.npz 1216734
OK fault/faulttest1.npz 1091568
OK fault/faulttest2.npz 1053314
OK fault/faulttest3.npz 1079681
OK fault/faulttest4.npz 1076361
OK fault/faulttest5.npz 1092287
OK fault/faulttest6.npz 1084141
OK fault/faulttest7.npz 1009603
OK seis/seistest5.npz 1475926673
OK seis/seistest6.npz 1295771351
OK seis/seistest7.npz 1163971209
ALLDONE
