maxvit_pico: maxvit3d 9.79M  world=4 global_batch=8 d2s=False profile=False trace=False
W0916 23:28:27.345000 3290642 torch/distributed/elastic/agent/server/api.py:739] Received Signals.SIGTERM death signal, shutting down workers
W0916 23:28:27.348000 3290642 torch/distributed/elastic/multiprocessing/api.py:1010] Sending process 3290667 closing signal SIGTERM
W0916 23:28:27.348000 3290642 torch/distributed/elastic/multiprocessing/api.py:1010] Sending process 3290668 closing signal SIGTERM
W0916 23:28:27.348000 3290642 torch/distributed/elastic/multiprocessing/api.py:1010] Sending process 3290669 closing signal SIGTERM
W0916 23:28:27.348000 3290642 torch/distributed/elastic/multiprocessing/api.py:1010] Sending process 3290670 closing signal SIGTERM
Traceback (most recent call last):
  File "/usr/lib/python3.10/runpy.py", line 196, in _run_module_as_main
    return _run_code(code, main_globals, None,
  File "/usr/lib/python3.10/runpy.py", line 86, in _run_code
    exec(code, run_globals)
  File "/hdd1/hukaixiao/projects/FAULTSEG3D/.venv/lib/python3.10/site-packages/torch/distributed/run.py", line 995, in <module>
    main()
  File "/hdd1/hukaixiao/projects/FAULTSEG3D/.venv/lib/python3.10/site-packages/torch/distributed/elastic/multiprocessing/errors/__init__.py", line 362, in wrapper
    return f(*args, **kwargs)
  File "/hdd1/hukaixiao/projects/FAULTSEG3D/.venv/lib/python3.10/site-packages/torch/distributed/run.py", line 991, in main
    run(args)
  File "/hdd1/hukaixiao/projects/FAULTSEG3D/.venv/lib/python3.10/site-packages/torch/distributed/run.py", line 982, in run
    elastic_launch(
  File "/hdd1/hukaixiao/projects/FAULTSEG3D/.venv/lib/python3.10/site-packages/torch/distributed/launcher/api.py", line 170, in __call__
    return launch_agent(self._config, self._entrypoint, list(args))
  File "/hdd1/hukaixiao/projects/FAULTSEG3D/.venv/lib/python3.10/site-packages/torch/distributed/launcher/api.py", line 308, in launch_agent
    result = agent.run()
  File "/hdd1/hukaixiao/projects/FAULTSEG3D/.venv/lib/python3.10/site-packages/torch/distributed/elastic/metrics/api.py", line 134, in wrapper
    result = f(*args, **kwargs)
  File "/hdd1/hukaixiao/projects/FAULTSEG3D/.venv/lib/python3.10/site-packages/torch/distributed/elastic/agent/server/api.py", line 731, in run
    result = self._invoke_run(role)
  File "/hdd1/hukaixiao/projects/FAULTSEG3D/.venv/lib/python3.10/site-packages/torch/distributed/elastic/agent/server/api.py", line 908, in _invoke_run
    time.sleep(monitor_interval)
  File "/hdd1/hukaixiao/projects/FAULTSEG3D/.venv/lib/python3.10/site-packages/torch/distributed/elastic/multiprocessing/api.py", line 86, in _terminate_process_handler
    raise SignalException(f"Process {os.getpid()} got signal: {sigval}", sigval=sigval)
torch.distributed.elastic.multiprocessing.api.SignalException: Process 3290642 got signal: 15
