context_both (context_grid_maxvit3d) params=32,449,615 world=4 batch=8 train=2400 fast=96 full=2433
/hdd1/hukaixiao/projects/FAULTSEG3D/.venv/lib/python3.10/site-packages/torch/distributed/c10d_logger.py:83: UserWarning: barrier(): using the device under current context. You can specify `device_id` in `init_process_group` to mute this warning.
  return func(*args, **kwargs)
epoch 1 microstep 1/300 loss=0.61916 lr=1e-06 elapsed=9s
epoch 1 microstep 100/300 loss=0.61836 lr=1e-06 elapsed=55s
epoch 1 microstep 200/300 loss=0.61668 lr=1e-06 elapsed=102s
epoch 1 microstep 300/300 loss=0.61726 lr=1e-06 elapsed=149s
epoch 1: full validation starts (2433 cores)
{"epoch": 1, "lr": 1e-06, "train_loss": 0.5960724283506473, "fast_val": {"iou": 0.05158038353161609, "dice": 0.09810069556145408, "precision": 0.055035735183873086, "recall": 0.451018751053281, "valid_voxels": 20134972, "positive_voxels": 848539, "loss": 0.5807920846467217, "cores": 96}, "full_val": {"iou": 0.03418259774833475, "dice": 0.06610553653244315, "precision": 0.03574557601224179, "recall": 0.4387577398428817, "valid_voxels": 510945619, "positive_voxels": 14228002, "loss": 0.5909707559095799, "cores": 2433}, "seconds": 193.81172394752502, "skipped_optimizer_steps": 0}
/hdd1/hukaixiao/projects/FAULTSEG3D/.venv/lib/python3.10/site-packages/torch/distributed/c10d_logger.py:83: UserWarning: barrier(): using the device under current context. You can specify `device_id` in `init_process_group` to mute this warning.
  return func(*args, **kwargs)
epoch 2 microstep 1/300 loss=0.61783 lr=1.2e-05 elapsed=1s
epoch 2 microstep 100/300 loss=0.59606 lr=1.2e-05 elapsed=48s
epoch 2 microstep 200/300 loss=0.59552 lr=1.2e-05 elapsed=96s
epoch 2 microstep 300/300 loss=0.61346 lr=1.2e-05 elapsed=143s
epoch 2: full validation starts (2433 cores)
{"epoch": 2, "lr": 1.2000000000000002e-05, "train_loss": 0.5889266311873992, "fast_val": {"iou": 0.10676014018117888, "dice": 0.1929237172630775, "precision": 0.12415476589222821, "recall": 0.43246450664023695, "valid_voxels": 20134972, "positive_voxels": 848539, "loss": 0.571833503122131, "cores": 96}, "full_val": {"iou": 0.07887612007907818, "dice": 0.14621904889932463, "precision": 0.08847694937510632, "recall": 0.420923331329304, "valid_voxels": 510945619, "positive_voxels": 14228002, "loss": 0.5829226543542734, "cores": 2433}, "seconds": 186.36318373680115, "skipped_optimizer_steps": 0}
epoch 3 microstep 1/300 loss=0.61089 lr=2.3e-05 elapsed=1s
epoch 3 microstep 100/300 loss=0.58696 lr=2.3e-05 elapsed=49s
epoch 3 microstep 200/300 loss=0.49678 lr=2.3e-05 elapsed=97s
epoch 3 microstep 300/300 loss=0.52088 lr=2.3e-05 elapsed=144s
epoch 3: full validation starts (2433 cores)
{"epoch": 3, "lr": 2.3000000000000003e-05, "train_loss": 0.5829979883879424, "fast_val": {"iou": 0.13384939831342013, "dice": 0.2360973132984303, "precision": 0.19888536586743666, "recall": 0.290439213754465, "valid_voxels": 20134972, "positive_voxels": 848539, "loss": 0.5713631904994448, "cores": 96}, "full_val": {"iou": 0.10291909830122101, "dice": 0.18663036746710232, "precision": 0.13698970894760104, "recall": 0.2926928180077568, "valid_voxels": 510945619, "positive_voxels": 14228002, "loss": 0.5813736160792199, "cores": 2433}, "seconds": 187.8395471572876, "skipped_optimizer_steps": 0}
epoch 4 microstep 1/300 loss=0.56693 lr=3.4e-05 elapsed=1s
epoch 4 microstep 100/300 loss=0.59897 lr=3.4e-05 elapsed=49s
epoch 4 microstep 200/300 loss=0.58478 lr=3.4e-05 elapsed=97s
epoch 4 microstep 300/300 loss=0.56434 lr=3.4e-05 elapsed=144s
epoch 4: full validation starts (2433 cores)
{"epoch": 4, "lr": 3.4e-05, "train_loss": 0.578251097475489, "fast_val": {"iou": 0.16550601154475225, "dice": 0.2840071349359956, "precision": 0.2732652127497331, "recall": 0.29562813259025217, "valid_voxels": 20134972, "positive_voxels": 848539, "loss": 0.5700212207933267, "cores": 96}, "full_val": {"iou": 0.12608436901343598, "dice": 0.22393414291666025, "precision": 0.18502785409927863, "recall": 0.2835587878044999, "valid_voxels": 510945619, "positive_voxels": 14228002, "loss": 0.5803472763390586, "cores": 2433}, "seconds": 187.7090666294098, "skipped_optimizer_steps": 0}
epoch 5 microstep 1/300 loss=0.57895 lr=4.5e-05 elapsed=1s
epoch 5 microstep 100/300 loss=0.56526 lr=4.5e-05 elapsed=48s
epoch 5 microstep 200/300 loss=0.60650 lr=4.5e-05 elapsed=95s
epoch 5 microstep 300/300 loss=0.57013 lr=4.5e-05 elapsed=142s
epoch 5: full validation starts (2433 cores)
{"epoch": 5, "lr": 4.5e-05, "train_loss": 0.574944865355889, "fast_val": {"iou": 0.2136170569419409, "dice": 0.35203370901890724, "precision": 0.2864542318740919, "recall": 0.4565553262725697, "valid_voxels": 20134972, "positive_voxels": 848539, "loss": 0.5604929324860374, "cores": 96}, "full_val": {"iou": 0.16769811229593176, "dice": 0.2872285405449585, "precision": 0.20599723222608637, "recall": 0.4742343303016123, "valid_voxels": 510945619, "positive_voxels": 14228002, "loss": 0.5736811281205988, "cores": 2433}, "seconds": 185.58123326301575, "skipped_optimizer_steps": 0}
epoch 6 microstep 1/300 loss=0.51056 lr=5.6e-05 elapsed=1s
epoch 6 microstep 100/300 loss=0.53605 lr=5.6e-05 elapsed=49s
epoch 6 microstep 200/300 loss=0.60297 lr=5.6e-05 elapsed=96s
epoch 6 microstep 300/300 loss=0.57805 lr=5.6e-05 elapsed=143s
epoch 6: full validation starts (2433 cores)
{"epoch": 6, "lr": 5.6e-05, "train_loss": 0.5713157351811727, "fast_val": {"iou": 0.2377778956237884, "dice": 0.3842012310358124, "precision": 0.322282572670112, "recall": 0.4755703627057802, "valid_voxels": 20134972, "positive_voxels": 848539, "loss": 0.5625927420333028, "cores": 96}, "full_val": {"iou": 0.1816978712697789, "dice": 0.3075200111421673, "precision": 0.23397771700157116, "recall": 0.4484846853409214, "valid_voxels": 510945619, "positive_voxels": 14228002, "loss": 0.5753818867851371, "cores": 2433}, "seconds": 187.0857515335083, "skipped_optimizer_steps": 0}
epoch 7 microstep 1/300 loss=0.60598 lr=6.7e-05 elapsed=1s
epoch 7 microstep 100/300 loss=0.61062 lr=6.7e-05 elapsed=48s
epoch 7 microstep 200/300 loss=0.52956 lr=6.7e-05 elapsed=95s
epoch 7 microstep 300/300 loss=0.55376 lr=6.7e-05 elapsed=142s
epoch 7: full validation starts (2433 cores)
{"epoch": 7, "lr": 6.7e-05, "train_loss": 0.5652010992914438, "fast_val": {"iou": 0.2933928581432965, "dice": 0.45367941580328597, "precision": 0.4776336430868335, "recall": 0.43201314258979256, "valid_voxels": 20134972, "positive_voxels": 848539, "loss": 0.5593137443065643, "cores": 96}, "full_val": {"iou": 0.2439605957420003, "dice": 0.3922320314277835, "precision": 0.3887533227623512, "recall": 0.3957735597731853, "valid_voxels": 510945619, "positive_voxels": 14228002, "loss": 0.5729168259737377, "cores": 2433}, "seconds": 185.94850611686707, "skipped_optimizer_steps": 0}
epoch 8 microstep 1/300 loss=0.59474 lr=7.8e-05 elapsed=1s
epoch 8 microstep 100/300 loss=0.52759 lr=7.8e-05 elapsed=48s
epoch 8 microstep 200/300 loss=0.60223 lr=7.8e-05 elapsed=95s
epoch 8 microstep 300/300 loss=0.60230 lr=7.8e-05 elapsed=142s
epoch 8: full validation starts (2433 cores)
{"epoch": 8, "lr": 7.8e-05, "train_loss": 0.5606390220423539, "fast_val": {"iou": 0.29531289279553397, "dice": 0.45597151767430033, "precision": 0.4048184687554559, "recall": 0.5219217973481478, "valid_voxels": 20134972, "positive_voxels": 848539, "loss": 0.5523925830299655, "cores": 96}, "full_val": {"iou": 0.23164770300007737, "dice": 0.37615903059913036, "precision": 0.3103040119981166, "recall": 0.4774969809534747, "valid_voxels": 510945619, "positive_voxels": 14228002, "loss": 0.5684899391948662, "cores": 2433}, "seconds": 185.83460783958435, "skipped_optimizer_steps": 0}
epoch 9 microstep 1/300 loss=0.52537 lr=8.9e-05 elapsed=1s
epoch 9 microstep 100/300 loss=0.60277 lr=8.9e-05 elapsed=48s
epoch 9 microstep 200/300 loss=0.60103 lr=8.9e-05 elapsed=95s
epoch 9 microstep 300/300 loss=0.58373 lr=8.9e-05 elapsed=142s
epoch 9: full validation starts (2433 cores)
{"epoch": 9, "lr": 8.900000000000001e-05, "train_loss": 0.5563325680047274, "fast_val": {"iou": 0.31583283148808694, "dice": 0.4800500852846312, "precision": 0.47802639543607156, "recall": 0.48209098226481045, "valid_voxels": 20134972, "positive_voxels": 848539, "loss": 0.5486722223771116, "cores": 96}, "full_val": {"iou": 0.25704745217896724, "dice": 0.4089701653400608, "precision": 0.3747632013769202, "recall": 0.4500489246487314, "valid_voxels": 510945619, "positive_voxels": 14228002, "loss": 0.5663718153641051, "cores": 2433}, "seconds": 185.59490132331848, "skipped_optimizer_steps": 1}
epoch 10 microstep 1/300 loss=0.54630 lr=0.0001 elapsed=1s
epoch 10 microstep 100/300 loss=0.52404 lr=0.0001 elapsed=48s
epoch 10 microstep 200/300 loss=0.59298 lr=0.0001 elapsed=95s
epoch 10 microstep 300/300 loss=0.57652 lr=0.0001 elapsed=142s
epoch 10: full validation starts (2433 cores)
{"epoch": 10, "lr": 0.0001, "train_loss": 0.5499166719615459, "fast_val": {"iou": 0.3471124634575941, "dice": 0.5153429618885281, "precision": 0.5167299371087066, "recall": 0.513963412406501, "valid_voxels": 20134972, "positive_voxels": 848539, "loss": 0.5432263133116066, "cores": 96}, "full_val": {"iou": 0.2842103845241884, "dice": 0.4426227788673286, "precision": 0.4242360500766183, "recall": 0.4626755042626505, "valid_voxels": 510945619, "positive_voxels": 14228002, "loss": 0.5631524528060192, "cores": 2433}, "seconds": 185.99728536605835, "skipped_optimizer_steps": 0}
epoch 11 microstep 1/300 loss=0.50433 lr=0.0001 elapsed=1s
epoch 11 microstep 100/300 loss=0.60004 lr=0.0001 elapsed=48s
epoch 11 microstep 200/300 loss=0.55809 lr=0.0001 elapsed=95s
epoch 11 microstep 300/300 loss=0.58152 lr=0.0001 elapsed=141s
epoch 11: full validation starts (2433 cores)
{"epoch": 11, "lr": 9.996957180960385e-05, "train_loss": 0.5404293570915858, "fast_val": {"iou": 0.2821380929583401, "dice": 0.4401056243596179, "precision": 0.5283445963237468, "recall": 0.37712232437165527, "valid_voxels": 20134972, "positive_voxels": 848539, "loss": 0.5603719887634119, "cores": 96}, "full_val": {"iou": 0.24959358448531677, "dice": 0.3994796189484591, "precision": 0.42454617274051837, "recall": 0.37720805774415833, "valid_voxels": 510945619, "positive_voxels": 14228002, "loss": 0.5738205163691008, "cores": 2433}, "seconds": 185.02704644203186, "skipped_optimizer_steps": 0}
epoch 12 microstep 1/300 loss=0.58749 lr=9.99e-05 elapsed=1s
epoch 12 microstep 100/300 loss=0.54633 lr=9.99e-05 elapsed=48s
epoch 12 microstep 200/300 loss=0.60027 lr=9.99e-05 elapsed=95s
epoch 12 microstep 300/300 loss=0.42467 lr=9.99e-05 elapsed=143s
epoch 12: full validation starts (2433 cores)
{"epoch": 12, "lr": 9.987832431047822e-05, "train_loss": 0.5363878009716669, "fast_val": {"iou": 0.35249467513459076, "dice": 0.521251109694037, "precision": 0.5551004592537161, "recall": 0.49129268071355586, "valid_voxels": 20134972, "positive_voxels": 848539, "loss": 0.5429887372689942, "cores": 96}, "full_val": {"iou": 0.286858190501043, "dice": 0.44582719777282326, "precision": 0.44146117749836156, "recall": 0.4502804399380883, "valid_voxels": 510945619, "positive_voxels": 14228002, "loss": 0.5643523919866549, "cores": 2433}, "seconds": 185.96341848373413, "skipped_optimizer_steps": 0}
epoch 13 microstep 1/300 loss=0.60197 lr=9.97e-05 elapsed=1s
epoch 13 microstep 100/300 loss=0.60190 lr=9.97e-05 elapsed=48s
epoch 13 microstep 200/300 loss=0.60333 lr=9.97e-05 elapsed=95s
epoch 13 microstep 300/300 loss=0.60045 lr=9.97e-05 elapsed=142s
epoch 13: full validation starts (2433 cores)
{"epoch": 13, "lr": 9.972636867364526e-05, "train_loss": 0.5317409238964319, "fast_val": {"iou": 0.3520600969742078, "dice": 0.5207758113150258, "precision": 0.546645419152561, "recall": 0.49724408660061586, "valid_voxels": 20134972, "positive_voxels": 848539, "loss": 0.5380856248860558, "cores": 96}, "full_val": {"iou": 0.28906465205686355, "dice": 0.44848743869537466, "precision": 0.44899238068993347, "recall": 0.4479836311521463, "valid_voxels": 510945619, "positive_voxels": 14228002, "loss": 0.5639645845138924, "cores": 2433}, "seconds": 185.90220952033997, "skipped_optimizer_steps": 0}
epoch 14 microstep 1/300 loss=0.50179 lr=9.95e-05 elapsed=1s
epoch 14 microstep 100/300 loss=0.49419 lr=9.95e-05 elapsed=48s
epoch 14 microstep 200/300 loss=0.60018 lr=9.95e-05 elapsed=96s
epoch 14 microstep 300/300 loss=0.46774 lr=9.95e-05 elapsed=143s
epoch 14: full validation starts (2433 cores)
{"epoch": 14, "lr": 9.951389003364144e-05, "train_loss": 0.5276473638912041, "fast_val": {"iou": 0.3860896471051892, "dice": 0.5570918849462977, "precision": 0.5723532343936265, "recall": 0.5426232618653946, "valid_voxels": 20134972, "positive_voxels": 848539, "loss": 0.5328550812167426, "cores": 96}, "full_val": {"iou": 0.3191049670952408, "dice": 0.48382043136101854, "precision": 0.4711009742757456, "recall": 0.49724578335032565, "valid_voxels": 510945619, "positive_voxels": 14228002, "loss": 0.5573090012952765, "cores": 2433}, "seconds": 186.4635260105133, "skipped_optimizer_steps": 0}
epoch 15 microstep 1/300 loss=0.60094 lr=9.92e-05 elapsed=1s
epoch 15 microstep 100/300 loss=0.41747 lr=9.92e-05 elapsed=48s
epoch 15 microstep 200/300 loss=0.61470 lr=9.92e-05 elapsed=95s
epoch 15 microstep 300/300 loss=0.58803 lr=9.92e-05 elapsed=142s
epoch 15: full validation starts (2433 cores)
{"epoch": 15, "lr": 9.92411472629598e-05, "train_loss": 0.5251116255049905, "fast_val": {"iou": 0.3614600254854338, "dice": 0.530988818943184, "precision": 0.5556082113914319, "recall": 0.5084586565850244, "valid_voxels": 20134972, "positive_voxels": 848539, "loss": 0.5352564924396574, "cores": 96}, "full_val": {"iou": 0.2940143238252368, "dice": 0.45442205455052587, "precision": 0.4619979584433185, "recall": 0.44709060344523427, "valid_voxels": 510945619, "positive_voxels": 14228002, "loss": 0.563521136987175, "cores": 2433}, "seconds": 186.0392472743988, "skipped_optimizer_steps": 1}
epoch 16 microstep 1/300 loss=0.60005 lr=9.89e-05 elapsed=1s
W0918 09:36:23.889000 3542032 torch/distributed/elastic/agent/server/api.py:739] Received Signals.SIGTERM death signal, shutting down workers
W0918 09:36:23.894000 3542032 torch/distributed/elastic/multiprocessing/api.py:1010] Sending process 3542057 closing signal SIGTERM
W0918 09:36:23.894000 3542032 torch/distributed/elastic/multiprocessing/api.py:1010] Sending process 3542058 closing signal SIGTERM
W0918 09:36:23.895000 3542032 torch/distributed/elastic/multiprocessing/api.py:1010] Sending process 3542059 closing signal SIGTERM
W0918 09:36:23.896000 3542032 torch/distributed/elastic/multiprocessing/api.py:1010] Sending process 3542060 closing signal SIGTERM
Traceback (most recent call last):
  File "/usr/lib/python3.10/runpy.py", line 196, in _run_module_as_main
    return _run_code(code, main_globals, None,
  File "/usr/lib/python3.10/runpy.py", line 86, in _run_code
    exec(code, run_globals)
  File "/hdd1/hukaixiao/projects/FAULTSEG3D/.venv/lib/python3.10/site-packages/torch/distributed/run.py", line 995, in <module>
    main()
  File "/hdd1/hukaixiao/projects/FAULTSEG3D/.venv/lib/python3.10/site-packages/torch/distributed/elastic/multiprocessing/errors/__init__.py", line 362, in wrapper
    return f(*args, **kwargs)
  File "/hdd1/hukaixiao/projects/FAULTSEG3D/.venv/lib/python3.10/site-packages/torch/distributed/run.py", line 991, in main
    run(args)
  File "/hdd1/hukaixiao/projects/FAULTSEG3D/.venv/lib/python3.10/site-packages/torch/distributed/run.py", line 982, in run
    elastic_launch(
  File "/hdd1/hukaixiao/projects/FAULTSEG3D/.venv/lib/python3.10/site-packages/torch/distributed/launcher/api.py", line 170, in __call__
    return launch_agent(self._config, self._entrypoint, list(args))
  File "/hdd1/hukaixiao/projects/FAULTSEG3D/.venv/lib/python3.10/site-packages/torch/distributed/launcher/api.py", line 308, in launch_agent
    result = agent.run()
  File "/hdd1/hukaixiao/projects/FAULTSEG3D/.venv/lib/python3.10/site-packages/torch/distributed/elastic/metrics/api.py", line 134, in wrapper
    result = f(*args, **kwargs)
  File "/hdd1/hukaixiao/projects/FAULTSEG3D/.venv/lib/python3.10/site-packages/torch/distributed/elastic/agent/server/api.py", line 731, in run
    result = self._invoke_run(role)
  File "/hdd1/hukaixiao/projects/FAULTSEG3D/.venv/lib/python3.10/site-packages/torch/distributed/elastic/agent/server/api.py", line 908, in _invoke_run
    time.sleep(monitor_interval)
  File "/hdd1/hukaixiao/projects/FAULTSEG3D/.venv/lib/python3.10/site-packages/torch/distributed/elastic/multiprocessing/api.py", line 86, in _terminate_process_handler
    raise SignalException(f"Process {os.getpid()} got signal: {sigval}", sigval=sigval)
torch.distributed.elastic.multiprocessing.api.SignalException: Process 3542032 got signal: 15
