unet_lg_b30 (unet_maxvit3d) params=6,098,751 world=4 batch=8 train=2400 fast=96 full=2433
/hdd1/hukaixiao/projects/FAULTSEG3D/.venv/lib/python3.10/site-packages/torch/distributed/c10d_logger.py:83: UserWarning: barrier(): using the device under current context. You can specify `device_id` in `init_process_group` to mute this warning.
  return func(*args, **kwargs)
epoch 1 microstep 1/300 loss=0.61456 lr=1e-06 elapsed=7s
epoch 1 microstep 100/300 loss=0.61411 lr=1e-06 elapsed=40s
epoch 1 microstep 200/300 loss=0.61457 lr=1e-06 elapsed=74s
epoch 1 microstep 300/300 loss=0.61389 lr=1e-06 elapsed=108s
epoch 1: full validation starts (2433 cores)
{"epoch": 1, "lr": 1e-06, "train_loss": 0.5933485266566276, "fast_val": {"iou": 0.04192929558563078, "dice": 0.08048395560672635, "precision": 0.048260425342858036, "recall": 0.24220336366389758, "valid_voxels": 20134972, "positive_voxels": 848539, "loss": 0.580581460458537, "cores": 96}, "full_val": {"iou": 0.028498556645747686, "dice": 0.0554177863675187, "precision": 0.03138200280930208, "recall": 0.23673689390822408, "valid_voxels": 510945619, "positive_voxels": 14228002, "loss": 0.58996598466012, "cores": 2433}, "seconds": 147.70891571044922, "skipped_optimizer_steps": 0, "unsup_loss": null, "lambda_u": null}
/hdd1/hukaixiao/projects/FAULTSEG3D/.venv/lib/python3.10/site-packages/torch/distributed/c10d_logger.py:83: UserWarning: barrier(): using the device under current context. You can specify `device_id` in `init_process_group` to mute this warning.
  return func(*args, **kwargs)
epoch 2 microstep 1/300 loss=0.61454 lr=1.2e-05 elapsed=1s
epoch 2 microstep 100/300 loss=0.59191 lr=1.2e-05 elapsed=35s
epoch 2 microstep 200/300 loss=0.58960 lr=1.2e-05 elapsed=69s
epoch 2 microstep 300/300 loss=0.61430 lr=1.2e-05 elapsed=103s
epoch 2: full validation starts (2433 cores)
{"epoch": 2, "lr": 1.2000000000000002e-05, "train_loss": 0.5854586163411538, "fast_val": {"iou": 0.14350424258638836, "dice": 0.25099031073432515, "precision": 0.18432902202798943, "recall": 0.3931816922969952, "valid_voxels": 20134972, "positive_voxels": 848539, "loss": 0.5679051885381341, "cores": 96}, "full_val": {"iou": 0.10420004954647007, "dice": 0.18873400628675635, "precision": 0.12504258104632465, "recall": 0.38466736229022175, "valid_voxels": 510945619, "positive_voxels": 14228002, "loss": 0.5808807518126491, "cores": 2433}, "seconds": 142.35886096954346, "skipped_optimizer_steps": 0, "unsup_loss": null, "lambda_u": null}
epoch 3 microstep 1/300 loss=0.60915 lr=2.3e-05 elapsed=1s
epoch 3 microstep 100/300 loss=0.58578 lr=2.3e-05 elapsed=35s
epoch 3 microstep 200/300 loss=0.47908 lr=2.3e-05 elapsed=69s
epoch 3 microstep 300/300 loss=0.50846 lr=2.3e-05 elapsed=104s
epoch 3: full validation starts (2433 cores)
{"epoch": 3, "lr": 2.3000000000000003e-05, "train_loss": 0.5784590019782384, "fast_val": {"iou": 0.16220772342185014, "dice": 0.2791372319300499, "precision": 0.2565687560757783, "recall": 0.3060590025915132, "valid_voxels": 20134972, "positive_voxels": 848539, "loss": 0.5686130269120137, "cores": 96}, "full_val": {"iou": 0.1198784383189031, "dice": 0.2140918767913019, "precision": 0.17096692245555487, "recall": 0.28631152849149166, "valid_voxels": 510945619, "positive_voxels": 14228002, "loss": 0.5804490312303088, "cores": 2433}, "seconds": 142.8555727005005, "skipped_optimizer_steps": 0, "unsup_loss": null, "lambda_u": null}
epoch 4 microstep 1/300 loss=0.55659 lr=3.4e-05 elapsed=1s
epoch 4 microstep 100/300 loss=0.59668 lr=3.4e-05 elapsed=35s
epoch 4 microstep 200/300 loss=0.58312 lr=3.4e-05 elapsed=70s
epoch 4 microstep 300/300 loss=0.54695 lr=3.4e-05 elapsed=104s
epoch 4: full validation starts (2433 cores)
{"epoch": 4, "lr": 3.4e-05, "train_loss": 0.5734884898364544, "fast_val": {"iou": 0.23417126451345374, "dice": 0.37947936602748705, "precision": 0.37569791428446025, "recall": 0.38333771341093337, "valid_voxels": 20134972, "positive_voxels": 848539, "loss": 0.5637718476355076, "cores": 96}, "full_val": {"iou": 0.16629317253994438, "dice": 0.28516530226751197, "precision": 0.26425443410374017, "recall": 0.3096699733384912, "valid_voxels": 510945619, "positive_voxels": 14228002, "loss": 0.5785757190667696, "cores": 2433}, "seconds": 143.19875693321228, "skipped_optimizer_steps": 0, "unsup_loss": null, "lambda_u": null}
epoch 5 microstep 1/300 loss=0.57447 lr=4.5e-05 elapsed=1s
epoch 5 microstep 100/300 loss=0.56189 lr=4.5e-05 elapsed=35s
epoch 5 microstep 200/300 loss=0.60423 lr=4.5e-05 elapsed=69s
epoch 5 microstep 300/300 loss=0.57064 lr=4.5e-05 elapsed=104s
epoch 5: full validation starts (2433 cores)
{"epoch": 5, "lr": 4.5e-05, "train_loss": 0.5708347298701604, "fast_val": {"iou": 0.27007384742410884, "dice": 0.42528841605841605, "precision": 0.3342797936123369, "recall": 0.5843903462304031, "valid_voxels": 20134972, "positive_voxels": 848539, "loss": 0.5513550937175751, "cores": 96}, "full_val": {"iou": 0.20006541494243302, "dice": 0.3334241824676368, "precision": 0.24143035398989443, "recall": 0.5386816785659715, "valid_voxels": 510945619, "positive_voxels": 14228002, "loss": 0.5697867172615939, "cores": 2433}, "seconds": 142.93534469604492, "skipped_optimizer_steps": 0, "unsup_loss": null, "lambda_u": null}
epoch 6 microstep 1/300 loss=0.50590 lr=5.6e-05 elapsed=1s
epoch 6 microstep 100/300 loss=0.53494 lr=5.6e-05 elapsed=35s
epoch 6 microstep 200/300 loss=0.60173 lr=5.6e-05 elapsed=69s
epoch 6 microstep 300/300 loss=0.57333 lr=5.6e-05 elapsed=103s
epoch 6: full validation starts (2433 cores)
{"epoch": 6, "lr": 5.6e-05, "train_loss": 0.5677327675620715, "fast_val": {"iou": 0.3278621169397077, "dice": 0.4938195205016071, "precision": 0.43566559696423135, "recall": 0.5698901287978514, "valid_voxels": 20134972, "positive_voxels": 848539, "loss": 0.5484325693299373, "cores": 96}, "full_val": {"iou": 0.26401134577021634, "dice": 0.4177357215244661, "precision": 0.3509345376207229, "recall": 0.5159474956497757, "valid_voxels": 510945619, "positive_voxels": 14228002, "loss": 0.5671241322246736, "cores": 2433}, "seconds": 142.74940156936646, "skipped_optimizer_steps": 0, "unsup_loss": null, "lambda_u": null}
epoch 7 microstep 1/300 loss=0.60223 lr=6.7e-05 elapsed=1s
epoch 7 microstep 100/300 loss=0.60580 lr=6.7e-05 elapsed=35s
epoch 7 microstep 200/300 loss=0.51952 lr=6.7e-05 elapsed=69s
epoch 7 microstep 300/300 loss=0.54936 lr=6.7e-05 elapsed=104s
epoch 7: full validation starts (2433 cores)
{"epoch": 7, "lr": 6.7e-05, "train_loss": 0.562753360097607, "fast_val": {"iou": 0.33981772545628686, "dice": 0.5072596353963879, "precision": 0.48344524319037063, "recall": 0.5335417700306055, "valid_voxels": 20134972, "positive_voxels": 848539, "loss": 0.5491750199968616, "cores": 96}, "full_val": {"iou": 0.258675315886722, "dice": 0.4110278681432443, "precision": 0.38683350908944114, "recall": 0.4384505990370257, "valid_voxels": 510945619, "positive_voxels": 14228002, "loss": 0.5699074914854249, "cores": 2433}, "seconds": 143.24716806411743, "skipped_optimizer_steps": 0, "unsup_loss": null, "lambda_u": null}
epoch 8 microstep 1/300 loss=0.59307 lr=7.8e-05 elapsed=1s
epoch 8 microstep 100/300 loss=0.51695 lr=7.8e-05 elapsed=35s
epoch 8 microstep 200/300 loss=0.60103 lr=7.8e-05 elapsed=69s
epoch 8 microstep 300/300 loss=0.60121 lr=7.8e-05 elapsed=104s
epoch 8: full validation starts (2433 cores)
{"epoch": 8, "lr": 7.8e-05, "train_loss": 0.5599206561098496, "fast_val": {"iou": 0.3346738033533518, "dice": 0.5015065141946863, "precision": 0.48478652295907987, "recall": 0.5194210283793673, "valid_voxels": 20134972, "positive_voxels": 848539, "loss": 0.5469915637125572, "cores": 96}, "full_val": {"iou": 0.27028718098065363, "dice": 0.4255528750152287, "precision": 0.3965815368919369, "recall": 0.45909067204235704, "valid_voxels": 510945619, "positive_voxels": 14228002, "loss": 0.5677355801525108, "cores": 2433}, "seconds": 143.02011609077454, "skipped_optimizer_steps": 0, "unsup_loss": null, "lambda_u": null}
epoch 9 microstep 1/300 loss=0.51677 lr=8.9e-05 elapsed=1s
epoch 9 microstep 100/300 loss=0.60381 lr=8.9e-05 elapsed=35s
epoch 9 microstep 200/300 loss=0.60449 lr=8.9e-05 elapsed=69s
epoch 9 microstep 300/300 loss=0.59011 lr=8.9e-05 elapsed=104s
epoch 9: full validation starts (2433 cores)
{"epoch": 9, "lr": 8.900000000000001e-05, "train_loss": 0.5567307916035255, "fast_val": {"iou": 0.38651305247089995, "dice": 0.5575325119112242, "precision": 0.46804812705850724, "recall": 0.68932129224467, "valid_voxels": 20134972, "positive_voxels": 848539, "loss": 0.5305165192112327, "cores": 96}, "full_val": {"iou": 0.2954398853075918, "dice": 0.4561228794301666, "precision": 0.3712574726100832, "recall": 0.5912839343148814, "valid_voxels": 510945619, "positive_voxels": 14228002, "loss": 0.5573273945126669, "cores": 2433}, "seconds": 142.98948645591736, "skipped_optimizer_steps": 0, "unsup_loss": null, "lambda_u": null}
epoch 10 microstep 1/300 loss=0.54349 lr=0.0001 elapsed=1s
epoch 10 microstep 100/300 loss=0.52627 lr=0.0001 elapsed=35s
epoch 10 microstep 200/300 loss=0.59245 lr=0.0001 elapsed=69s
W0918 13:23:58.236000 3564094 torch/distributed/elastic/agent/server/api.py:739] Received Signals.SIGTERM death signal, shutting down workers
W0918 13:23:58.242000 3564094 torch/distributed/elastic/multiprocessing/api.py:1010] Sending process 3564121 closing signal SIGTERM
W0918 13:23:58.243000 3564094 torch/distributed/elastic/multiprocessing/api.py:1010] Sending process 3564122 closing signal SIGTERM
W0918 13:23:58.243000 3564094 torch/distributed/elastic/multiprocessing/api.py:1010] Sending process 3564123 closing signal SIGTERM
W0918 13:23:58.244000 3564094 torch/distributed/elastic/multiprocessing/api.py:1010] Sending process 3564124 closing signal SIGTERM
Traceback (most recent call last):
  File "/usr/lib/python3.10/runpy.py", line 196, in _run_module_as_main
    return _run_code(code, main_globals, None,
  File "/usr/lib/python3.10/runpy.py", line 86, in _run_code
    exec(code, run_globals)
  File "/hdd1/hukaixiao/projects/FAULTSEG3D/.venv/lib/python3.10/site-packages/torch/distributed/run.py", line 995, in <module>
    main()
  File "/hdd1/hukaixiao/projects/FAULTSEG3D/.venv/lib/python3.10/site-packages/torch/distributed/elastic/multiprocessing/errors/__init__.py", line 362, in wrapper
    return f(*args, **kwargs)
  File "/hdd1/hukaixiao/projects/FAULTSEG3D/.venv/lib/python3.10/site-packages/torch/distributed/run.py", line 991, in main
    run(args)
  File "/hdd1/hukaixiao/projects/FAULTSEG3D/.venv/lib/python3.10/site-packages/torch/distributed/run.py", line 982, in run
    elastic_launch(
  File "/hdd1/hukaixiao/projects/FAULTSEG3D/.venv/lib/python3.10/site-packages/torch/distributed/launcher/api.py", line 170, in __call__
    return launch_agent(self._config, self._entrypoint, list(args))
  File "/hdd1/hukaixiao/projects/FAULTSEG3D/.venv/lib/python3.10/site-packages/torch/distributed/launcher/api.py", line 308, in launch_agent
    result = agent.run()
  File "/hdd1/hukaixiao/projects/FAULTSEG3D/.venv/lib/python3.10/site-packages/torch/distributed/elastic/metrics/api.py", line 134, in wrapper
    result = f(*args, **kwargs)
  File "/hdd1/hukaixiao/projects/FAULTSEG3D/.venv/lib/python3.10/site-packages/torch/distributed/elastic/agent/server/api.py", line 731, in run
    result = self._invoke_run(role)
  File "/hdd1/hukaixiao/projects/FAULTSEG3D/.venv/lib/python3.10/site-packages/torch/distributed/elastic/agent/server/api.py", line 908, in _invoke_run
    time.sleep(monitor_interval)
  File "/hdd1/hukaixiao/projects/FAULTSEG3D/.venv/lib/python3.10/site-packages/torch/distributed/elastic/multiprocessing/api.py", line 86, in _terminate_process_handler
    raise SignalException(f"Process {os.getpid()} got signal: {sigval}", sigval=sigval)
torch.distributed.elastic.multiprocessing.api.SignalException: Process 3564094 got signal: 15
