full: maxvit3d_d2s 40.23M  world=4 global_batch=8 d2s=True profile=True trace=True
epoch=001 train=0.57145 (seg 0.57145 pr 0.0000 tr 0.0000 ramp 0.00) val=0.56296 IoU=0.0896 P=0.091 R=0.859 lr=1.09e-05 56s
epoch=002 train=0.55643 (seg 0.55643 pr 0.0000 tr 0.0000 ramp 0.00) val=0.54445 IoU=0.1691 P=0.176 R=0.819 lr=2.08e-05 48s
epoch=003 train=0.54392 (seg 0.54392 pr 0.0000 tr 0.0000 ramp 0.00) val=0.53602 IoU=0.2117 P=0.222 R=0.821 lr=3.07e-05 48s
epoch=004 train=0.53627 (seg 0.53627 pr 0.0000 tr 0.0000 ramp 0.00) val=0.52961 IoU=0.2443 P=0.258 R=0.823 lr=4.06e-05 48s
epoch=005 train=0.53012 (seg 0.53012 pr 0.0000 tr 0.0000 ramp 0.00) val=0.52359 IoU=0.2692 P=0.285 R=0.831 lr=5.05e-05 49s
epoch=006 train=0.52405 (seg 0.52405 pr 0.0000 tr 0.0000 ramp 0.00) val=0.51651 IoU=0.2849 P=0.300 R=0.852 lr=6.04e-05 48s
epoch=007 train=0.51734 (seg 0.51734 pr 0.0000 tr 0.0000 ramp 0.00) val=0.50867 IoU=0.3221 P=0.341 R=0.855 lr=7.03e-05 48s
epoch=008 train=0.51060 (seg 0.51060 pr 0.0000 tr 0.0000 ramp 0.00) val=0.50089 IoU=0.3268 P=0.344 R=0.866 lr=8.02e-05 48s
epoch=009 train=0.50111 (seg 0.50111 pr 0.0000 tr 0.0000 ramp 0.00) val=0.49030 IoU=0.3541 P=0.374 R=0.870 lr=9.01e-05 48s
epoch=010 train=0.49055 (seg 0.49055 pr 0.0000 tr 0.0000 ramp 0.00) val=0.47842 IoU=0.3906 P=0.417 R=0.862 lr=1.00e-04 48s
epoch=011 train=0.47887 (seg 0.47704 pr 0.2059 tr 0.3210 ramp 0.05) val=0.46285 IoU=0.4249 P=0.455 R=0.864 lr=1.00e-04 50s
epoch=012 train=0.46327 (seg 0.45995 pr 0.1897 tr 0.2835 ramp 0.10) val=0.44256 IoU=0.4765 P=0.513 R=0.870 lr=1.00e-04 50s
epoch=013 train=0.44690 (seg 0.44225 pr 0.1756 tr 0.2681 ramp 0.15) val=0.42318 IoU=0.5058 P=0.549 R=0.866 lr=9.99e-05 50s
epoch=014 train=0.42730 (seg 0.42157 pr 0.1594 tr 0.2542 ramp 0.20) val=0.40192 IoU=0.5261 P=0.574 R=0.864 lr=9.99e-05 50s
epoch=015 train=0.40632 (seg 0.39979 pr 0.1457 tr 0.2313 ramp 0.25) val=0.37837 IoU=0.5489 P=0.601 R=0.863 lr=9.98e-05 50s
epoch=016 train=0.38332 (seg 0.37611 pr 0.1317 tr 0.2172 ramp 0.30) val=0.35545 IoU=0.5687 P=0.627 R=0.859 lr=9.98e-05 51s
epoch=017 train=0.36227 (seg 0.35444 pr 0.1211 tr 0.2049 ramp 0.35) val=0.33082 IoU=0.5845 P=0.642 R=0.867 lr=9.97e-05 50s
epoch=018 train=0.34096 (seg 0.33243 pr 0.1123 tr 0.2020 ramp 0.40) val=0.31128 IoU=0.5910 P=0.656 R=0.856 lr=9.96e-05 51s
epoch=019 train=0.31902 (seg 0.31002 pr 0.1034 tr 0.1932 ramp 0.45) val=0.28955 IoU=0.6144 P=0.693 R=0.844 lr=9.94e-05 50s
epoch=020 train=0.29850 (seg 0.28908 pr 0.0954 tr 0.1859 ramp 0.50) val=0.26403 IoU=0.6495 P=0.737 R=0.845 lr=9.93e-05 50s
epoch=021 train=0.28063 (seg 0.27088 pr 0.0888 tr 0.1773 ramp 0.55) val=0.24708 IoU=0.6579 P=0.750 R=0.843 lr=9.92e-05 50s
epoch=022 train=0.26456 (seg 0.25420 pr 0.0843 tr 0.1769 ramp 0.60) val=0.23276 IoU=0.6680 P=0.776 R=0.827 lr=9.90e-05 50s
epoch=023 train=0.24746 (seg 0.23697 pr 0.0783 tr 0.1662 ramp 0.65) val=0.21822 IoU=0.6706 P=0.776 R=0.831 lr=9.89e-05 50s
epoch=024 train=0.23713 (seg 0.22590 pr 0.0766 tr 0.1677 ramp 0.70) val=0.20485 IoU=0.6800 P=0.786 R=0.835 lr=9.87e-05 50s
epoch=025 train=0.22422 (seg 0.21272 pr 0.0721 tr 0.1624 ramp 0.75) val=0.19422 IoU=0.6842 P=0.791 R=0.836 lr=9.85e-05 50s
epoch=026 train=0.21393 (seg 0.20199 pr 0.0691 tr 0.1604 ramp 0.80) val=0.18420 IoU=0.6911 P=0.798 R=0.838 lr=9.83e-05 54s
epoch=027 train=0.20782 (seg 0.19536 pr 0.0689 tr 0.1555 ramp 0.85) val=0.17682 IoU=0.6912 P=0.793 R=0.843 lr=9.80e-05 50s
epoch=028 train=0.19900 (seg 0.18612 pr 0.0660 tr 0.1541 ramp 0.90) val=0.17157 IoU=0.6897 P=0.794 R=0.840 lr=9.78e-05 50s
epoch=029 train=0.19281 (seg 0.17943 pr 0.0644 tr 0.1528 ramp 0.95) val=0.16097 IoU=0.7057 P=0.808 R=0.848 lr=9.76e-05 51s
epoch=030 train=0.18650 (seg 0.17280 pr 0.0626 tr 0.1489 ramp 1.00) val=0.15512 IoU=0.7105 P=0.823 R=0.839 lr=9.73e-05 50s
epoch=031 train=0.18208 (seg 0.16830 pr 0.0623 tr 0.1511 ramp 1.00) val=0.14685 IoU=0.7206 P=0.826 R=0.849 lr=9.70e-05 50s
epoch=032 train=0.17496 (seg 0.16175 pr 0.0594 tr 0.1452 ramp 1.00) val=0.14676 IoU=0.7169 P=0.848 R=0.823 lr=9.67e-05 50s
epoch=033 train=0.17004 (seg 0.15724 pr 0.0586 tr 0.1388 ramp 1.00) val=0.13993 IoU=0.7248 P=0.842 R=0.839 lr=9.64e-05 50s
epoch=034 train=0.16592 (seg 0.15329 pr 0.0572 tr 0.1381 ramp 1.00) val=0.13615 IoU=0.7274 P=0.843 R=0.841 lr=9.61e-05 50s
epoch=035 train=0.16047 (seg 0.14801 pr 0.0559 tr 0.1375 ramp 1.00) val=0.13411 IoU=0.7261 P=0.838 R=0.845 lr=9.58e-05 50s
epoch=036 train=0.16077 (seg 0.14819 pr 0.0570 tr 0.1377 ramp 1.00) val=0.13063 IoU=0.7287 P=0.837 R=0.849 lr=9.55e-05 50s
epoch=037 train=0.15375 (seg 0.14175 pr 0.0541 tr 0.1319 ramp 1.00) val=0.12720 IoU=0.7336 P=0.845 R=0.848 lr=9.51e-05 50s
epoch=038 train=0.15241 (seg 0.14023 pr 0.0540 tr 0.1355 ramp 1.00) val=0.12541 IoU=0.7321 P=0.832 R=0.859 lr=9.47e-05 50s
epoch=039 train=0.14731 (seg 0.13575 pr 0.0522 tr 0.1267 ramp 1.00) val=0.11998 IoU=0.7422 P=0.845 R=0.859 lr=9.44e-05 52s
epoch=040 train=0.14736 (seg 0.13558 pr 0.0530 tr 0.1298 ramp 1.00) val=0.11871 IoU=0.7445 P=0.860 R=0.847 lr=9.40e-05 50s
epoch=041 train=0.14159 (seg 0.13039 pr 0.0504 tr 0.1233 ramp 1.00) val=0.11720 IoU=0.7443 P=0.853 R=0.853 lr=9.36e-05 50s
epoch=042 train=0.14250 (seg 0.13088 pr 0.0513 tr 0.1298 ramp 1.00) val=0.11441 IoU=0.7500 P=0.863 R=0.852 lr=9.32e-05 50s
epoch=043 train=0.13968 (seg 0.12858 pr 0.0509 tr 0.1200 ramp 1.00) val=0.11481 IoU=0.7447 P=0.849 R=0.858 lr=9.27e-05 50s
epoch=044 train=0.14043 (seg 0.12892 pr 0.0515 tr 0.1272 ramp 1.00) val=0.11312 IoU=0.7486 P=0.871 R=0.842 lr=9.23e-05 50s
epoch=045 train=0.13727 (seg 0.12615 pr 0.0504 tr 0.1215 ramp 1.00) val=0.11321 IoU=0.7459 P=0.869 R=0.841 lr=9.19e-05 50s
epoch=046 train=0.13590 (seg 0.12487 pr 0.0499 tr 0.1208 ramp 1.00) val=0.11021 IoU=0.7487 P=0.844 R=0.869 lr=9.14e-05 51s
epoch=047 train=0.13442 (seg 0.12321 pr 0.0494 tr 0.1254 ramp 1.00) val=0.10830 IoU=0.7549 P=0.873 R=0.848 lr=9.09e-05 50s
epoch=048 train=0.13252 (seg 0.12157 pr 0.0488 tr 0.1212 ramp 1.00) val=0.10935 IoU=0.7501 P=0.866 R=0.849 lr=9.05e-05 50s
epoch=049 train=0.13077 (seg 0.11997 pr 0.0482 tr 0.1197 ramp 1.00) val=0.10964 IoU=0.7478 P=0.865 R=0.847 lr=9.00e-05 50s
epoch=050 train=0.12900 (seg 0.11831 pr 0.0476 tr 0.1187 ramp 1.00) val=0.10456 IoU=0.7576 P=0.852 R=0.872 lr=8.95e-05 50s
epoch=051 train=0.12706 (seg 0.11663 pr 0.0468 tr 0.1149 ramp 1.00) val=0.10196 IoU=0.7642 P=0.872 R=0.861 lr=8.90e-05 51s
epoch=052 train=0.12564 (seg 0.11538 pr 0.0464 tr 0.1124 ramp 1.00) val=0.10220 IoU=0.7629 P=0.875 R=0.856 lr=8.84e-05 50s
epoch=053 train=0.12554 (seg 0.11508 pr 0.0468 tr 0.1157 ramp 1.00) val=0.10093 IoU=0.7651 P=0.880 R=0.855 lr=8.79e-05 50s
epoch=054 train=0.12448 (seg 0.11416 pr 0.0464 tr 0.1137 ramp 1.00) val=0.10060 IoU=0.7649 P=0.879 R=0.855 lr=8.74e-05 50s
epoch=055 train=0.12365 (seg 0.11329 pr 0.0460 tr 0.1151 ramp 1.00) val=0.10257 IoU=0.7575 P=0.856 R=0.869 lr=8.68e-05 50s
epoch=056 train=0.12109 (seg 0.11099 pr 0.0450 tr 0.1120 ramp 1.00) val=0.10096 IoU=0.7625 P=0.883 R=0.849 lr=8.62e-05 51s
epoch=057 train=0.12173 (seg 0.11154 pr 0.0455 tr 0.1127 ramp 1.00) val=0.09793 IoU=0.7690 P=0.888 R=0.851 lr=8.57e-05 51s
epoch=058 train=0.11845 (seg 0.10853 pr 0.0439 tr 0.1105 ramp 1.00) val=0.09936 IoU=0.7637 P=0.863 R=0.869 lr=8.51e-05 51s
epoch=059 train=0.11973 (seg 0.10976 pr 0.0445 tr 0.1105 ramp 1.00) val=0.09839 IoU=0.7654 P=0.871 R=0.863 lr=8.45e-05 50s
epoch=060 train=0.11990 (seg 0.10987 pr 0.0450 tr 0.1106 ramp 1.00) val=0.09788 IoU=0.7661 P=0.873 R=0.862 lr=8.39e-05 50s
epoch=061 train=0.11700 (seg 0.10721 pr 0.0439 tr 0.1082 ramp 1.00) val=0.09588 IoU=0.7706 P=0.880 R=0.861 lr=8.33e-05 50s
epoch=062 train=0.11790 (seg 0.10811 pr 0.0443 tr 0.1072 ramp 1.00) val=0.09521 IoU=0.7706 P=0.879 R=0.862 lr=8.26e-05 50s
epoch=063 train=0.11489 (seg 0.10545 pr 0.0431 tr 0.1027 ramp 1.00) val=0.09408 IoU=0.7739 P=0.880 R=0.866 lr=8.20e-05 50s
epoch=064 train=0.11578 (seg 0.10602 pr 0.0432 tr 0.1088 ramp 1.00) val=0.09373 IoU=0.7737 P=0.869 R=0.876 lr=8.14e-05 50s
epoch=065 train=0.11625 (seg 0.10662 pr 0.0440 tr 0.1046 ramp 1.00) val=0.09921 IoU=0.7588 P=0.854 R=0.872 lr=8.07e-05 50s
epoch=066 train=0.11608 (seg 0.10644 pr 0.0437 tr 0.1054 ramp 1.00) val=0.09268 IoU=0.7752 P=0.869 R=0.878 lr=8.01e-05 50s
epoch=067 train=0.11500 (seg 0.10535 pr 0.0431 tr 0.1067 ramp 1.00) val=0.09384 IoU=0.7732 P=0.882 R=0.862 lr=7.94e-05 50s
epoch=068 train=0.11407 (seg 0.10455 pr 0.0430 tr 0.1045 ramp 1.00) val=0.09014 IoU=0.7811 P=0.878 R=0.876 lr=7.87e-05 50s
epoch=069 train=0.11230 (seg 0.10318 pr 0.0420 tr 0.0984 ramp 1.00) val=0.08986 IoU=0.7814 P=0.882 R=0.872 lr=7.81e-05 50s
epoch=070 train=0.11074 (seg 0.10145 pr 0.0415 tr 0.1029 ramp 1.00) val=0.08993 IoU=0.7814 P=0.884 R=0.870 lr=7.74e-05 50s
epoch=071 train=0.11058 (seg 0.10134 pr 0.0414 tr 0.1019 ramp 1.00) val=0.09480 IoU=0.7692 P=0.871 R=0.868 lr=7.67e-05 51s
epoch=072 train=0.11138 (seg 0.10207 pr 0.0420 tr 0.1022 ramp 1.00) val=0.08841 IoU=0.7844 P=0.885 R=0.873 lr=7.60e-05 50s
epoch=073 train=0.11002 (seg 0.10083 pr 0.0411 tr 0.1016 ramp 1.00) val=0.08825 IoU=0.7848 P=0.893 R=0.866 lr=7.53e-05 50s
epoch=074 train=0.10951 (seg 0.10039 pr 0.0411 tr 0.1004 ramp 1.00) val=0.09109 IoU=0.7774 P=0.885 R=0.865 lr=7.45e-05 50s
epoch=075 train=0.10863 (seg 0.09948 pr 0.0409 tr 0.1012 ramp 1.00) val=0.08831 IoU=0.7836 P=0.881 R=0.877 lr=7.38e-05 50s
epoch=076 train=0.10941 (seg 0.10025 pr 0.0413 tr 0.1006 ramp 1.00) val=0.09634 IoU=0.7632 P=0.870 R=0.861 lr=7.31e-05 50s
epoch=077 train=0.10889 (seg 0.09960 pr 0.0410 tr 0.1039 ramp 1.00) val=0.08992 IoU=0.7785 P=0.863 R=0.888 lr=7.24e-05 50s
epoch=078 train=0.10728 (seg 0.09824 pr 0.0402 tr 0.1004 ramp 1.00) val=0.08828 IoU=0.7835 P=0.892 R=0.866 lr=7.16e-05 50s
epoch=079 train=0.10618 (seg 0.09726 pr 0.0396 tr 0.0992 ramp 1.00) val=0.08659 IoU=0.7860 P=0.869 R=0.891 lr=7.09e-05 50s
epoch=080 train=0.10507 (seg 0.09629 pr 0.0393 tr 0.0969 ramp 1.00) val=0.08513 IoU=0.7898 P=0.890 R=0.875 lr=7.01e-05 50s
epoch=081 train=0.10520 (seg 0.09636 pr 0.0394 tr 0.0981 ramp 1.00) val=0.08526 IoU=0.7892 P=0.879 R=0.885 lr=6.94e-05 50s
epoch=082 train=0.10376 (seg 0.09520 pr 0.0386 tr 0.0940 ramp 1.00) val=0.08457 IoU=0.7914 P=0.892 R=0.876 lr=6.86e-05 50s
epoch=083 train=0.10335 (seg 0.09484 pr 0.0388 tr 0.0926 ramp 1.00) val=0.08464 IoU=0.7909 P=0.888 R=0.878 lr=6.78e-05 50s
epoch=084 train=0.10238 (seg 0.09392 pr 0.0381 tr 0.0930 ramp 1.00) val=0.08605 IoU=0.7873 P=0.885 R=0.877 lr=6.70e-05 50s
epoch=085 train=0.10361 (seg 0.09488 pr 0.0386 tr 0.0975 ramp 1.00) val=0.08476 IoU=0.7910 P=0.894 R=0.873 lr=6.63e-05 51s
epoch=086 train=0.10338 (seg 0.09476 pr 0.0387 tr 0.0950 ramp 1.00) val=0.08376 IoU=0.7928 P=0.886 R=0.883 lr=6.55e-05 50s
epoch=087 train=0.10416 (seg 0.09543 pr 0.0390 tr 0.0967 ramp 1.00) val=0.08468 IoU=0.7898 P=0.880 R=0.885 lr=6.47e-05 50s
epoch=088 train=0.10339 (seg 0.09493 pr 0.0389 tr 0.0913 ramp 1.00) val=0.08478 IoU=0.7905 P=0.888 R=0.878 lr=6.39e-05 50s
epoch=089 train=0.10295 (seg 0.09433 pr 0.0385 tr 0.0955 ramp 1.00) val=0.08587 IoU=0.7877 P=0.886 R=0.876 lr=6.31e-05 50s
epoch=090 train=0.10052 (seg 0.09214 pr 0.0375 tr 0.0926 ramp 1.00) val=0.08485 IoU=0.7899 P=0.887 R=0.878 lr=6.23e-05 50s
epoch=091 train=0.10060 (seg 0.09237 pr 0.0373 tr 0.0900 ramp 1.00) val=0.08303 IoU=0.7950 P=0.903 R=0.869 lr=6.15e-05 50s
epoch=092 train=0.10095 (seg 0.09249 pr 0.0376 tr 0.0941 ramp 1.00) val=0.08330 IoU=0.7929 P=0.888 R=0.881 lr=6.07e-05 50s
epoch=093 train=0.09903 (seg 0.09071 pr 0.0368 tr 0.0929 ramp 1.00) val=0.08557 IoU=0.7888 P=0.900 R=0.864 lr=5.99e-05 50s
epoch=094 train=0.09788 (seg 0.08980 pr 0.0363 tr 0.0889 ramp 1.00) val=0.08189 IoU=0.7962 P=0.893 R=0.881 lr=5.91e-05 50s
epoch=095 train=0.09806 (seg 0.08996 pr 0.0364 tr 0.0893 ramp 1.00) val=0.08045 IoU=0.7998 P=0.894 R=0.884 lr=5.83e-05 50s
epoch=096 train=0.09931 (seg 0.09118 pr 0.0371 tr 0.0883 ramp 1.00) val=0.08154 IoU=0.7969 P=0.890 R=0.884 lr=5.75e-05 51s
epoch=097 train=0.09892 (seg 0.09070 pr 0.0368 tr 0.0909 ramp 1.00) val=0.08040 IoU=0.8001 P=0.903 R=0.875 lr=5.66e-05 51s
epoch=098 train=0.09890 (seg 0.09068 pr 0.0368 tr 0.0908 ramp 1.00) val=0.08017 IoU=0.7999 P=0.889 R=0.888 lr=5.58e-05 50s
epoch=099 train=0.09736 (seg 0.08931 pr 0.0362 tr 0.0887 ramp 1.00) val=0.07987 IoU=0.8011 P=0.901 R=0.879 lr=5.50e-05 50s
epoch=100 train=0.09808 (seg 0.08986 pr 0.0366 tr 0.0911 ramp 1.00) val=0.08110 IoU=0.7976 P=0.889 R=0.886 lr=5.42e-05 50s
epoch=101 train=0.09746 (seg 0.08946 pr 0.0362 tr 0.0876 ramp 1.00) val=0.08020 IoU=0.8000 P=0.895 R=0.883 lr=5.34e-05 50s
epoch=102 train=0.09634 (seg 0.08832 pr 0.0357 tr 0.0890 ramp 1.00) val=0.08164 IoU=0.7964 P=0.889 R=0.884 lr=5.25e-05 50s
epoch=103 train=0.09673 (seg 0.08868 pr 0.0359 tr 0.0892 ramp 1.00) val=0.08296 IoU=0.7920 P=0.890 R=0.878 lr=5.17e-05 50s
epoch=104 train=0.09449 (seg 0.08675 pr 0.0349 tr 0.0851 ramp 1.00) val=0.08083 IoU=0.7979 P=0.892 R=0.883 lr=5.09e-05 50s
epoch=105 train=0.09680 (seg 0.08873 pr 0.0359 tr 0.0894 ramp 1.00) val=0.07973 IoU=0.8011 P=0.899 R=0.880 lr=5.01e-05 50s
epoch=106 train=0.09541 (seg 0.08744 pr 0.0355 tr 0.0884 ramp 1.00) val=0.07938 IoU=0.8012 P=0.896 R=0.883 lr=4.92e-05 50s
epoch=107 train=0.09482 (seg 0.08699 pr 0.0350 tr 0.0866 ramp 1.00) val=0.07965 IoU=0.8001 P=0.884 R=0.894 lr=4.84e-05 50s
epoch=108 train=0.09423 (seg 0.08656 pr 0.0347 tr 0.0840 ramp 1.00) val=0.07893 IoU=0.8023 P=0.892 R=0.889 lr=4.76e-05 52s
epoch=109 train=0.09535 (seg 0.08771 pr 0.0357 tr 0.0815 ramp 1.00) val=0.07979 IoU=0.8010 P=0.901 R=0.878 lr=4.67e-05 50s
epoch=110 train=0.09378 (seg 0.08597 pr 0.0346 tr 0.0871 ramp 1.00) val=0.07845 IoU=0.8026 P=0.882 R=0.899 lr=4.59e-05 50s
epoch=111 train=0.09270 (seg 0.08514 pr 0.0340 tr 0.0831 ramp 1.00) val=0.07811 IoU=0.8038 P=0.889 R=0.894 lr=4.51e-05 50s
epoch=112 train=0.09471 (seg 0.08686 pr 0.0352 tr 0.0866 ramp 1.00) val=0.08089 IoU=0.7965 P=0.879 R=0.894 lr=4.43e-05 50s
epoch=113 train=0.09337 (seg 0.08571 pr 0.0345 tr 0.0842 ramp 1.00) val=0.07713 IoU=0.8071 P=0.899 R=0.888 lr=4.35e-05 50s
epoch=114 train=0.09265 (seg 0.08518 pr 0.0342 tr 0.0811 ramp 1.00) val=0.07915 IoU=0.8006 P=0.881 R=0.898 lr=4.26e-05 50s
epoch=115 train=0.09327 (seg 0.08564 pr 0.0345 tr 0.0836 ramp 1.00) val=0.07738 IoU=0.8063 P=0.905 R=0.881 lr=4.18e-05 51s
epoch=116 train=0.09385 (seg 0.08609 pr 0.0346 tr 0.0860 ramp 1.00) val=0.07734 IoU=0.8062 P=0.898 R=0.888 lr=4.10e-05 51s
epoch=117 train=0.09208 (seg 0.08451 pr 0.0339 tr 0.0836 ramp 1.00) val=0.07734 IoU=0.8059 P=0.894 R=0.891 lr=4.02e-05 51s
epoch=118 train=0.09189 (seg 0.08429 pr 0.0338 tr 0.0844 ramp 1.00) val=0.07718 IoU=0.8068 P=0.899 R=0.888 lr=3.94e-05 51s
epoch=119 train=0.09035 (seg 0.08291 pr 0.0331 tr 0.0826 ramp 1.00) val=0.07721 IoU=0.8071 P=0.903 R=0.883 lr=3.86e-05 52s
epoch=120 train=0.09154 (seg 0.08405 pr 0.0334 tr 0.0830 ramp 1.00) val=0.07635 IoU=0.8080 P=0.901 R=0.887 lr=3.78e-05 51s
epoch=121 train=0.09115 (seg 0.08358 pr 0.0336 tr 0.0841 ramp 1.00) val=0.07672 IoU=0.8076 P=0.901 R=0.886 lr=3.70e-05 50s
epoch=122 train=0.09187 (seg 0.08447 pr 0.0339 tr 0.0801 ramp 1.00) val=0.07685 IoU=0.8077 P=0.906 R=0.881 lr=3.62e-05 50s
epoch=123 train=0.09100 (seg 0.08361 pr 0.0336 tr 0.0807 ramp 1.00) val=0.07657 IoU=0.8083 P=0.909 R=0.880 lr=3.54e-05 50s
epoch=124 train=0.08974 (seg 0.08244 pr 0.0328 tr 0.0805 ramp 1.00) val=0.07617 IoU=0.8082 P=0.897 R=0.891 lr=3.46e-05 50s
epoch=125 train=0.09061 (seg 0.08325 pr 0.0333 tr 0.0805 ramp 1.00) val=0.07581 IoU=0.8099 P=0.904 R=0.886 lr=3.38e-05 50s
epoch=126 train=0.08947 (seg 0.08223 pr 0.0327 tr 0.0794 ramp 1.00) val=0.07507 IoU=0.8117 P=0.910 R=0.883 lr=3.31e-05 50s
epoch=127 train=0.08855 (seg 0.08143 pr 0.0325 tr 0.0776 ramp 1.00) val=0.07533 IoU=0.8101 P=0.899 R=0.891 lr=3.23e-05 51s
epoch=128 train=0.08933 (seg 0.08206 pr 0.0328 tr 0.0800 ramp 1.00) val=0.07561 IoU=0.8094 P=0.895 R=0.894 lr=3.15e-05 51s
epoch=129 train=0.08937 (seg 0.08210 pr 0.0327 tr 0.0800 ramp 1.00) val=0.07546 IoU=0.8101 P=0.904 R=0.886 lr=3.07e-05 51s
epoch=130 train=0.08672 (seg 0.07969 pr 0.0317 tr 0.0772 ramp 1.00) val=0.07478 IoU=0.8119 P=0.901 R=0.891 lr=3.00e-05 51s
epoch=131 train=0.08965 (seg 0.08233 pr 0.0329 tr 0.0805 ramp 1.00) val=0.07483 IoU=0.8116 P=0.896 R=0.896 lr=2.92e-05 50s
epoch=132 train=0.08852 (seg 0.08131 pr 0.0322 tr 0.0798 ramp 1.00) val=0.07496 IoU=0.8115 P=0.906 R=0.886 lr=2.85e-05 50s
epoch=133 train=0.08781 (seg 0.08075 pr 0.0319 tr 0.0773 ramp 1.00) val=0.07474 IoU=0.8117 P=0.903 R=0.890 lr=2.77e-05 50s
epoch=134 train=0.08752 (seg 0.08045 pr 0.0317 tr 0.0779 ramp 1.00) val=0.07432 IoU=0.8129 P=0.902 R=0.891 lr=2.70e-05 50s
epoch=135 train=0.08944 (seg 0.08216 pr 0.0327 tr 0.0803 ramp 1.00) val=0.07521 IoU=0.8106 P=0.906 R=0.885 lr=2.63e-05 51s
epoch=136 train=0.08705 (seg 0.07999 pr 0.0315 tr 0.0782 ramp 1.00) val=0.07509 IoU=0.8105 P=0.905 R=0.886 lr=2.56e-05 50s
epoch=137 train=0.08810 (seg 0.08098 pr 0.0320 tr 0.0785 ramp 1.00) val=0.07519 IoU=0.8102 P=0.901 R=0.890 lr=2.48e-05 50s
epoch=138 train=0.08690 (seg 0.07980 pr 0.0315 tr 0.0788 ramp 1.00) val=0.07400 IoU=0.8131 P=0.897 R=0.897 lr=2.41e-05 51s
epoch=139 train=0.08703 (seg 0.07998 pr 0.0318 tr 0.0776 ramp 1.00) val=0.07489 IoU=0.8105 P=0.892 R=0.899 lr=2.34e-05 50s
epoch=140 train=0.08779 (seg 0.08078 pr 0.0322 tr 0.0758 ramp 1.00) val=0.07422 IoU=0.8129 P=0.899 R=0.894 lr=2.27e-05 50s
epoch=141 train=0.08665 (seg 0.07961 pr 0.0314 tr 0.0780 ramp 1.00) val=0.07469 IoU=0.8117 P=0.895 R=0.897 lr=2.20e-05 50s
W0916 10:54:27.749000 2187168 torch/distributed/elastic/agent/server/api.py:739] Received Signals.SIGTERM death signal, shutting down workers
W0916 10:54:27.755000 2187168 torch/distributed/elastic/multiprocessing/api.py:1010] Sending process 2187193 closing signal SIGTERM
W0916 10:54:27.756000 2187168 torch/distributed/elastic/multiprocessing/api.py:1010] Sending process 2187194 closing signal SIGTERM
W0916 10:54:27.756000 2187168 torch/distributed/elastic/multiprocessing/api.py:1010] Sending process 2187195 closing signal SIGTERM
W0916 10:54:27.757000 2187168 torch/distributed/elastic/multiprocessing/api.py:1010] Sending process 2187196 closing signal SIGTERM
Traceback (most recent call last):
  File "/usr/lib/python3.10/runpy.py", line 196, in _run_module_as_main
    return _run_code(code, main_globals, None,
  File "/usr/lib/python3.10/runpy.py", line 86, in _run_code
    exec(code, run_globals)
  File "/hdd1/hukaixiao/projects/FAULTSEG3D/.venv/lib/python3.10/site-packages/torch/distributed/run.py", line 995, in <module>
    main()
  File "/hdd1/hukaixiao/projects/FAULTSEG3D/.venv/lib/python3.10/site-packages/torch/distributed/elastic/multiprocessing/errors/__init__.py", line 362, in wrapper
    return f(*args, **kwargs)
  File "/hdd1/hukaixiao/projects/FAULTSEG3D/.venv/lib/python3.10/site-packages/torch/distributed/run.py", line 991, in main
    run(args)
  File "/hdd1/hukaixiao/projects/FAULTSEG3D/.venv/lib/python3.10/site-packages/torch/distributed/run.py", line 982, in run
    elastic_launch(
  File "/hdd1/hukaixiao/projects/FAULTSEG3D/.venv/lib/python3.10/site-packages/torch/distributed/launcher/api.py", line 170, in __call__
    return launch_agent(self._config, self._entrypoint, list(args))
  File "/hdd1/hukaixiao/projects/FAULTSEG3D/.venv/lib/python3.10/site-packages/torch/distributed/launcher/api.py", line 308, in launch_agent
    result = agent.run()
  File "/hdd1/hukaixiao/projects/FAULTSEG3D/.venv/lib/python3.10/site-packages/torch/distributed/elastic/metrics/api.py", line 134, in wrapper
    result = f(*args, **kwargs)
  File "/hdd1/hukaixiao/projects/FAULTSEG3D/.venv/lib/python3.10/site-packages/torch/distributed/elastic/agent/server/api.py", line 731, in run
    result = self._invoke_run(role)
  File "/hdd1/hukaixiao/projects/FAULTSEG3D/.venv/lib/python3.10/site-packages/torch/distributed/elastic/agent/server/api.py", line 908, in _invoke_run
    time.sleep(monitor_interval)
  File "/hdd1/hukaixiao/projects/FAULTSEG3D/.venv/lib/python3.10/site-packages/torch/distributed/elastic/multiprocessing/api.py", line 86, in _terminate_process_handler
    raise SignalException(f"Process {os.getpid()} got signal: {sigval}", sigval=sigval)
torch.distributed.elastic.multiprocessing.api.SignalException: Process 2187168 got signal: 15
