maxvit_pico: maxvit3d 9.79M  world=4 global_batch=8 d2s=False profile=False trace=False
epoch=001 train=0.56699 (seg 0.56699 pr 0.0000 tr 0.0000 ramp 0.00) val=0.54247 IoU=0.1092 P=0.114 R=0.730 lr=1.09e-05 93s
epoch=002 train=0.55224 (seg 0.55224 pr 0.0000 tr 0.0000 ramp 0.00) val=0.53064 IoU=0.1376 P=0.147 R=0.675 lr=2.08e-05 89s
W0917 12:32:40.171000 3402680 torch/distributed/elastic/agent/server/api.py:739] Received Signals.SIGTERM death signal, shutting down workers
W0917 12:32:40.173000 3402680 torch/distributed/elastic/multiprocessing/api.py:1010] Sending process 3402705 closing signal SIGTERM
W0917 12:32:40.173000 3402680 torch/distributed/elastic/multiprocessing/api.py:1010] Sending process 3402706 closing signal SIGTERM
W0917 12:32:40.174000 3402680 torch/distributed/elastic/multiprocessing/api.py:1010] Sending process 3402707 closing signal SIGTERM
W0917 12:32:40.174000 3402680 torch/distributed/elastic/multiprocessing/api.py:1010] Sending process 3402708 closing signal SIGTERM
Traceback (most recent call last):
  File "/usr/lib/python3.10/runpy.py", line 196, in _run_module_as_main
    return _run_code(code, main_globals, None,
  File "/usr/lib/python3.10/runpy.py", line 86, in _run_code
    exec(code, run_globals)
  File "/hdd1/hukaixiao/projects/FAULTSEG3D/.venv/lib/python3.10/site-packages/torch/distributed/run.py", line 995, in <module>
    main()
  File "/hdd1/hukaixiao/projects/FAULTSEG3D/.venv/lib/python3.10/site-packages/torch/distributed/elastic/multiprocessing/errors/__init__.py", line 362, in wrapper
    return f(*args, **kwargs)
  File "/hdd1/hukaixiao/projects/FAULTSEG3D/.venv/lib/python3.10/site-packages/torch/distributed/run.py", line 991, in main
    run(args)
  File "/hdd1/hukaixiao/projects/FAULTSEG3D/.venv/lib/python3.10/site-packages/torch/distributed/run.py", line 982, in run
    elastic_launch(
  File "/hdd1/hukaixiao/projects/FAULTSEG3D/.venv/lib/python3.10/site-packages/torch/distributed/launcher/api.py", line 170, in __call__
    return launch_agent(self._config, self._entrypoint, list(args))
  File "/hdd1/hukaixiao/projects/FAULTSEG3D/.venv/lib/python3.10/site-packages/torch/distributed/launcher/api.py", line 308, in launch_agent
    result = agent.run()
  File "/hdd1/hukaixiao/projects/FAULTSEG3D/.venv/lib/python3.10/site-packages/torch/distributed/elastic/metrics/api.py", line 134, in wrapper
    result = f(*args, **kwargs)
  File "/hdd1/hukaixiao/projects/FAULTSEG3D/.venv/lib/python3.10/site-packages/torch/distributed/elastic/agent/server/api.py", line 731, in run
    result = self._invoke_run(role)
  File "/hdd1/hukaixiao/projects/FAULTSEG3D/.venv/lib/python3.10/site-packages/torch/distributed/elastic/agent/server/api.py", line 908, in _invoke_run
    time.sleep(monitor_interval)
  File "/hdd1/hukaixiao/projects/FAULTSEG3D/.venv/lib/python3.10/site-packages/torch/distributed/elastic/multiprocessing/api.py", line 86, in _terminate_process_handler
    raise SignalException(f"Process {os.getpid()} got signal: {sigval}", sigval=sigval)
torch.distributed.elastic.multiprocessing.api.SignalException: Process 3402680 got signal: 15
