baseline: maxvit3d 40.16M  world=4 global_batch=8 d2s=False profile=False trace=False
epoch=001 train=0.57146 (seg 0.57146 pr 0.0000 tr 0.0000 ramp 0.00) val=0.56292 IoU=0.0898 P=0.091 R=0.859 lr=1.09e-05 52s
epoch=002 train=0.55648 (seg 0.55648 pr 0.0000 tr 0.0000 ramp 0.00) val=0.54445 IoU=0.1678 P=0.174 R=0.819 lr=2.08e-05 46s
epoch=003 train=0.54390 (seg 0.54390 pr 0.0000 tr 0.0000 ramp 0.00) val=0.53590 IoU=0.2144 P=0.225 R=0.818 lr=3.07e-05 45s
epoch=004 train=0.53605 (seg 0.53605 pr 0.0000 tr 0.0000 ramp 0.00) val=0.52953 IoU=0.2401 P=0.253 R=0.829 lr=4.06e-05 44s
epoch=005 train=0.53018 (seg 0.53018 pr 0.0000 tr 0.0000 ramp 0.00) val=0.52354 IoU=0.2582 P=0.272 R=0.840 lr=5.05e-05 44s
epoch=006 train=0.52397 (seg 0.52397 pr 0.0000 tr 0.0000 ramp 0.00) val=0.51645 IoU=0.2903 P=0.306 R=0.848 lr=6.04e-05 44s
W0916 11:04:39.311000 2218272 torch/distributed/elastic/agent/server/api.py:739] Received Signals.SIGTERM death signal, shutting down workers
W0916 11:04:39.315000 2218272 torch/distributed/elastic/multiprocessing/api.py:1010] Sending process 2218304 closing signal SIGTERM
W0916 11:04:39.316000 2218272 torch/distributed/elastic/multiprocessing/api.py:1010] Sending process 2218305 closing signal SIGTERM
W0916 11:04:39.317000 2218272 torch/distributed/elastic/multiprocessing/api.py:1010] Sending process 2218306 closing signal SIGTERM
W0916 11:04:39.317000 2218272 torch/distributed/elastic/multiprocessing/api.py:1010] Sending process 2218307 closing signal SIGTERM
Traceback (most recent call last):
  File "/usr/lib/python3.10/runpy.py", line 196, in _run_module_as_main
    return _run_code(code, main_globals, None,
  File "/usr/lib/python3.10/runpy.py", line 86, in _run_code
    exec(code, run_globals)
  File "/hdd1/hukaixiao/projects/FAULTSEG3D/.venv/lib/python3.10/site-packages/torch/distributed/run.py", line 995, in <module>
    main()
  File "/hdd1/hukaixiao/projects/FAULTSEG3D/.venv/lib/python3.10/site-packages/torch/distributed/elastic/multiprocessing/errors/__init__.py", line 362, in wrapper
    return f(*args, **kwargs)
  File "/hdd1/hukaixiao/projects/FAULTSEG3D/.venv/lib/python3.10/site-packages/torch/distributed/run.py", line 991, in main
    run(args)
  File "/hdd1/hukaixiao/projects/FAULTSEG3D/.venv/lib/python3.10/site-packages/torch/distributed/run.py", line 982, in run
    elastic_launch(
  File "/hdd1/hukaixiao/projects/FAULTSEG3D/.venv/lib/python3.10/site-packages/torch/distributed/launcher/api.py", line 170, in __call__
    return launch_agent(self._config, self._entrypoint, list(args))
  File "/hdd1/hukaixiao/projects/FAULTSEG3D/.venv/lib/python3.10/site-packages/torch/distributed/launcher/api.py", line 308, in launch_agent
    result = agent.run()
  File "/hdd1/hukaixiao/projects/FAULTSEG3D/.venv/lib/python3.10/site-packages/torch/distributed/elastic/metrics/api.py", line 134, in wrapper
    result = f(*args, **kwargs)
  File "/hdd1/hukaixiao/projects/FAULTSEG3D/.venv/lib/python3.10/site-packages/torch/distributed/elastic/agent/server/api.py", line 731, in run
    result = self._invoke_run(role)
  File "/hdd1/hukaixiao/projects/FAULTSEG3D/.venv/lib/python3.10/site-packages/torch/distributed/elastic/agent/server/api.py", line 908, in _invoke_run
    time.sleep(monitor_interval)
  File "/hdd1/hukaixiao/projects/FAULTSEG3D/.venv/lib/python3.10/site-packages/torch/distributed/elastic/multiprocessing/api.py", line 86, in _terminate_process_handler
    raise SignalException(f"Process {os.getpid()} got signal: {sigval}", sigval=sigval)
torch.distributed.elastic.multiprocessing.api.SignalException: Process 2218272 got signal: 15
