dyn: maxvit3d_dyn 40.18M  world=4 global_batch=8 d2s=False profile=False trace=False
epoch=001 train=0.57146 (seg 0.57146 pr 0.0000 tr 0.0000 ramp 0.00) val=0.56292 IoU=0.0898 P=0.091 R=0.859 lr=1.09e-05 54s
   dyn64 offset: mean|d| 0.000 coarse-vox, saturated 0.0%, out-of-range 0.00%
epoch=002 train=0.55647 (seg 0.55647 pr 0.0000 tr 0.0000 ramp 0.00) val=0.54449 IoU=0.1677 P=0.174 R=0.819 lr=2.08e-05 46s
   dyn64 offset: mean|d| 0.002 coarse-vox, saturated 0.0%, out-of-range 0.00%
epoch=003 train=0.54393 (seg 0.54393 pr 0.0000 tr 0.0000 ramp 0.00) val=0.53584 IoU=0.2101 P=0.220 R=0.823 lr=3.07e-05 45s
   dyn64 offset: mean|d| 0.003 coarse-vox, saturated 0.0%, out-of-range 0.00%
epoch=004 train=0.53620 (seg 0.53620 pr 0.0000 tr 0.0000 ramp 0.00) val=0.52976 IoU=0.2416 P=0.255 R=0.823 lr=4.06e-05 45s
   dyn64 offset: mean|d| 0.007 coarse-vox, saturated 0.0%, out-of-range 0.00%
epoch=005 train=0.53017 (seg 0.53017 pr 0.0000 tr 0.0000 ramp 0.00) val=0.52340 IoU=0.2669 P=0.282 R=0.834 lr=5.05e-05 45s
   dyn64 offset: mean|d| 0.015 coarse-vox, saturated 0.0%, out-of-range 0.00%
epoch=006 train=0.52399 (seg 0.52399 pr 0.0000 tr 0.0000 ramp 0.00) val=0.51650 IoU=0.2856 P=0.301 R=0.852 lr=6.04e-05 45s
   dyn64 offset: mean|d| 0.027 coarse-vox, saturated 0.0%, out-of-range 0.00%
epoch=007 train=0.51721 (seg 0.51721 pr 0.0000 tr 0.0000 ramp 0.00) val=0.50863 IoU=0.3246 P=0.344 R=0.854 lr=7.03e-05 46s
   dyn64 offset: mean|d| 0.043 coarse-vox, saturated 0.0%, out-of-range 0.00%
epoch=008 train=0.51048 (seg 0.51048 pr 0.0000 tr 0.0000 ramp 0.00) val=0.50068 IoU=0.3291 P=0.347 R=0.865 lr=8.02e-05 46s
   dyn64 offset: mean|d| 0.056 coarse-vox, saturated 0.0%, out-of-range 0.00%
epoch=009 train=0.50092 (seg 0.50092 pr 0.0000 tr 0.0000 ramp 0.00) val=0.49033 IoU=0.3520 P=0.371 R=0.871 lr=9.01e-05 45s
   dyn64 offset: mean|d| 0.063 coarse-vox, saturated 0.0%, out-of-range 0.05%
epoch=010 train=0.49022 (seg 0.49022 pr 0.0000 tr 0.0000 ramp 0.00) val=0.47809 IoU=0.3958 P=0.423 R=0.861 lr=1.00e-04 45s
   dyn64 offset: mean|d| 0.079 coarse-vox, saturated 0.0%, out-of-range 0.01%
epoch=011 train=0.47629 (seg 0.47629 pr 0.0000 tr 0.0000 ramp 0.05) val=0.46164 IoU=0.4302 P=0.460 R=0.868 lr=1.00e-04 45s
   dyn64 offset: mean|d| 0.085 coarse-vox, saturated 0.0%, out-of-range 0.11%
W0916 11:14:14.084000 2219332 torch/distributed/elastic/agent/server/api.py:739] Received Signals.SIGTERM death signal, shutting down workers
W0916 11:14:14.089000 2219332 torch/distributed/elastic/multiprocessing/api.py:1010] Sending process 2219357 closing signal SIGTERM
W0916 11:14:14.089000 2219332 torch/distributed/elastic/multiprocessing/api.py:1010] Sending process 2219358 closing signal SIGTERM
W0916 11:14:14.090000 2219332 torch/distributed/elastic/multiprocessing/api.py:1010] Sending process 2219359 closing signal SIGTERM
W0916 11:14:14.090000 2219332 torch/distributed/elastic/multiprocessing/api.py:1010] Sending process 2219360 closing signal SIGTERM
Traceback (most recent call last):
  File "/usr/lib/python3.10/runpy.py", line 196, in _run_module_as_main
    return _run_code(code, main_globals, None,
  File "/usr/lib/python3.10/runpy.py", line 86, in _run_code
    exec(code, run_globals)
  File "/hdd1/hukaixiao/projects/FAULTSEG3D/.venv/lib/python3.10/site-packages/torch/distributed/run.py", line 995, in <module>
    main()
  File "/hdd1/hukaixiao/projects/FAULTSEG3D/.venv/lib/python3.10/site-packages/torch/distributed/elastic/multiprocessing/errors/__init__.py", line 362, in wrapper
    return f(*args, **kwargs)
  File "/hdd1/hukaixiao/projects/FAULTSEG3D/.venv/lib/python3.10/site-packages/torch/distributed/run.py", line 991, in main
    run(args)
  File "/hdd1/hukaixiao/projects/FAULTSEG3D/.venv/lib/python3.10/site-packages/torch/distributed/run.py", line 982, in run
    elastic_launch(
  File "/hdd1/hukaixiao/projects/FAULTSEG3D/.venv/lib/python3.10/site-packages/torch/distributed/launcher/api.py", line 170, in __call__
    return launch_agent(self._config, self._entrypoint, list(args))
  File "/hdd1/hukaixiao/projects/FAULTSEG3D/.venv/lib/python3.10/site-packages/torch/distributed/launcher/api.py", line 308, in launch_agent
    result = agent.run()
  File "/hdd1/hukaixiao/projects/FAULTSEG3D/.venv/lib/python3.10/site-packages/torch/distributed/elastic/metrics/api.py", line 134, in wrapper
    result = f(*args, **kwargs)
  File "/hdd1/hukaixiao/projects/FAULTSEG3D/.venv/lib/python3.10/site-packages/torch/distributed/elastic/agent/server/api.py", line 731, in run
    result = self._invoke_run(role)
  File "/hdd1/hukaixiao/projects/FAULTSEG3D/.venv/lib/python3.10/site-packages/torch/distributed/elastic/agent/server/api.py", line 908, in _invoke_run
    time.sleep(monitor_interval)
  File "/hdd1/hukaixiao/projects/FAULTSEG3D/.venv/lib/python3.10/site-packages/torch/distributed/elastic/multiprocessing/api.py", line 86, in _terminate_process_handler
    raise SignalException(f"Process {os.getpid()} got signal: {sigval}", sigval=sigval)
torch.distributed.elastic.multiprocessing.api.SignalException: Process 2219332 got signal: 15
