train 800  val 100  model unet3d  gpu 0
params 1.40 M
ep   1  train 2.1147  val 1.9037  IoU 0.1005  Dice 0.1827  P 0.102 R 0.867  70s
ep   2  train 1.7357  val 1.6475  IoU 0.1850  Dice 0.3123  P 0.189 R 0.908  69s
ep   3  train 1.5857  val 1.5352  IoU 0.2262  Dice 0.3689  P 0.231 R 0.916  70s
ep   4  train 1.4665  val 1.4138  IoU 0.2857  Dice 0.4444  P 0.292 R 0.928  70s
ep   5  train 1.3533  val 1.3054  IoU 0.3356  Dice 0.5025  P 0.343 R 0.938  70s
ep   6  train 1.2598  val 1.2399  IoU 0.3272  Dice 0.4930  P 0.334 R 0.944  70s
ep   7  train 1.1733  val 1.1406  IoU 0.4006  Dice 0.5721  P 0.410 R 0.945  70s
ep   8  train 1.0963  val 1.0793  IoU 0.4135  Dice 0.5851  P 0.423 R 0.948  70s
ep   9  train 1.0320  val 1.0230  IoU 0.4107  Dice 0.5823  P 0.418 R 0.957  70s
ep  10  train 0.9717  val 0.9598  IoU 0.4588  Dice 0.6290  P 0.469 R 0.953  70s
ep  11  train 0.9177  val 0.9076  IoU 0.5055  Dice 0.6715  P 0.520 R 0.948  70s
ep  12  train 0.8692  val 0.8639  IoU 0.4898  Dice 0.6575  P 0.502 R 0.954  70s
ep  13  train 0.8247  val 0.8129  IoU 0.4882  Dice 0.6561  P 0.497 R 0.964  70s
ep  14  train 0.7835  val 0.7886  IoU 0.5256  Dice 0.6890  P 0.540 R 0.952  70s
ep  15  train 0.7476  val 0.7436  IoU 0.5699  Dice 0.7260  P 0.588 R 0.949  70s
ep  16  train 0.7118  val 0.7095  IoU 0.5294  Dice 0.6923  P 0.540 R 0.963  70s
ep  17  train 0.6812  val 0.6836  IoU 0.5517  Dice 0.7111  P 0.565 R 0.960  70s
ep  18  train 0.6541  val 0.6677  IoU 0.5973  Dice 0.7479  P 0.618 R 0.947  70s
ep  19  train 0.6274  val 0.6529  IoU 0.5824  Dice 0.7361  P 0.602 R 0.947  70s
ep  20  train 0.6033  val 0.6155  IoU 0.5749  Dice 0.7300  P 0.589 R 0.959  70s
ep  21  train 0.5807  val 0.5983  IoU 0.5798  Dice 0.7340  P 0.594 R 0.960  70s
ep  22  train 0.5620  val 0.5804  IoU 0.6154  Dice 0.7619  P 0.635 R 0.951  70s
ep  23  train 0.5418  val 0.5582  IoU 0.6162  Dice 0.7625  P 0.635 R 0.955  70s
ep  24  train 0.5259  val 0.5546  IoU 0.5737  Dice 0.7291  P 0.586 R 0.966  70s
ep  25  train 0.5098  val 0.5558  IoU 0.6070  Dice 0.7555  P 0.627 R 0.951  70s
ep  26  train 0.4950  val 0.5194  IoU 0.6320  Dice 0.7745  P 0.651 R 0.955  70s
ep  27  train 0.4856  val 0.5047  IoU 0.6562  Dice 0.7924  P 0.679 R 0.951  70s
ep  28  train 0.4706  val 0.4924  IoU 0.6580  Dice 0.7937  P 0.681 R 0.952  70s
ep  29  train 0.4637  val 0.4814  IoU 0.6584  Dice 0.7940  P 0.680 R 0.954  70s
ep  30  train 0.4490  val 0.4692  IoU 0.6324  Dice 0.7748  P 0.647 R 0.965  70s
ep  31  train 0.4364  val 0.4688  IoU 0.6759  Dice 0.8066  P 0.701 R 0.950  70s
ep  32  train 0.4311  val 0.4556  IoU 0.6686  Dice 0.8014  P 0.690 R 0.955  70s
ep  33  train 0.4201  val 0.4435  IoU 0.6768  Dice 0.8073  P 0.699 R 0.956  70s
ep  34  train 0.4132  val 0.4429  IoU 0.6387  Dice 0.7795  P 0.653 R 0.967  70s
ep  35  train 0.4051  val 0.4333  IoU 0.6954  Dice 0.8203  P 0.721 R 0.952  70s
ep  36  train 0.3981  val 0.4219  IoU 0.6746  Dice 0.8057  P 0.693 R 0.961  70s
ep  37  train 0.3905  val 0.4227  IoU 0.6890  Dice 0.8159  P 0.712 R 0.956  70s
ep  38  train 0.3848  val 0.4225  IoU 0.6594  Dice 0.7947  P 0.676 R 0.964  70s
ep  39  train 0.3799  val 0.4078  IoU 0.6766  Dice 0.8071  P 0.695 R 0.963  70s
ep  40  train 0.3736  val 0.4023  IoU 0.6791  Dice 0.8089  P 0.698 R 0.963  70s
ep  41  train 0.3691  val 0.4013  IoU 0.6997  Dice 0.8233  P 0.723 R 0.956  70s
ep  42  train 0.3634  val 0.3974  IoU 0.6824  Dice 0.8112  P 0.701 R 0.962  70s
ep  43  train 0.3592  val 0.3984  IoU 0.6895  Dice 0.8162  P 0.710 R 0.960  70s
ep  44  train 0.3553  val 0.3922  IoU 0.6895  Dice 0.8162  P 0.709 R 0.962  70s
ep  45  train 0.3510  val 0.3928  IoU 0.6925  Dice 0.8183  P 0.713 R 0.960  70s
ep  46  train 0.3489  val 0.3905  IoU 0.7019  Dice 0.8249  P 0.724 R 0.959  70s
ep  47  train 0.3437  val 0.3873  IoU 0.6941  Dice 0.8194  P 0.714 R 0.961  70s
ep  48  train 0.3421  val 0.3830  IoU 0.6992  Dice 0.8229  P 0.720 R 0.961  70s
ep  49  train 0.3404  val 0.3798  IoU 0.6974  Dice 0.8217  P 0.717 R 0.962  70s
ep  50  train 0.3374  val 0.3782  IoU 0.6956  Dice 0.8205  P 0.715 R 0.963  70s
ep  51  train 0.3346  val 0.3787  IoU 0.6995  Dice 0.8232  P 0.720 R 0.961  70s
ep  52  train 0.3333  val 0.3758  IoU 0.6981  Dice 0.8222  P 0.718 R 0.963  70s
ep  53  train 0.3322  val 0.3756  IoU 0.7004  Dice 0.8238  P 0.720 R 0.962  70s
ep  54  train 0.3328  val 0.3739  IoU 0.6961  Dice 0.8209  P 0.715 R 0.964  70s
ep  55  train 0.3311  val 0.3750  IoU 0.6967  Dice 0.8213  P 0.716 R 0.963  70s
ep  56  train 0.3303  val 0.3745  IoU 0.7011  Dice 0.8243  P 0.721 R 0.962  70s
ep  57  train 0.3296  val 0.3742  IoU 0.6999  Dice 0.8235  P 0.719 R 0.963  70s
ep  58  train 0.3287  val 0.3740  IoU 0.7012  Dice 0.8244  P 0.721 R 0.962  70s
early stop at epoch 58; best val IoU 0.7019
