baseline (maxvit3d) params=40,164,233 world=4 batch=8 train=1200 fast=96 full=2433
/hdd1/hukaixiao/projects/FAULTSEG3D/.venv/lib/python3.10/site-packages/torch/distributed/c10d_logger.py:83: UserWarning: barrier(): using the device under current context. You can specify `device_id` in `init_process_group` to mute this warning.
  return func(*args, **kwargs)
[rank3]: Traceback (most recent call last):
[rank3]:   File "/hdd1/hukaixiao/projects/faultsyn3d/train/train_thebe_spatial_ddp.py", line 227, in <module>
[rank3]:     if __name__=='__main__': main()
[rank3]:   File "/hdd1/hukaixiao/projects/faultsyn3d/train/train_thebe_spatial_ddp.py", line 162, in main
[rank3]:     with torch.autocast('cuda',dtype=torch.float16): logits=model(x)
[rank3]:   File "/hdd1/hukaixiao/projects/FAULTSEG3D/.venv/lib/python3.10/site-packages/torch/nn/modules/module.py", line 1776, in _wrapped_call_impl
[rank3]:     return self._call_impl(*args, **kwargs)
[rank3]:   File "/hdd1/hukaixiao/projects/FAULTSEG3D/.venv/lib/python3.10/site-packages/torch/nn/modules/module.py", line 1787, in _call_impl
[rank3]:     return forward_call(*args, **kwargs)
[rank3]:   File "/hdd1/hukaixiao/projects/FAULTSEG3D/.venv/lib/python3.10/site-packages/torch/nn/parallel/distributed.py", line 1666, in forward
[rank3]:     else self._run_ddp_forward(*inputs, **kwargs)
[rank3]:   File "/hdd1/hukaixiao/projects/FAULTSEG3D/.venv/lib/python3.10/site-packages/torch/nn/parallel/distributed.py", line 1492, in _run_ddp_forward
[rank3]:     return self.module(*inputs, **kwargs)  # type: ignore[index]
[rank3]:   File "/hdd1/hukaixiao/projects/FAULTSEG3D/.venv/lib/python3.10/site-packages/torch/nn/modules/module.py", line 1776, in _wrapped_call_impl
[rank3]:     return self._call_impl(*args, **kwargs)
[rank3]:   File "/hdd1/hukaixiao/projects/FAULTSEG3D/.venv/lib/python3.10/site-packages/torch/nn/modules/module.py", line 1787, in _call_impl
[rank3]:     return forward_call(*args, **kwargs)
[rank3]:   File "/hdd1/hukaixiao/projects/faultsyn3d/models/maxvit3d.py", line 91, in forward
[rank3]:     d = F.interpolate(d, size=x.shape[2:], mode="trilinear", align_corners=False)
[rank3]:   File "/hdd1/hukaixiao/projects/FAULTSEG3D/.venv/lib/python3.10/site-packages/torch/nn/functional.py", line 4886, in interpolate
[rank3]:     return torch._C._nn.upsample_trilinear3d(
[rank3]: torch.OutOfMemoryError: CUDA out of memory. Tried to allocate 512.00 MiB. GPU 3 has a total capacity of 10.75 GiB of which 371.62 MiB is free. Process 3553392 has 7.86 GiB memory in use. Including non-PyTorch memory, this process has 2.53 GiB memory in use. Of the allocated memory 2.25 GiB is allocated by PyTorch, and 7.17 MiB is reserved by PyTorch but unallocated. If reserved but unallocated memory is large try setting PYTORCH_ALLOC_CONF=expandable_segments:True to avoid fragmentation.  See documentation for Memory Management  (https://pytorch.org/docs/stable/notes/cuda.html#environment-variables)
epoch 1 microstep 1/300 loss=0.57027 lr=1e-06 elapsed=5s
W0918 10:27:26.691000 3554104 torch/distributed/elastic/multiprocessing/api.py:1010] Sending process 3554139 closing signal SIGTERM
W0918 10:27:26.692000 3554104 torch/distributed/elastic/multiprocessing/api.py:1010] Sending process 3554140 closing signal SIGTERM
W0918 10:27:26.693000 3554104 torch/distributed/elastic/multiprocessing/api.py:1010] Sending process 3554141 closing signal SIGTERM
E0918 10:27:27.309000 3554104 torch/distributed/elastic/multiprocessing/api.py:984] failed (exitcode: 1) local_rank: 3 (pid: 3554142) of binary: /hdd1/hukaixiao/projects/FAULTSEG3D/.venv/bin/python
Traceback (most recent call last):
  File "/usr/lib/python3.10/runpy.py", line 196, in _run_module_as_main
    return _run_code(code, main_globals, None,
  File "/usr/lib/python3.10/runpy.py", line 86, in _run_code
    exec(code, run_globals)
  File "/hdd1/hukaixiao/projects/FAULTSEG3D/.venv/lib/python3.10/site-packages/torch/distributed/run.py", line 995, in <module>
    main()
  File "/hdd1/hukaixiao/projects/FAULTSEG3D/.venv/lib/python3.10/site-packages/torch/distributed/elastic/multiprocessing/errors/__init__.py", line 362, in wrapper
    return f(*args, **kwargs)
  File "/hdd1/hukaixiao/projects/FAULTSEG3D/.venv/lib/python3.10/site-packages/torch/distributed/run.py", line 991, in main
    run(args)
  File "/hdd1/hukaixiao/projects/FAULTSEG3D/.venv/lib/python3.10/site-packages/torch/distributed/run.py", line 982, in run
    elastic_launch(
  File "/hdd1/hukaixiao/projects/FAULTSEG3D/.venv/lib/python3.10/site-packages/torch/distributed/launcher/api.py", line 170, in __call__
    return launch_agent(self._config, self._entrypoint, list(args))
  File "/hdd1/hukaixiao/projects/FAULTSEG3D/.venv/lib/python3.10/site-packages/torch/distributed/launcher/api.py", line 317, in launch_agent
    raise ChildFailedError(
torch.distributed.elastic.multiprocessing.errors.ChildFailedError: 
============================================================
train/train_thebe_spatial_ddp.py FAILED
------------------------------------------------------------
Failures:
[1]:
  time      : 2026-09-18_10:27:27
  host      : dl-machine
  rank      : 0 (local_rank: 0)
  exitcode  : -15 (pid: 3554139)
  error_file: <N/A>
  traceback : Signal 15 (SIGTERM) received by PID 3554139
[2]:
  time      : 2026-09-18_10:27:27
  host      : dl-machine
  rank      : 1 (local_rank: 1)
  exitcode  : -15 (pid: 3554140)
  error_file: <N/A>
  traceback : Signal 15 (SIGTERM) received by PID 3554140
[3]:
  time      : 2026-09-18_10:27:27
  host      : dl-machine
  rank      : 2 (local_rank: 2)
  exitcode  : -15 (pid: 3554141)
  error_file: <N/A>
  traceback : Signal 15 (SIGTERM) received by PID 3554141
------------------------------------------------------------
Root Cause (first observed failure):
[0]:
  time      : 2026-09-18_10:27:26
  host      : dl-machine
  rank      : 3 (local_rank: 3)
  exitcode  : 1 (pid: 3554142)
  error_file: <N/A>
  traceback : To enable traceback see: https://pytorch.org/docs/stable/elastic/errors.html
============================================================
