unet_l: unet3d 9.64M  world=4 global_batch=8 d2s=False profile=False trace=False
epoch=001 train=0.54426 (seg 0.54426 pr 0.0000 tr 0.0000 ramp 0.00) val=0.51595 IoU=0.1246 P=0.127 R=0.871 lr=1.09e-05 72s
epoch=002 train=0.49954 (seg 0.49954 pr 0.0000 tr 0.0000 ramp 0.00) val=0.47596 IoU=0.2607 P=0.277 R=0.814 lr=2.08e-05 61s
epoch=003 train=0.47022 (seg 0.47022 pr 0.0000 tr 0.0000 ramp 0.00) val=0.45427 IoU=0.3066 P=0.327 R=0.833 lr=3.07e-05 61s
epoch=004 train=0.44772 (seg 0.44772 pr 0.0000 tr 0.0000 ramp 0.00) val=0.42976 IoU=0.3841 P=0.409 R=0.865 lr=4.06e-05 62s
epoch=005 train=0.42627 (seg 0.42627 pr 0.0000 tr 0.0000 ramp 0.00) val=0.40823 IoU=0.4377 P=0.466 R=0.878 lr=5.05e-05 62s
epoch=006 train=0.40516 (seg 0.40516 pr 0.0000 tr 0.0000 ramp 0.00) val=0.38519 IoU=0.5115 P=0.551 R=0.876 lr=6.04e-05 62s
epoch=007 train=0.38283 (seg 0.38283 pr 0.0000 tr 0.0000 ramp 0.00) val=0.36326 IoU=0.5564 P=0.608 R=0.867 lr=7.03e-05 62s
epoch=008 train=0.36176 (seg 0.36176 pr 0.0000 tr 0.0000 ramp 0.00) val=0.33772 IoU=0.5862 P=0.636 R=0.883 lr=8.02e-05 62s
epoch=009 train=0.33590 (seg 0.33590 pr 0.0000 tr 0.0000 ramp 0.00) val=0.30948 IoU=0.6252 P=0.694 R=0.862 lr=9.01e-05 62s
epoch=010 train=0.30790 (seg 0.30790 pr 0.0000 tr 0.0000 ramp 0.00) val=0.28572 IoU=0.6133 P=0.690 R=0.846 lr=1.00e-04 62s
epoch=011 train=0.27669 (seg 0.27669 pr 0.0000 tr 0.0000 ramp 0.05) val=0.25179 IoU=0.6504 P=0.722 R=0.868 lr=1.00e-04 62s
epoch=012 train=0.24883 (seg 0.24883 pr 0.0000 tr 0.0000 ramp 0.10) val=0.22695 IoU=0.6710 P=0.755 R=0.858 lr=1.00e-04 62s
epoch=013 train=0.22453 (seg 0.22453 pr 0.0000 tr 0.0000 ramp 0.15) val=0.20085 IoU=0.6966 P=0.786 R=0.859 lr=9.99e-05 62s
epoch=014 train=0.20124 (seg 0.20124 pr 0.0000 tr 0.0000 ramp 0.20) val=0.18688 IoU=0.6899 P=0.791 R=0.843 lr=9.99e-05 62s
epoch=015 train=0.18696 (seg 0.18696 pr 0.0000 tr 0.0000 ramp 0.25) val=0.16558 IoU=0.7150 P=0.815 R=0.854 lr=9.98e-05 62s
epoch=016 train=0.16697 (seg 0.16697 pr 0.0000 tr 0.0000 ramp 0.30) val=0.14731 IoU=0.7393 P=0.834 R=0.867 lr=9.98e-05 62s
epoch=017 train=0.16009 (seg 0.16009 pr 0.0000 tr 0.0000 ramp 0.35) val=0.14296 IoU=0.7204 P=0.816 R=0.860 lr=9.97e-05 62s
epoch=018 train=0.15007 (seg 0.15007 pr 0.0000 tr 0.0000 ramp 0.40) val=0.12989 IoU=0.7411 P=0.834 R=0.870 lr=9.96e-05 62s
epoch=019 train=0.13415 (seg 0.13415 pr 0.0000 tr 0.0000 ramp 0.45) val=0.12043 IoU=0.7468 P=0.849 R=0.861 lr=9.94e-05 62s
epoch=020 train=0.12952 (seg 0.12952 pr 0.0000 tr 0.0000 ramp 0.50) val=0.11455 IoU=0.7453 P=0.843 R=0.865 lr=9.93e-05 62s
epoch=021 train=0.12443 (seg 0.12443 pr 0.0000 tr 0.0000 ramp 0.55) val=0.10890 IoU=0.7480 P=0.851 R=0.861 lr=9.92e-05 62s
epoch=022 train=0.11579 (seg 0.11579 pr 0.0000 tr 0.0000 ramp 0.60) val=0.10057 IoU=0.7629 P=0.861 R=0.871 lr=9.90e-05 62s
epoch=023 train=0.11069 (seg 0.11069 pr 0.0000 tr 0.0000 ramp 0.65) val=0.09975 IoU=0.7585 P=0.863 R=0.862 lr=9.89e-05 62s
epoch=024 train=0.10323 (seg 0.10323 pr 0.0000 tr 0.0000 ramp 0.70) val=0.09175 IoU=0.7734 P=0.878 R=0.867 lr=9.87e-05 62s
epoch=025 train=0.09906 (seg 0.09906 pr 0.0000 tr 0.0000 ramp 0.75) val=0.09268 IoU=0.7614 P=0.873 R=0.857 lr=9.85e-05 62s
epoch=026 train=0.09791 (seg 0.09791 pr 0.0000 tr 0.0000 ramp 0.80) val=0.08558 IoU=0.7763 P=0.869 R=0.879 lr=9.83e-05 62s
epoch=027 train=0.09554 (seg 0.09554 pr 0.0000 tr 0.0000 ramp 0.85) val=0.08142 IoU=0.7849 P=0.884 R=0.875 lr=9.80e-05 62s
epoch=028 train=0.09281 (seg 0.09281 pr 0.0000 tr 0.0000 ramp 0.90) val=0.08067 IoU=0.7818 P=0.888 R=0.867 lr=9.78e-05 62s
epoch=029 train=0.09109 (seg 0.09109 pr 0.0000 tr 0.0000 ramp 0.95) val=0.07943 IoU=0.7814 P=0.876 R=0.878 lr=9.76e-05 62s
epoch=030 train=0.08771 (seg 0.08771 pr 0.0000 tr 0.0000 ramp 1.00) val=0.07679 IoU=0.7866 P=0.892 R=0.869 lr=9.73e-05 62s
epoch=031 train=0.08548 (seg 0.08548 pr 0.0000 tr 0.0000 ramp 1.00) val=0.07654 IoU=0.7841 P=0.896 R=0.862 lr=9.70e-05 62s
epoch=032 train=0.08200 (seg 0.08200 pr 0.0000 tr 0.0000 ramp 1.00) val=0.08076 IoU=0.7644 P=0.879 R=0.854 lr=9.67e-05 62s
epoch=033 train=0.08492 (seg 0.08492 pr 0.0000 tr 0.0000 ramp 1.00) val=0.07300 IoU=0.7894 P=0.888 R=0.876 lr=9.64e-05 62s
epoch=034 train=0.08004 (seg 0.08004 pr 0.0000 tr 0.0000 ramp 1.00) val=0.06828 IoU=0.8019 P=0.897 R=0.883 lr=9.61e-05 62s
epoch=035 train=0.07585 (seg 0.07585 pr 0.0000 tr 0.0000 ramp 1.00) val=0.06810 IoU=0.7986 P=0.896 R=0.880 lr=9.58e-05 62s
epoch=036 train=0.07662 (seg 0.07662 pr 0.0000 tr 0.0000 ramp 1.00) val=0.07434 IoU=0.7750 P=0.874 R=0.872 lr=9.55e-05 62s
epoch=037 train=0.07593 (seg 0.07593 pr 0.0000 tr 0.0000 ramp 1.00) val=0.06694 IoU=0.7980 P=0.894 R=0.882 lr=9.51e-05 62s
epoch=038 train=0.07338 (seg 0.07338 pr 0.0000 tr 0.0000 ramp 1.00) val=0.06866 IoU=0.7876 P=0.883 R=0.879 lr=9.47e-05 62s
epoch=039 train=0.07401 (seg 0.07401 pr 0.0000 tr 0.0000 ramp 1.00) val=0.06325 IoU=0.8062 P=0.898 R=0.888 lr=9.44e-05 62s
epoch=040 train=0.07073 (seg 0.07073 pr 0.0000 tr 0.0000 ramp 1.00) val=0.06242 IoU=0.8066 P=0.894 R=0.892 lr=9.40e-05 62s
epoch=041 train=0.06882 (seg 0.06882 pr 0.0000 tr 0.0000 ramp 1.00) val=0.06369 IoU=0.8022 P=0.899 R=0.882 lr=9.36e-05 62s
epoch=042 train=0.07076 (seg 0.07076 pr 0.0000 tr 0.0000 ramp 1.00) val=0.06190 IoU=0.8059 P=0.897 R=0.888 lr=9.32e-05 62s
epoch=043 train=0.06957 (seg 0.06957 pr 0.0000 tr 0.0000 ramp 1.00) val=0.06512 IoU=0.7933 P=0.900 R=0.870 lr=9.27e-05 62s
epoch=044 train=0.06772 (seg 0.06772 pr 0.0000 tr 0.0000 ramp 1.00) val=0.05887 IoU=0.8141 P=0.896 R=0.899 lr=9.23e-05 62s
epoch=045 train=0.06821 (seg 0.06821 pr 0.0000 tr 0.0000 ramp 1.00) val=0.06146 IoU=0.8046 P=0.903 R=0.880 lr=9.19e-05 62s
epoch=046 train=0.06667 (seg 0.06667 pr 0.0000 tr 0.0000 ramp 1.00) val=0.06137 IoU=0.8035 P=0.893 R=0.889 lr=9.14e-05 62s
W0916 19:49:55.506000 3235800 torch/distributed/elastic/agent/server/api.py:739] Received Signals.SIGTERM death signal, shutting down workers
W0916 19:49:55.509000 3235800 torch/distributed/elastic/multiprocessing/api.py:1010] Sending process 3235810 closing signal SIGTERM
W0916 19:49:55.510000 3235800 torch/distributed/elastic/multiprocessing/api.py:1010] Sending process 3235811 closing signal SIGTERM
W0916 19:49:55.510000 3235800 torch/distributed/elastic/multiprocessing/api.py:1010] Sending process 3235812 closing signal SIGTERM
W0916 19:49:55.510000 3235800 torch/distributed/elastic/multiprocessing/api.py:1010] Sending process 3235813 closing signal SIGTERM
Traceback (most recent call last):
  File "/usr/lib/python3.10/runpy.py", line 196, in _run_module_as_main
    return _run_code(code, main_globals, None,
  File "/usr/lib/python3.10/runpy.py", line 86, in _run_code
    exec(code, run_globals)
  File "/hdd1/hukaixiao/projects/FAULTSEG3D/.venv/lib/python3.10/site-packages/torch/distributed/run.py", line 995, in <module>
    main()
  File "/hdd1/hukaixiao/projects/FAULTSEG3D/.venv/lib/python3.10/site-packages/torch/distributed/elastic/multiprocessing/errors/__init__.py", line 362, in wrapper
    return f(*args, **kwargs)
  File "/hdd1/hukaixiao/projects/FAULTSEG3D/.venv/lib/python3.10/site-packages/torch/distributed/run.py", line 991, in main
    run(args)
  File "/hdd1/hukaixiao/projects/FAULTSEG3D/.venv/lib/python3.10/site-packages/torch/distributed/run.py", line 982, in run
    elastic_launch(
  File "/hdd1/hukaixiao/projects/FAULTSEG3D/.venv/lib/python3.10/site-packages/torch/distributed/launcher/api.py", line 170, in __call__
    return launch_agent(self._config, self._entrypoint, list(args))
  File "/hdd1/hukaixiao/projects/FAULTSEG3D/.venv/lib/python3.10/site-packages/torch/distributed/launcher/api.py", line 308, in launch_agent
    result = agent.run()
  File "/hdd1/hukaixiao/projects/FAULTSEG3D/.venv/lib/python3.10/site-packages/torch/distributed/elastic/metrics/api.py", line 134, in wrapper
    result = f(*args, **kwargs)
  File "/hdd1/hukaixiao/projects/FAULTSEG3D/.venv/lib/python3.10/site-packages/torch/distributed/elastic/agent/server/api.py", line 731, in run
    result = self._invoke_run(role)
  File "/hdd1/hukaixiao/projects/FAULTSEG3D/.venv/lib/python3.10/site-packages/torch/distributed/elastic/agent/server/api.py", line 908, in _invoke_run
    time.sleep(monitor_interval)
  File "/hdd1/hukaixiao/projects/FAULTSEG3D/.venv/lib/python3.10/site-packages/torch/distributed/elastic/multiprocessing/api.py", line 86, in _terminate_process_handler
    raise SignalException(f"Process {os.getpid()} got signal: {sigval}", sigval=sigval)
torch.distributed.elastic.multiprocessing.api.SignalException: Process 3235800 got signal: 15
