train 800  val 100  model maxvit3d  gpu 2
params 40.09 M
ep   1  train 1.9457  val 1.8076  IoU 0.0798  Dice 0.1478  P 0.080 R 0.930  121s
ep   2  train 1.6900  val 1.6344  IoU 0.1111  Dice 0.2000  P 0.112 R 0.933  116s
ep   3  train 1.5660  val 1.5400  IoU 0.1418  Dice 0.2484  P 0.144 R 0.919  114s
ep   4  train 1.4470  val 1.4065  IoU 0.2013  Dice 0.3351  P 0.206 R 0.905  115s
ep   5  train 1.3085  val 1.2884  IoU 0.2336  Dice 0.3787  P 0.239 R 0.906  115s
ep   6  train 1.1751  val 1.1285  IoU 0.2657  Dice 0.4198  P 0.271 R 0.933  114s
ep   7  train 1.0384  val 1.0118  IoU 0.3391  Dice 0.5064  P 0.349 R 0.923  110s
ep   8  train 0.9339  val 0.9264  IoU 0.3591  Dice 0.5285  P 0.369 R 0.928  111s
ep   9  train 0.8533  val 0.8741  IoU 0.3894  Dice 0.5605  P 0.402 R 0.925  113s
ep  10  train 0.7872  val 0.8289  IoU 0.4373  Dice 0.6085  P 0.456 R 0.915  115s
ep  11  train 0.7369  val 0.7788  IoU 0.4308  Dice 0.6022  P 0.445 R 0.931  116s
ep  12  train 0.6969  val 0.7751  IoU 0.4716  Dice 0.6409  P 0.493 R 0.916  115s
ep  13  train 0.6615  val 0.7229  IoU 0.4676  Dice 0.6372  P 0.484 R 0.931  115s
ep  14  train 0.6426  val 0.7366  IoU 0.4607  Dice 0.6308  P 0.476 R 0.933  116s
ep  15  train 0.6164  val 0.7081  IoU 0.4814  Dice 0.6499  P 0.499 R 0.932  112s
ep  16  train 0.5938  val 0.6615  IoU 0.5120  Dice 0.6772  P 0.531 R 0.934  115s
ep  17  train 0.5735  val 0.6437  IoU 0.5567  Dice 0.7153  P 0.584 R 0.924  115s
ep  18  train 0.5539  val 0.6641  IoU 0.5459  Dice 0.7063  P 0.573 R 0.921  116s
ep  19  train 0.5394  val 0.6567  IoU 0.4744  Dice 0.6435  P 0.486 R 0.952  114s
ep  20  train 0.5202  val 0.6212  IoU 0.5534  Dice 0.7125  P 0.576 R 0.935  117s
ep  21  train 0.5090  val 0.6124  IoU 0.5193  Dice 0.6836  P 0.536 R 0.944  119s
ep  22  train 0.4950  val 0.5820  IoU 0.5697  Dice 0.7259  P 0.593 R 0.936  119s
ep  23  train 0.4855  val 0.6008  IoU 0.5761  Dice 0.7311  P 0.600 R 0.936  116s
ep  24  train 0.4706  val 0.5902  IoU 0.5655  Dice 0.7224  P 0.587 R 0.940  117s
ep  25  train 0.4631  val 0.5542  IoU 0.5719  Dice 0.7276  P 0.592 R 0.945  116s
ep  26  train 0.4502  val 0.5506  IoU 0.6109  Dice 0.7585  P 0.637 R 0.937  117s
ep  27  train 0.4406  val 0.5663  IoU 0.5785  Dice 0.7330  P 0.599 R 0.945  117s
ep  28  train 0.4270  val 0.5404  IoU 0.5873  Dice 0.7400  P 0.608 R 0.946  117s
ep  29  train 0.4195  val 0.5557  IoU 0.6131  Dice 0.7602  P 0.640 R 0.936  117s
ep  30  train 0.4153  val 0.5232  IoU 0.5976  Dice 0.7481  P 0.618 R 0.948  118s
ep  31  train 0.4045  val 0.5406  IoU 0.6120  Dice 0.7593  P 0.635 R 0.943  117s
ep  32  train 0.3938  val 0.5259  IoU 0.5839  Dice 0.7373  P 0.601 R 0.953  117s
ep  33  train 0.3896  val 0.5251  IoU 0.6061  Dice 0.7547  P 0.628 R 0.947  117s
ep  34  train 0.3817  val 0.4856  IoU 0.6010  Dice 0.7508  P 0.618 R 0.956  117s
ep  35  train 0.3749  val 0.5496  IoU 0.6533  Dice 0.7903  P 0.685 R 0.934  117s
ep  36  train 0.3709  val 0.5264  IoU 0.6052  Dice 0.7540  P 0.626 R 0.948  114s
ep  37  train 0.3637  val 0.4850  IoU 0.6109  Dice 0.7585  P 0.630 R 0.953  114s
ep  38  train 0.3565  val 0.4961  IoU 0.6156  Dice 0.7621  P 0.635 R 0.953  113s
ep  39  train 0.3494  val 0.4988  IoU 0.6180  Dice 0.7639  P 0.638 R 0.951  114s
ep  40  train 0.3451  val 0.4973  IoU 0.6336  Dice 0.7757  P 0.656 R 0.948  114s
ep  41  train 0.3390  val 0.4978  IoU 0.6305  Dice 0.7733  P 0.653 R 0.948  114s
ep  42  train 0.3349  val 0.4875  IoU 0.6327  Dice 0.7750  P 0.654 R 0.951  114s
ep  43  train 0.3296  val 0.4997  IoU 0.6481  Dice 0.7865  P 0.674 R 0.945  114s
ep  44  train 0.3250  val 0.4819  IoU 0.6430  Dice 0.7827  P 0.666 R 0.950  114s
ep  45  train 0.3227  val 0.4581  IoU 0.6448  Dice 0.7841  P 0.665 R 0.954  114s
ep  46  train 0.3168  val 0.4716  IoU 0.6338  Dice 0.7758  P 0.653 R 0.956  114s
ep  47  train 0.3140  val 0.4933  IoU 0.6492  Dice 0.7873  P 0.672 R 0.950  114s
early stop at epoch 47; best val IoU 0.6533
