unet_l: unet3d 9.64M  world=4 global_batch=8 d2s=False profile=False trace=False
epoch=001 train=0.57903 (seg 0.57903 pr 0.0000 tr 0.0000 ramp 0.00) val=0.56524 IoU=0.0930 P=0.094 R=0.924 lr=1.09e-05 74s
epoch=002 train=0.55778 (seg 0.55778 pr 0.0000 tr 0.0000 ramp 0.00) val=0.54565 IoU=0.2234 P=0.231 R=0.878 lr=2.08e-05 62s
epoch=003 train=0.54329 (seg 0.54329 pr 0.0000 tr 0.0000 ramp 0.00) val=0.53630 IoU=0.2621 P=0.271 R=0.884 lr=3.07e-05 62s
epoch=004 train=0.53387 (seg 0.53387 pr 0.0000 tr 0.0000 ramp 0.00) val=0.52693 IoU=0.3055 P=0.315 R=0.912 lr=4.06e-05 62s
epoch=005 train=0.52589 (seg 0.52589 pr 0.0000 tr 0.0000 ramp 0.00) val=0.51943 IoU=0.3343 P=0.344 R=0.922 lr=5.05e-05 62s
epoch=006 train=0.51813 (seg 0.51813 pr 0.0000 tr 0.0000 ramp 0.00) val=0.51139 IoU=0.3867 P=0.399 R=0.927 lr=6.04e-05 62s
epoch=007 train=0.51015 (seg 0.51015 pr 0.0000 tr 0.0000 ramp 0.00) val=0.50276 IoU=0.4380 P=0.454 R=0.926 lr=7.03e-05 62s
epoch=008 train=0.50239 (seg 0.50239 pr 0.0000 tr 0.0000 ramp 0.00) val=0.49348 IoU=0.4609 P=0.477 R=0.933 lr=8.02e-05 62s
epoch=009 train=0.49289 (seg 0.49289 pr 0.0000 tr 0.0000 ramp 0.00) val=0.48351 IoU=0.5025 P=0.523 R=0.928 lr=9.01e-05 62s
epoch=010 train=0.48208 (seg 0.48208 pr 0.0000 tr 0.0000 ramp 0.00) val=0.47212 IoU=0.4996 P=0.519 R=0.930 lr=1.00e-04 62s
epoch=011 train=0.46752 (seg 0.46752 pr 0.0000 tr 0.0000 ramp 0.05) val=0.45593 IoU=0.5513 P=0.575 R=0.929 lr=1.00e-04 62s
epoch=012 train=0.45451 (seg 0.45451 pr 0.0000 tr 0.0000 ramp 0.10) val=0.44118 IoU=0.5668 P=0.592 R=0.929 lr=1.00e-04 62s
epoch=013 train=0.43699 (seg 0.43699 pr 0.0000 tr 0.0000 ramp 0.15) val=0.42398 IoU=0.6162 P=0.649 R=0.924 lr=9.99e-05 62s
epoch=014 train=0.42051 (seg 0.42051 pr 0.0000 tr 0.0000 ramp 0.20) val=0.40789 IoU=0.6216 P=0.657 R=0.921 lr=9.99e-05 62s
epoch=015 train=0.40447 (seg 0.40447 pr 0.0000 tr 0.0000 ramp 0.25) val=0.38926 IoU=0.6380 P=0.672 R=0.926 lr=9.98e-05 62s
epoch=016 train=0.38600 (seg 0.38600 pr 0.0000 tr 0.0000 ramp 0.30) val=0.36964 IoU=0.6561 P=0.689 R=0.933 lr=9.98e-05 62s
epoch=017 train=0.36948 (seg 0.36948 pr 0.0000 tr 0.0000 ramp 0.35) val=0.35329 IoU=0.6513 P=0.684 R=0.931 lr=9.97e-05 62s
epoch=018 train=0.35250 (seg 0.35250 pr 0.0000 tr 0.0000 ramp 0.40) val=0.33682 IoU=0.6697 P=0.711 R=0.921 lr=9.96e-05 62s
epoch=019 train=0.33375 (seg 0.33375 pr 0.0000 tr 0.0000 ramp 0.45) val=0.31753 IoU=0.6909 P=0.733 R=0.923 lr=9.94e-05 62s
epoch=020 train=0.31783 (seg 0.31783 pr 0.0000 tr 0.0000 ramp 0.50) val=0.30344 IoU=0.6945 P=0.743 R=0.913 lr=9.93e-05 62s
epoch=021 train=0.30265 (seg 0.30265 pr 0.0000 tr 0.0000 ramp 0.55) val=0.28792 IoU=0.7061 P=0.761 R=0.907 lr=9.92e-05 62s
epoch=022 train=0.28957 (seg 0.28957 pr 0.0000 tr 0.0000 ramp 0.60) val=0.27153 IoU=0.7204 P=0.776 R=0.910 lr=9.90e-05 62s
epoch=023 train=0.27289 (seg 0.27289 pr 0.0000 tr 0.0000 ramp 0.65) val=0.25868 IoU=0.7236 P=0.781 R=0.907 lr=9.89e-05 62s
epoch=024 train=0.25823 (seg 0.25823 pr 0.0000 tr 0.0000 ramp 0.70) val=0.24219 IoU=0.7395 P=0.796 R=0.912 lr=9.87e-05 62s
epoch=025 train=0.24632 (seg 0.24632 pr 0.0000 tr 0.0000 ramp 0.75) val=0.23567 IoU=0.7223 P=0.783 R=0.904 lr=9.85e-05 62s
epoch=026 train=0.23897 (seg 0.23897 pr 0.0000 tr 0.0000 ramp 0.80) val=0.21884 IoU=0.7535 P=0.816 R=0.908 lr=9.83e-05 62s
epoch=027 train=0.22328 (seg 0.22328 pr 0.0000 tr 0.0000 ramp 0.85) val=0.20650 IoU=0.7663 P=0.831 R=0.908 lr=9.80e-05 62s
epoch=028 train=0.21578 (seg 0.21578 pr 0.0000 tr 0.0000 ramp 0.90) val=0.19694 IoU=0.7673 P=0.831 R=0.909 lr=9.78e-05 62s
epoch=029 train=0.20385 (seg 0.20385 pr 0.0000 tr 0.0000 ramp 0.95) val=0.18811 IoU=0.7719 P=0.839 R=0.906 lr=9.76e-05 62s
epoch=030 train=0.19379 (seg 0.19379 pr 0.0000 tr 0.0000 ramp 1.00) val=0.17919 IoU=0.7801 P=0.850 R=0.904 lr=9.73e-05 62s
epoch=031 train=0.18843 (seg 0.18843 pr 0.0000 tr 0.0000 ramp 1.00) val=0.17676 IoU=0.7668 P=0.840 R=0.898 lr=9.70e-05 62s
epoch=032 train=0.17871 (seg 0.17871 pr 0.0000 tr 0.0000 ramp 1.00) val=0.16454 IoU=0.7851 P=0.856 R=0.905 lr=9.67e-05 62s
epoch=033 train=0.17631 (seg 0.17631 pr 0.0000 tr 0.0000 ramp 1.00) val=0.16744 IoU=0.7605 P=0.845 R=0.884 lr=9.64e-05 62s
epoch=034 train=0.16696 (seg 0.16696 pr 0.0000 tr 0.0000 ramp 1.00) val=0.15738 IoU=0.7751 P=0.854 R=0.894 lr=9.61e-05 62s
epoch=035 train=0.15988 (seg 0.15988 pr 0.0000 tr 0.0000 ramp 1.00) val=0.14996 IoU=0.7846 P=0.864 R=0.895 lr=9.58e-05 62s
epoch=036 train=0.15557 (seg 0.15557 pr 0.0000 tr 0.0000 ramp 1.00) val=0.14388 IoU=0.7867 P=0.858 R=0.904 lr=9.55e-05 62s
epoch=037 train=0.15006 (seg 0.15006 pr 0.0000 tr 0.0000 ramp 1.00) val=0.13887 IoU=0.7907 P=0.867 R=0.900 lr=9.51e-05 62s
epoch=038 train=0.14744 (seg 0.14744 pr 0.0000 tr 0.0000 ramp 1.00) val=0.14390 IoU=0.7664 P=0.854 R=0.882 lr=9.47e-05 62s
epoch=039 train=0.14300 (seg 0.14300 pr 0.0000 tr 0.0000 ramp 1.00) val=0.13007 IoU=0.7966 P=0.873 R=0.901 lr=9.44e-05 62s
epoch=040 train=0.13748 (seg 0.13748 pr 0.0000 tr 0.0000 ramp 1.00) val=0.12807 IoU=0.7916 P=0.866 R=0.903 lr=9.40e-05 62s
epoch=041 train=0.13145 (seg 0.13145 pr 0.0000 tr 0.0000 ramp 1.00) val=0.12181 IoU=0.8027 P=0.878 R=0.904 lr=9.36e-05 62s
epoch=042 train=0.13243 (seg 0.13243 pr 0.0000 tr 0.0000 ramp 1.00) val=0.12008 IoU=0.8016 P=0.881 R=0.899 lr=9.32e-05 62s
epoch=043 train=0.12747 (seg 0.12747 pr 0.0000 tr 0.0000 ramp 1.00) val=0.12187 IoU=0.7889 P=0.872 R=0.892 lr=9.27e-05 62s
epoch=044 train=0.12456 (seg 0.12456 pr 0.0000 tr 0.0000 ramp 1.00) val=0.11139 IoU=0.8124 P=0.888 R=0.905 lr=9.23e-05 62s
epoch=045 train=0.12225 (seg 0.12225 pr 0.0000 tr 0.0000 ramp 1.00) val=0.11134 IoU=0.8075 P=0.892 R=0.895 lr=9.19e-05 62s
epoch=046 train=0.11814 (seg 0.11814 pr 0.0000 tr 0.0000 ramp 1.00) val=0.10956 IoU=0.8051 P=0.879 R=0.905 lr=9.14e-05 62s
epoch=047 train=0.11539 (seg 0.11539 pr 0.0000 tr 0.0000 ramp 1.00) val=0.10658 IoU=0.8082 P=0.882 R=0.906 lr=9.09e-05 62s
epoch=048 train=0.11526 (seg 0.11526 pr 0.0000 tr 0.0000 ramp 1.00) val=0.10131 IoU=0.8171 P=0.887 R=0.912 lr=9.05e-05 62s
epoch=049 train=0.10996 (seg 0.10996 pr 0.0000 tr 0.0000 ramp 1.00) val=0.10760 IoU=0.7976 P=0.883 R=0.892 lr=9.00e-05 62s
epoch=050 train=0.11038 (seg 0.11038 pr 0.0000 tr 0.0000 ramp 1.00) val=0.09849 IoU=0.8175 P=0.895 R=0.904 lr=8.95e-05 62s
epoch=051 train=0.10973 (seg 0.10973 pr 0.0000 tr 0.0000 ramp 1.00) val=0.09841 IoU=0.8131 P=0.893 R=0.901 lr=8.90e-05 62s
epoch=052 train=0.10394 (seg 0.10394 pr 0.0000 tr 0.0000 ramp 1.00) val=0.09850 IoU=0.8105 P=0.889 R=0.901 lr=8.84e-05 62s
epoch=053 train=0.10542 (seg 0.10542 pr 0.0000 tr 0.0000 ramp 1.00) val=0.09406 IoU=0.8186 P=0.898 R=0.902 lr=8.79e-05 62s
epoch=054 train=0.10349 (seg 0.10349 pr 0.0000 tr 0.0000 ramp 1.00) val=0.09596 IoU=0.8116 P=0.896 R=0.896 lr=8.74e-05 62s
epoch=055 train=0.10208 (seg 0.10208 pr 0.0000 tr 0.0000 ramp 1.00) val=0.09207 IoU=0.8179 P=0.896 R=0.904 lr=8.68e-05 62s
epoch=056 train=0.09696 (seg 0.09696 pr 0.0000 tr 0.0000 ramp 1.00) val=0.08974 IoU=0.8219 P=0.906 R=0.899 lr=8.62e-05 62s
W0916 14:51:43.833000 2247544 torch/distributed/elastic/agent/server/api.py:739] Received Signals.SIGTERM death signal, shutting down workers
W0916 14:51:43.838000 2247544 torch/distributed/elastic/multiprocessing/api.py:1010] Sending process 2247570 closing signal SIGTERM
W0916 14:51:43.839000 2247544 torch/distributed/elastic/multiprocessing/api.py:1010] Sending process 2247571 closing signal SIGTERM
W0916 14:51:43.840000 2247544 torch/distributed/elastic/multiprocessing/api.py:1010] Sending process 2247572 closing signal SIGTERM
W0916 14:51:43.840000 2247544 torch/distributed/elastic/multiprocessing/api.py:1010] Sending process 2247573 closing signal SIGTERM
Traceback (most recent call last):
  File "/usr/lib/python3.10/runpy.py", line 196, in _run_module_as_main
    return _run_code(code, main_globals, None,
  File "/usr/lib/python3.10/runpy.py", line 86, in _run_code
    exec(code, run_globals)
  File "/hdd1/hukaixiao/projects/FAULTSEG3D/.venv/lib/python3.10/site-packages/torch/distributed/run.py", line 995, in <module>
    main()
  File "/hdd1/hukaixiao/projects/FAULTSEG3D/.venv/lib/python3.10/site-packages/torch/distributed/elastic/multiprocessing/errors/__init__.py", line 362, in wrapper
    return f(*args, **kwargs)
  File "/hdd1/hukaixiao/projects/FAULTSEG3D/.venv/lib/python3.10/site-packages/torch/distributed/run.py", line 991, in main
    run(args)
  File "/hdd1/hukaixiao/projects/FAULTSEG3D/.venv/lib/python3.10/site-packages/torch/distributed/run.py", line 982, in run
    elastic_launch(
  File "/hdd1/hukaixiao/projects/FAULTSEG3D/.venv/lib/python3.10/site-packages/torch/distributed/launcher/api.py", line 170, in __call__
    return launch_agent(self._config, self._entrypoint, list(args))
  File "/hdd1/hukaixiao/projects/FAULTSEG3D/.venv/lib/python3.10/site-packages/torch/distributed/launcher/api.py", line 308, in launch_agent
    result = agent.run()
  File "/hdd1/hukaixiao/projects/FAULTSEG3D/.venv/lib/python3.10/site-packages/torch/distributed/elastic/metrics/api.py", line 134, in wrapper
    result = f(*args, **kwargs)
  File "/hdd1/hukaixiao/projects/FAULTSEG3D/.venv/lib/python3.10/site-packages/torch/distributed/elastic/agent/server/api.py", line 731, in run
    result = self._invoke_run(role)
  File "/hdd1/hukaixiao/projects/FAULTSEG3D/.venv/lib/python3.10/site-packages/torch/distributed/elastic/agent/server/api.py", line 908, in _invoke_run
    time.sleep(monitor_interval)
  File "/hdd1/hukaixiao/projects/FAULTSEG3D/.venv/lib/python3.10/site-packages/torch/distributed/elastic/multiprocessing/api.py", line 86, in _terminate_process_handler
    raise SignalException(f"Process {os.getpid()} got signal: {sigval}", sigval=sigval)
torch.distributed.elastic.multiprocessing.api.SignalException: Process 2247544 got signal: 15
