dbvit_frs: dbvit 7.90M  world=4 global_batch=8 d2s=False profile=False trace=False
epoch=001 train=0.57109 (seg 0.57109 pr 0.0000 tr 0.0000 ramp 0.00) val=0.55181 IoU=0.0972 P=0.103 R=0.620 lr=1.09e-05 77s
epoch=002 train=0.52860 (seg 0.52860 pr 0.0000 tr 0.0000 ramp 0.00) val=0.48656 IoU=0.1962 P=0.229 R=0.576 lr=2.08e-05 72s
epoch=003 train=0.44826 (seg 0.44826 pr 0.0000 tr 0.0000 ramp 0.00) val=0.37089 IoU=0.3220 P=0.447 R=0.536 lr=3.07e-05 73s
epoch=004 train=0.37606 (seg 0.37606 pr 0.0000 tr 0.0000 ramp 0.00) val=0.32126 IoU=0.3729 P=0.512 R=0.579 lr=4.06e-05 73s
epoch=005 train=0.34279 (seg 0.34279 pr 0.0000 tr 0.0000 ramp 0.00) val=0.29629 IoU=0.4048 P=0.553 R=0.602 lr=5.05e-05 73s
epoch=006 train=0.31805 (seg 0.31805 pr 0.0000 tr 0.0000 ramp 0.00) val=0.27477 IoU=0.4358 P=0.576 R=0.642 lr=6.04e-05 73s
epoch=007 train=0.29677 (seg 0.29677 pr 0.0000 tr 0.0000 ramp 0.00) val=0.25860 IoU=0.4624 P=0.623 R=0.642 lr=7.03e-05 73s
epoch=008 train=0.28381 (seg 0.28381 pr 0.0000 tr 0.0000 ramp 0.00) val=0.24465 IoU=0.4832 P=0.634 R=0.670 lr=8.02e-05 73s
epoch=009 train=0.26435 (seg 0.26435 pr 0.0000 tr 0.0000 ramp 0.00) val=0.22797 IoU=0.5119 P=0.659 R=0.696 lr=9.01e-05 73s
epoch=010 train=0.25182 (seg 0.25182 pr 0.0000 tr 0.0000 ramp 0.00) val=0.21339 IoU=0.5367 P=0.681 R=0.717 lr=1.00e-04 73s
epoch=011 train=0.23697 (seg 0.23697 pr 0.0000 tr 0.0000 ramp 0.05) val=0.20038 IoU=0.5597 P=0.696 R=0.741 lr=1.00e-04 73s
epoch=012 train=0.22491 (seg 0.22491 pr 0.0000 tr 0.0000 ramp 0.10) val=0.19055 IoU=0.5788 P=0.719 R=0.748 lr=1.00e-04 73s
epoch=013 train=0.21776 (seg 0.21776 pr 0.0000 tr 0.0000 ramp 0.15) val=0.18439 IoU=0.5874 P=0.716 R=0.766 lr=9.99e-05 73s
epoch=014 train=0.21043 (seg 0.21043 pr 0.0000 tr 0.0000 ramp 0.20) val=0.17919 IoU=0.5989 P=0.741 R=0.758 lr=9.99e-05 73s
W0916 13:48:56.504000 2241633 torch/distributed/elastic/agent/server/api.py:739] Received Signals.SIGTERM death signal, shutting down workers
W0916 13:48:56.507000 2241633 torch/distributed/elastic/multiprocessing/api.py:1010] Sending process 2241658 closing signal SIGTERM
W0916 13:48:56.507000 2241633 torch/distributed/elastic/multiprocessing/api.py:1010] Sending process 2241659 closing signal SIGTERM
W0916 13:48:56.507000 2241633 torch/distributed/elastic/multiprocessing/api.py:1010] Sending process 2241660 closing signal SIGTERM
W0916 13:48:56.508000 2241633 torch/distributed/elastic/multiprocessing/api.py:1010] Sending process 2241661 closing signal SIGTERM
Traceback (most recent call last):
  File "/usr/lib/python3.10/runpy.py", line 196, in _run_module_as_main
    return _run_code(code, main_globals, None,
  File "/usr/lib/python3.10/runpy.py", line 86, in _run_code
    exec(code, run_globals)
  File "/hdd1/hukaixiao/projects/FAULTSEG3D/.venv/lib/python3.10/site-packages/torch/distributed/run.py", line 995, in <module>
    main()
  File "/hdd1/hukaixiao/projects/FAULTSEG3D/.venv/lib/python3.10/site-packages/torch/distributed/elastic/multiprocessing/errors/__init__.py", line 362, in wrapper
    return f(*args, **kwargs)
  File "/hdd1/hukaixiao/projects/FAULTSEG3D/.venv/lib/python3.10/site-packages/torch/distributed/run.py", line 991, in main
    run(args)
  File "/hdd1/hukaixiao/projects/FAULTSEG3D/.venv/lib/python3.10/site-packages/torch/distributed/run.py", line 982, in run
    elastic_launch(
  File "/hdd1/hukaixiao/projects/FAULTSEG3D/.venv/lib/python3.10/site-packages/torch/distributed/launcher/api.py", line 170, in __call__
    return launch_agent(self._config, self._entrypoint, list(args))
  File "/hdd1/hukaixiao/projects/FAULTSEG3D/.venv/lib/python3.10/site-packages/torch/distributed/launcher/api.py", line 308, in launch_agent
    result = agent.run()
  File "/hdd1/hukaixiao/projects/FAULTSEG3D/.venv/lib/python3.10/site-packages/torch/distributed/elastic/metrics/api.py", line 134, in wrapper
    result = f(*args, **kwargs)
  File "/hdd1/hukaixiao/projects/FAULTSEG3D/.venv/lib/python3.10/site-packages/torch/distributed/elastic/agent/server/api.py", line 731, in run
    result = self._invoke_run(role)
  File "/hdd1/hukaixiao/projects/FAULTSEG3D/.venv/lib/python3.10/site-packages/torch/distributed/elastic/agent/server/api.py", line 908, in _invoke_run
    time.sleep(monitor_interval)
  File "/hdd1/hukaixiao/projects/FAULTSEG3D/.venv/lib/python3.10/site-packages/torch/distributed/elastic/multiprocessing/api.py", line 86, in _terminate_process_handler
    raise SignalException(f"Process {os.getpid()} got signal: {sigval}", sigval=sigval)
torch.distributed.elastic.multiprocessing.api.SignalException: Process 2241633 got signal: 15
