baseline: maxvit3d 40.16M  world=4 global_batch=8 d2s=False profile=False trace=False
epoch=001 train=0.57452 (seg 0.57452 pr 0.0000 tr 0.0000 ramp 0.00) val=0.56908 IoU=0.0908 P=0.098 R=0.559 lr=1.09e-05 142s
epoch=002 train=0.56485 (seg 0.56485 pr 0.0000 tr 0.0000 ramp 0.00) val=0.56204 IoU=0.1117 P=0.121 R=0.588 lr=2.08e-05 135s
epoch=003 train=0.55598 (seg 0.55598 pr 0.0000 tr 0.0000 ramp 0.00) val=0.55693 IoU=0.1332 P=0.145 R=0.627 lr=3.07e-05 135s
epoch=004 train=0.55213 (seg 0.55213 pr 0.0000 tr 0.0000 ramp 0.00) val=0.55048 IoU=0.1695 P=0.188 R=0.628 lr=4.06e-05 135s
epoch=005 train=0.54345 (seg 0.54345 pr 0.0000 tr 0.0000 ramp 0.00) val=0.54626 IoU=0.1841 P=0.208 R=0.612 lr=5.05e-05 135s
W0917 16:44:01.896000 3439966 torch/distributed/elastic/agent/server/api.py:739] Received Signals.SIGTERM death signal, shutting down workers
W0917 16:44:01.903000 3439966 torch/distributed/elastic/multiprocessing/api.py:1010] Sending process 3439991 closing signal SIGTERM
W0917 16:44:01.904000 3439966 torch/distributed/elastic/multiprocessing/api.py:1010] Sending process 3439992 closing signal SIGTERM
W0917 16:44:01.904000 3439966 torch/distributed/elastic/multiprocessing/api.py:1010] Sending process 3439993 closing signal SIGTERM
W0917 16:44:01.905000 3439966 torch/distributed/elastic/multiprocessing/api.py:1010] Sending process 3439994 closing signal SIGTERM
Traceback (most recent call last):
  File "/usr/lib/python3.10/runpy.py", line 196, in _run_module_as_main
    return _run_code(code, main_globals, None,
  File "/usr/lib/python3.10/runpy.py", line 86, in _run_code
    exec(code, run_globals)
  File "/hdd1/hukaixiao/projects/FAULTSEG3D/.venv/lib/python3.10/site-packages/torch/distributed/run.py", line 995, in <module>
    main()
  File "/hdd1/hukaixiao/projects/FAULTSEG3D/.venv/lib/python3.10/site-packages/torch/distributed/elastic/multiprocessing/errors/__init__.py", line 362, in wrapper
    return f(*args, **kwargs)
  File "/hdd1/hukaixiao/projects/FAULTSEG3D/.venv/lib/python3.10/site-packages/torch/distributed/run.py", line 991, in main
    run(args)
  File "/hdd1/hukaixiao/projects/FAULTSEG3D/.venv/lib/python3.10/site-packages/torch/distributed/run.py", line 982, in run
    elastic_launch(
  File "/hdd1/hukaixiao/projects/FAULTSEG3D/.venv/lib/python3.10/site-packages/torch/distributed/launcher/api.py", line 170, in __call__
    return launch_agent(self._config, self._entrypoint, list(args))
  File "/hdd1/hukaixiao/projects/FAULTSEG3D/.venv/lib/python3.10/site-packages/torch/distributed/launcher/api.py", line 308, in launch_agent
    result = agent.run()
  File "/hdd1/hukaixiao/projects/FAULTSEG3D/.venv/lib/python3.10/site-packages/torch/distributed/elastic/metrics/api.py", line 134, in wrapper
    result = f(*args, **kwargs)
  File "/hdd1/hukaixiao/projects/FAULTSEG3D/.venv/lib/python3.10/site-packages/torch/distributed/elastic/agent/server/api.py", line 731, in run
    result = self._invoke_run(role)
  File "/hdd1/hukaixiao/projects/FAULTSEG3D/.venv/lib/python3.10/site-packages/torch/distributed/elastic/agent/server/api.py", line 908, in _invoke_run
    time.sleep(monitor_interval)
  File "/hdd1/hukaixiao/projects/FAULTSEG3D/.venv/lib/python3.10/site-packages/torch/distributed/elastic/multiprocessing/api.py", line 86, in _terminate_process_handler
    raise SignalException(f"Process {os.getpid()} got signal: {sigval}", sigval=sigval)
torch.distributed.elastic.multiprocessing.api.SignalException: Process 3439966 got signal: 15
