dbvit: dbvit 7.87M  world=4 global_batch=8 d2s=False profile=False trace=False
epoch=001 train=0.57523 (seg 0.57523 pr 0.0000 tr 0.0000 ramp 0.00) val=0.55238 IoU=0.0888 P=0.096 R=0.550 lr=1.09e-05 70s
epoch=002 train=0.52651 (seg 0.52651 pr 0.0000 tr 0.0000 ramp 0.00) val=0.47327 IoU=0.2058 P=0.247 R=0.553 lr=2.08e-05 67s
epoch=003 train=0.43826 (seg 0.43826 pr 0.0000 tr 0.0000 ramp 0.00) val=0.36690 IoU=0.3150 P=0.439 R=0.528 lr=3.07e-05 67s
epoch=004 train=0.37800 (seg 0.37800 pr 0.0000 tr 0.0000 ramp 0.00) val=0.33072 IoU=0.3550 P=0.489 R=0.564 lr=4.06e-05 67s
epoch=005 train=0.34911 (seg 0.34911 pr 0.0000 tr 0.0000 ramp 0.00) val=0.30778 IoU=0.3850 P=0.517 R=0.602 lr=5.05e-05 67s
epoch=006 train=0.32787 (seg 0.32787 pr 0.0000 tr 0.0000 ramp 0.00) val=0.28841 IoU=0.4131 P=0.546 R=0.629 lr=6.04e-05 67s
epoch=007 train=0.30610 (seg 0.30610 pr 0.0000 tr 0.0000 ramp 0.00) val=0.26895 IoU=0.4433 P=0.591 R=0.640 lr=7.03e-05 67s
epoch=008 train=0.29117 (seg 0.29117 pr 0.0000 tr 0.0000 ramp 0.00) val=0.25450 IoU=0.4645 P=0.605 R=0.667 lr=8.02e-05 67s
epoch=009 train=0.27098 (seg 0.27098 pr 0.0000 tr 0.0000 ramp 0.00) val=0.23377 IoU=0.4989 P=0.639 R=0.695 lr=9.01e-05 67s
epoch=010 train=0.25636 (seg 0.25636 pr 0.0000 tr 0.0000 ramp 0.00) val=0.21760 IoU=0.5287 P=0.667 R=0.718 lr=1.00e-04 68s
epoch=011 train=0.24126 (seg 0.24126 pr 0.0000 tr 0.0000 ramp 0.05) val=0.20377 IoU=0.5522 P=0.687 R=0.737 lr=1.00e-04 67s
epoch=012 train=0.22714 (seg 0.22714 pr 0.0000 tr 0.0000 ramp 0.10) val=0.19569 IoU=0.5683 P=0.707 R=0.744 lr=1.00e-04 68s
epoch=013 train=0.22038 (seg 0.22038 pr 0.0000 tr 0.0000 ramp 0.15) val=0.18596 IoU=0.5840 P=0.714 R=0.762 lr=9.99e-05 67s
epoch=014 train=0.21184 (seg 0.21184 pr 0.0000 tr 0.0000 ramp 0.20) val=0.18123 IoU=0.5948 P=0.738 R=0.754 lr=9.99e-05 67s
epoch=015 train=0.20274 (seg 0.20274 pr 0.0000 tr 0.0000 ramp 0.25) val=0.17611 IoU=0.6040 P=0.756 R=0.750 lr=9.98e-05 68s
epoch=016 train=0.19543 (seg 0.19543 pr 0.0000 tr 0.0000 ramp 0.30) val=0.17143 IoU=0.6107 P=0.737 R=0.780 lr=9.98e-05 68s
epoch=017 train=0.19366 (seg 0.19366 pr 0.0000 tr 0.0000 ramp 0.35) val=0.16612 IoU=0.6224 P=0.762 R=0.773 lr=9.97e-05 68s
epoch=018 train=0.18722 (seg 0.18722 pr 0.0000 tr 0.0000 ramp 0.40) val=0.16407 IoU=0.6262 P=0.767 R=0.774 lr=9.96e-05 67s
epoch=019 train=0.18172 (seg 0.18172 pr 0.0000 tr 0.0000 ramp 0.45) val=0.15778 IoU=0.6380 P=0.773 R=0.785 lr=9.94e-05 67s
epoch=020 train=0.17968 (seg 0.17968 pr 0.0000 tr 0.0000 ramp 0.50) val=0.15545 IoU=0.6421 P=0.776 R=0.788 lr=9.93e-05 67s
epoch=021 train=0.17846 (seg 0.17846 pr 0.0000 tr 0.0000 ramp 0.55) val=0.15322 IoU=0.6463 P=0.779 R=0.791 lr=9.92e-05 67s
epoch=022 train=0.17410 (seg 0.17410 pr 0.0000 tr 0.0000 ramp 0.60) val=0.15270 IoU=0.6481 P=0.780 R=0.793 lr=9.90e-05 67s
epoch=023 train=0.17055 (seg 0.17055 pr 0.0000 tr 0.0000 ramp 0.65) val=0.14975 IoU=0.6548 P=0.807 R=0.776 lr=9.89e-05 67s
epoch=024 train=0.16637 (seg 0.16637 pr 0.0000 tr 0.0000 ramp 0.70) val=0.14461 IoU=0.6650 P=0.804 R=0.794 lr=9.87e-05 67s
epoch=025 train=0.16395 (seg 0.16395 pr 0.0000 tr 0.0000 ramp 0.75) val=0.14457 IoU=0.6621 P=0.783 R=0.810 lr=9.85e-05 67s
epoch=026 train=0.16268 (seg 0.16268 pr 0.0000 tr 0.0000 ramp 0.80) val=0.14092 IoU=0.6723 P=0.813 R=0.795 lr=9.83e-05 67s
epoch=027 train=0.16123 (seg 0.16123 pr 0.0000 tr 0.0000 ramp 0.85) val=0.13998 IoU=0.6733 P=0.809 R=0.801 lr=9.80e-05 67s
epoch=028 train=0.15902 (seg 0.15902 pr 0.0000 tr 0.0000 ramp 0.90) val=0.13803 IoU=0.6765 P=0.803 R=0.811 lr=9.78e-05 67s
epoch=029 train=0.15648 (seg 0.15648 pr 0.0000 tr 0.0000 ramp 0.95) val=0.13556 IoU=0.6812 P=0.805 R=0.815 lr=9.76e-05 68s
epoch=030 train=0.15397 (seg 0.15397 pr 0.0000 tr 0.0000 ramp 1.00) val=0.13452 IoU=0.6845 P=0.822 R=0.804 lr=9.73e-05 67s
epoch=031 train=0.15294 (seg 0.15294 pr 0.0000 tr 0.0000 ramp 1.00) val=0.13509 IoU=0.6826 P=0.814 R=0.809 lr=9.70e-05 67s
epoch=032 train=0.15056 (seg 0.15056 pr 0.0000 tr 0.0000 ramp 1.00) val=0.13492 IoU=0.6811 P=0.805 R=0.816 lr=9.67e-05 67s
epoch=033 train=0.14983 (seg 0.14983 pr 0.0000 tr 0.0000 ramp 1.00) val=0.13168 IoU=0.6896 P=0.825 R=0.808 lr=9.64e-05 67s
epoch=034 train=0.14860 (seg 0.14860 pr 0.0000 tr 0.0000 ramp 1.00) val=0.13150 IoU=0.6898 P=0.824 R=0.809 lr=9.61e-05 68s
epoch=035 train=0.14457 (seg 0.14457 pr 0.0000 tr 0.0000 ramp 1.00) val=0.12739 IoU=0.6964 P=0.807 R=0.835 lr=9.58e-05 67s
epoch=036 train=0.14633 (seg 0.14633 pr 0.0000 tr 0.0000 ramp 1.00) val=0.12684 IoU=0.6989 P=0.820 R=0.826 lr=9.55e-05 67s
epoch=037 train=0.14221 (seg 0.14221 pr 0.0000 tr 0.0000 ramp 1.00) val=0.12615 IoU=0.7015 P=0.833 R=0.817 lr=9.51e-05 67s
epoch=038 train=0.14177 (seg 0.14177 pr 0.0000 tr 0.0000 ramp 1.00) val=0.12518 IoU=0.7007 P=0.811 R=0.837 lr=9.47e-05 67s
epoch=039 train=0.14106 (seg 0.14106 pr 0.0000 tr 0.0000 ramp 1.00) val=0.12326 IoU=0.7059 P=0.829 R=0.826 lr=9.44e-05 67s
epoch=040 train=0.14099 (seg 0.14099 pr 0.0000 tr 0.0000 ramp 1.00) val=0.12267 IoU=0.7065 P=0.817 R=0.839 lr=9.40e-05 67s
epoch=041 train=0.13786 (seg 0.13786 pr 0.0000 tr 0.0000 ramp 1.00) val=0.12226 IoU=0.7080 P=0.830 R=0.828 lr=9.36e-05 67s
epoch=042 train=0.13828 (seg 0.13828 pr 0.0000 tr 0.0000 ramp 1.00) val=0.12126 IoU=0.7098 P=0.829 R=0.831 lr=9.32e-05 68s
epoch=043 train=0.13569 (seg 0.13569 pr 0.0000 tr 0.0000 ramp 1.00) val=0.12069 IoU=0.7114 P=0.837 R=0.826 lr=9.27e-05 67s
epoch=044 train=0.13769 (seg 0.13769 pr 0.0000 tr 0.0000 ramp 1.00) val=0.12221 IoU=0.7087 P=0.840 R=0.819 lr=9.23e-05 67s
epoch=045 train=0.13611 (seg 0.13611 pr 0.0000 tr 0.0000 ramp 1.00) val=0.11969 IoU=0.7146 P=0.846 R=0.822 lr=9.19e-05 67s
epoch=046 train=0.13456 (seg 0.13456 pr 0.0000 tr 0.0000 ramp 1.00) val=0.11776 IoU=0.7169 P=0.830 R=0.840 lr=9.14e-05 67s
epoch=047 train=0.13397 (seg 0.13397 pr 0.0000 tr 0.0000 ramp 1.00) val=0.11787 IoU=0.7178 P=0.838 R=0.833 lr=9.09e-05 67s
epoch=048 train=0.13461 (seg 0.13461 pr 0.0000 tr 0.0000 ramp 1.00) val=0.11801 IoU=0.7154 P=0.820 R=0.849 lr=9.05e-05 67s
epoch=049 train=0.13188 (seg 0.13188 pr 0.0000 tr 0.0000 ramp 1.00) val=0.11732 IoU=0.7187 P=0.845 R=0.828 lr=9.00e-05 67s
epoch=050 train=0.13159 (seg 0.13159 pr 0.0000 tr 0.0000 ramp 1.00) val=0.11838 IoU=0.7163 P=0.847 R=0.823 lr=8.95e-05 67s
epoch=051 train=0.12999 (seg 0.12999 pr 0.0000 tr 0.0000 ramp 1.00) val=0.11635 IoU=0.7194 P=0.833 R=0.841 lr=8.90e-05 67s
epoch=052 train=0.12862 (seg 0.12862 pr 0.0000 tr 0.0000 ramp 1.00) val=0.11473 IoU=0.7237 P=0.841 R=0.838 lr=8.84e-05 67s
epoch=053 train=0.12795 (seg 0.12795 pr 0.0000 tr 0.0000 ramp 1.00) val=0.11429 IoU=0.7240 P=0.839 R=0.841 lr=8.79e-05 67s
epoch=054 train=0.12834 (seg 0.12834 pr 0.0000 tr 0.0000 ramp 1.00) val=0.11335 IoU=0.7262 P=0.842 R=0.841 lr=8.74e-05 67s
epoch=055 train=0.12723 (seg 0.12723 pr 0.0000 tr 0.0000 ramp 1.00) val=0.11231 IoU=0.7299 P=0.849 R=0.839 lr=8.68e-05 67s
epoch=056 train=0.12511 (seg 0.12511 pr 0.0000 tr 0.0000 ramp 1.00) val=0.11375 IoU=0.7245 P=0.835 R=0.846 lr=8.62e-05 67s
epoch=057 train=0.12539 (seg 0.12539 pr 0.0000 tr 0.0000 ramp 1.00) val=0.11088 IoU=0.7330 P=0.852 R=0.840 lr=8.57e-05 67s
epoch=058 train=0.12352 (seg 0.12352 pr 0.0000 tr 0.0000 ramp 1.00) val=0.10970 IoU=0.7342 P=0.845 R=0.848 lr=8.51e-05 67s
epoch=059 train=0.12483 (seg 0.12483 pr 0.0000 tr 0.0000 ramp 1.00) val=0.11102 IoU=0.7306 P=0.840 R=0.849 lr=8.45e-05 67s
epoch=060 train=0.12534 (seg 0.12534 pr 0.0000 tr 0.0000 ramp 1.00) val=0.11040 IoU=0.7321 P=0.848 R=0.843 lr=8.39e-05 67s
epoch=061 train=0.12260 (seg 0.12260 pr 0.0000 tr 0.0000 ramp 1.00) val=0.10853 IoU=0.7369 P=0.850 R=0.847 lr=8.33e-05 67s
epoch=062 train=0.12317 (seg 0.12317 pr 0.0000 tr 0.0000 ramp 1.00) val=0.10762 IoU=0.7391 P=0.853 R=0.847 lr=8.26e-05 67s
epoch=063 train=0.12126 (seg 0.12126 pr 0.0000 tr 0.0000 ramp 1.00) val=0.10826 IoU=0.7375 P=0.850 R=0.848 lr=8.20e-05 67s
epoch=064 train=0.12168 (seg 0.12168 pr 0.0000 tr 0.0000 ramp 1.00) val=0.10725 IoU=0.7382 P=0.838 R=0.861 lr=8.14e-05 67s
epoch=065 train=0.12046 (seg 0.12046 pr 0.0000 tr 0.0000 ramp 1.00) val=0.10704 IoU=0.7395 P=0.847 R=0.853 lr=8.07e-05 67s
epoch=066 train=0.12055 (seg 0.12055 pr 0.0000 tr 0.0000 ramp 1.00) val=0.10671 IoU=0.7418 P=0.863 R=0.841 lr=8.01e-05 67s
epoch=067 train=0.12105 (seg 0.12105 pr 0.0000 tr 0.0000 ramp 1.00) val=0.10527 IoU=0.7433 P=0.851 R=0.855 lr=7.94e-05 67s
epoch=068 train=0.12070 (seg 0.12070 pr 0.0000 tr 0.0000 ramp 1.00) val=0.10694 IoU=0.7392 P=0.843 R=0.858 lr=7.87e-05 67s
epoch=069 train=0.11993 (seg 0.11993 pr 0.0000 tr 0.0000 ramp 1.00) val=0.10497 IoU=0.7439 P=0.847 R=0.860 lr=7.81e-05 67s
epoch=070 train=0.11811 (seg 0.11811 pr 0.0000 tr 0.0000 ramp 1.00) val=0.10538 IoU=0.7439 P=0.858 R=0.848 lr=7.74e-05 67s
epoch=071 train=0.11810 (seg 0.11810 pr 0.0000 tr 0.0000 ramp 1.00) val=0.10385 IoU=0.7468 P=0.856 R=0.855 lr=7.67e-05 67s
epoch=072 train=0.11877 (seg 0.11877 pr 0.0000 tr 0.0000 ramp 1.00) val=0.10531 IoU=0.7441 P=0.858 R=0.849 lr=7.60e-05 67s
epoch=073 train=0.11682 (seg 0.11682 pr 0.0000 tr 0.0000 ramp 1.00) val=0.10364 IoU=0.7469 P=0.852 R=0.858 lr=7.53e-05 67s
epoch=074 train=0.11710 (seg 0.11710 pr 0.0000 tr 0.0000 ramp 1.00) val=0.10536 IoU=0.7435 P=0.854 R=0.852 lr=7.45e-05 67s
epoch=075 train=0.11605 (seg 0.11605 pr 0.0000 tr 0.0000 ramp 1.00) val=0.10350 IoU=0.7482 P=0.859 R=0.853 lr=7.38e-05 67s
epoch=076 train=0.11670 (seg 0.11670 pr 0.0000 tr 0.0000 ramp 1.00) val=0.10199 IoU=0.7502 P=0.855 R=0.860 lr=7.31e-05 67s
epoch=077 train=0.11480 (seg 0.11480 pr 0.0000 tr 0.0000 ramp 1.00) val=0.10255 IoU=0.7494 P=0.857 R=0.856 lr=7.24e-05 67s
epoch=078 train=0.11409 (seg 0.11409 pr 0.0000 tr 0.0000 ramp 1.00) val=0.10134 IoU=0.7524 P=0.860 R=0.857 lr=7.16e-05 67s
epoch=079 train=0.11491 (seg 0.11491 pr 0.0000 tr 0.0000 ramp 1.00) val=0.10234 IoU=0.7494 P=0.856 R=0.857 lr=7.09e-05 67s
epoch=080 train=0.11516 (seg 0.11516 pr 0.0000 tr 0.0000 ramp 1.00) val=0.10049 IoU=0.7547 P=0.863 R=0.857 lr=7.01e-05 67s
epoch=081 train=0.11364 (seg 0.11364 pr 0.0000 tr 0.0000 ramp 1.00) val=0.10213 IoU=0.7494 P=0.851 R=0.863 lr=6.94e-05 67s
epoch=082 train=0.11271 (seg 0.11271 pr 0.0000 tr 0.0000 ramp 1.00) val=0.10200 IoU=0.7507 P=0.858 R=0.858 lr=6.86e-05 67s
epoch=083 train=0.11261 (seg 0.11261 pr 0.0000 tr 0.0000 ramp 1.00) val=0.10173 IoU=0.7502 P=0.849 R=0.866 lr=6.78e-05 68s
epoch=084 train=0.11164 (seg 0.11164 pr 0.0000 tr 0.0000 ramp 1.00) val=0.09978 IoU=0.7565 P=0.868 R=0.855 lr=6.70e-05 67s
epoch=085 train=0.11215 (seg 0.11215 pr 0.0000 tr 0.0000 ramp 1.00) val=0.09999 IoU=0.7546 P=0.855 R=0.866 lr=6.63e-05 67s
epoch=086 train=0.11170 (seg 0.11170 pr 0.0000 tr 0.0000 ramp 1.00) val=0.10286 IoU=0.7498 P=0.862 R=0.852 lr=6.55e-05 67s
epoch=087 train=0.11190 (seg 0.11190 pr 0.0000 tr 0.0000 ramp 1.00) val=0.09972 IoU=0.7561 P=0.870 R=0.852 lr=6.47e-05 67s
epoch=088 train=0.11048 (seg 0.11048 pr 0.0000 tr 0.0000 ramp 1.00) val=0.09924 IoU=0.7579 P=0.871 R=0.854 lr=6.39e-05 68s
W0916 13:30:13.579000 2224699 torch/distributed/elastic/agent/server/api.py:739] Received Signals.SIGTERM death signal, shutting down workers
W0916 13:30:13.583000 2224699 torch/distributed/elastic/multiprocessing/api.py:1010] Sending process 2224724 closing signal SIGTERM
W0916 13:30:13.584000 2224699 torch/distributed/elastic/multiprocessing/api.py:1010] Sending process 2224725 closing signal SIGTERM
W0916 13:30:13.584000 2224699 torch/distributed/elastic/multiprocessing/api.py:1010] Sending process 2224726 closing signal SIGTERM
W0916 13:30:13.585000 2224699 torch/distributed/elastic/multiprocessing/api.py:1010] Sending process 2224727 closing signal SIGTERM
Traceback (most recent call last):
  File "/usr/lib/python3.10/runpy.py", line 196, in _run_module_as_main
    return _run_code(code, main_globals, None,
  File "/usr/lib/python3.10/runpy.py", line 86, in _run_code
    exec(code, run_globals)
  File "/hdd1/hukaixiao/projects/FAULTSEG3D/.venv/lib/python3.10/site-packages/torch/distributed/run.py", line 995, in <module>
    main()
  File "/hdd1/hukaixiao/projects/FAULTSEG3D/.venv/lib/python3.10/site-packages/torch/distributed/elastic/multiprocessing/errors/__init__.py", line 362, in wrapper
    return f(*args, **kwargs)
  File "/hdd1/hukaixiao/projects/FAULTSEG3D/.venv/lib/python3.10/site-packages/torch/distributed/run.py", line 991, in main
    run(args)
  File "/hdd1/hukaixiao/projects/FAULTSEG3D/.venv/lib/python3.10/site-packages/torch/distributed/run.py", line 982, in run
    elastic_launch(
  File "/hdd1/hukaixiao/projects/FAULTSEG3D/.venv/lib/python3.10/site-packages/torch/distributed/launcher/api.py", line 170, in __call__
    return launch_agent(self._config, self._entrypoint, list(args))
  File "/hdd1/hukaixiao/projects/FAULTSEG3D/.venv/lib/python3.10/site-packages/torch/distributed/launcher/api.py", line 308, in launch_agent
    result = agent.run()
  File "/hdd1/hukaixiao/projects/FAULTSEG3D/.venv/lib/python3.10/site-packages/torch/distributed/elastic/metrics/api.py", line 134, in wrapper
    result = f(*args, **kwargs)
  File "/hdd1/hukaixiao/projects/FAULTSEG3D/.venv/lib/python3.10/site-packages/torch/distributed/elastic/agent/server/api.py", line 731, in run
    result = self._invoke_run(role)
  File "/hdd1/hukaixiao/projects/FAULTSEG3D/.venv/lib/python3.10/site-packages/torch/distributed/elastic/agent/server/api.py", line 908, in _invoke_run
    time.sleep(monitor_interval)
  File "/hdd1/hukaixiao/projects/FAULTSEG3D/.venv/lib/python3.10/site-packages/torch/distributed/elastic/multiprocessing/api.py", line 86, in _terminate_process_handler
    raise SignalException(f"Process {os.getpid()} got signal: {sigval}", sigval=sigval)
torch.distributed.elastic.multiprocessing.api.SignalException: Process 2224699 got signal: 15
