train 800  val 100  model maxvit3d  gpu 0
params 40.09 M
ep   1  train 1.9479  val 1.8091  IoU 0.0798  Dice 0.1478  P 0.080 R 0.929  124s
ep   2  train 1.6915  val 1.6329  IoU 0.1119  Dice 0.2012  P 0.113 R 0.934  118s
ep   3  train 1.5675  val 1.5372  IoU 0.1412  Dice 0.2474  P 0.143 R 0.922  120s
ep   4  train 1.4486  val 1.4129  IoU 0.1986  Dice 0.3314  P 0.203 R 0.904  117s
ep   5  train 1.3115  val 1.2950  IoU 0.2312  Dice 0.3755  P 0.237 R 0.904  117s
ep   6  train 1.1796  val 1.1327  IoU 0.2652  Dice 0.4192  P 0.270 R 0.932  117s
ep   7  train 1.0451  val 1.0159  IoU 0.3386  Dice 0.5059  P 0.349 R 0.922  117s
ep   8  train 0.9403  val 0.9376  IoU 0.3640  Dice 0.5337  P 0.376 R 0.922  117s
ep   9  train 0.8597  val 0.8844  IoU 0.3844  Dice 0.5554  P 0.397 R 0.923  117s
ep  10  train 0.7931  val 0.8267  IoU 0.4307  Dice 0.6021  P 0.448 R 0.917  117s
ep  11  train 0.7431  val 0.7851  IoU 0.4229  Dice 0.5944  P 0.436 R 0.933  117s
ep  12  train 0.7020  val 0.7710  IoU 0.4657  Dice 0.6355  P 0.486 R 0.919  115s
ep  13  train 0.6678  val 0.7360  IoU 0.4702  Dice 0.6397  P 0.488 R 0.929  116s
ep  14  train 0.6468  val 0.7164  IoU 0.4667  Dice 0.6364  P 0.482 R 0.936  115s
ep  15  train 0.6195  val 0.7120  IoU 0.4801  Dice 0.6487  P 0.498 R 0.931  115s
ep  16  train 0.5999  val 0.6592  IoU 0.5009  Dice 0.6674  P 0.518 R 0.938  117s
ep  17  train 0.5797  val 0.6315  IoU 0.5555  Dice 0.7143  P 0.581 R 0.928  117s
ep  18  train 0.5589  val 0.6526  IoU 0.5481  Dice 0.7081  P 0.575 R 0.922  115s
ep  19  train 0.5473  val 0.6186  IoU 0.4932  Dice 0.6606  P 0.506 R 0.952  116s
ep  20  train 0.5286  val 0.6063  IoU 0.5548  Dice 0.7137  P 0.576 R 0.937  115s
ep  21  train 0.5171  val 0.6187  IoU 0.5198  Dice 0.6841  P 0.537 R 0.942  116s
ep  22  train 0.5020  val 0.5848  IoU 0.5695  Dice 0.7257  P 0.592 R 0.938  116s
ep  23  train 0.4929  val 0.5793  IoU 0.5828  Dice 0.7364  P 0.607 R 0.937  116s
ep  24  train 0.4794  val 0.5698  IoU 0.5718  Dice 0.7276  P 0.592 R 0.943  117s
ep  25  train 0.4706  val 0.5424  IoU 0.5697  Dice 0.7259  P 0.587 R 0.950  118s
ep  26  train 0.4599  val 0.5482  IoU 0.6105  Dice 0.7581  P 0.636 R 0.939  115s
ep  27  train 0.4504  val 0.5591  IoU 0.5801  Dice 0.7343  P 0.600 R 0.945  116s
ep  28  train 0.4377  val 0.5168  IoU 0.5870  Dice 0.7397  P 0.606 R 0.950  118s
ep  29  train 0.4299  val 0.5410  IoU 0.6098  Dice 0.7576  P 0.634 R 0.941  118s
ep  30  train 0.4237  val 0.5103  IoU 0.6024  Dice 0.7519  P 0.622 R 0.950  118s
ep  31  train 0.4133  val 0.5389  IoU 0.6055  Dice 0.7543  P 0.628 R 0.945  117s
ep  32  train 0.4082  val 0.4919  IoU 0.5942  Dice 0.7454  P 0.611 R 0.955  118s
ep  33  train 0.4007  val 0.4850  IoU 0.6114  Dice 0.7589  P 0.631 R 0.951  118s
ep  34  train 0.3910  val 0.4698  IoU 0.6018  Dice 0.7514  P 0.618 R 0.958  118s
ep  35  train 0.3856  val 0.5116  IoU 0.6480  Dice 0.7864  P 0.676 R 0.940  117s
ep  36  train 0.3820  val 0.5030  IoU 0.6076  Dice 0.7559  P 0.628 R 0.950  117s
ep  37  train 0.3752  val 0.4744  IoU 0.6046  Dice 0.7536  P 0.621 R 0.957  117s
ep  38  train 0.3698  val 0.4881  IoU 0.6177  Dice 0.7637  P 0.637 R 0.953  118s
ep  39  train 0.3623  val 0.4825  IoU 0.6245  Dice 0.7689  P 0.645 R 0.952  117s
ep  40  train 0.3574  val 0.4867  IoU 0.6354  Dice 0.7770  P 0.657 R 0.951  117s
ep  41  train 0.3520  val 0.4714  IoU 0.6386  Dice 0.7795  P 0.661 R 0.950  118s
ep  42  train 0.3470  val 0.4593  IoU 0.6348  Dice 0.7766  P 0.654 R 0.955  117s
ep  43  train 0.3431  val 0.4696  IoU 0.6350  Dice 0.7768  P 0.655 R 0.953  117s
ep  44  train 0.3392  val 0.4606  IoU 0.6401  Dice 0.7805  P 0.660 R 0.954  118s
ep  45  train 0.3368  val 0.4417  IoU 0.6381  Dice 0.7790  P 0.656 R 0.959  117s
ep  46  train 0.3323  val 0.4642  IoU 0.6325  Dice 0.7749  P 0.651 R 0.958  117s
ep  47  train 0.3277  val 0.4617  IoU 0.6469  Dice 0.7856  P 0.668 R 0.954  118s
early stop at epoch 47; best val IoU 0.6480
