train 800  val 100  model maxvit3d  gpu 2
params 40.09 M
ep   1  train 1.9228  val 1.8012  IoU 0.0465  Dice 0.0889  P 0.047 R 0.939  117s
ep   2  train 1.7045  val 1.6422  IoU 0.0790  Dice 0.1465  P 0.080 R 0.930  112s
ep   3  train 1.5756  val 1.5446  IoU 0.1002  Dice 0.1821  P 0.101 R 0.926  112s
ep   4  train 1.4576  val 1.4138  IoU 0.1310  Dice 0.2316  P 0.132 R 0.928  111s
ep   5  train 1.3375  val 1.3068  IoU 0.1440  Dice 0.2518  P 0.146 R 0.931  113s
ep   6  train 1.2268  val 1.1926  IoU 0.1635  Dice 0.2810  P 0.165 R 0.946  111s
ep   7  train 1.1351  val 1.1169  IoU 0.2385  Dice 0.3851  P 0.243 R 0.922  115s
ep   8  train 1.0540  val 1.0331  IoU 0.2418  Dice 0.3894  P 0.246 R 0.936  114s
ep   9  train 0.9869  val 0.9897  IoU 0.2568  Dice 0.4087  P 0.262 R 0.933  112s
ep  10  train 0.9358  val 0.9354  IoU 0.2888  Dice 0.4481  P 0.295 R 0.930  112s
ep  11  train 0.8944  val 0.9027  IoU 0.2610  Dice 0.4139  P 0.265 R 0.948  115s
ep  12  train 0.8608  val 0.8589  IoU 0.3258  Dice 0.4915  P 0.334 R 0.929  116s
ep  13  train 0.8287  val 0.8400  IoU 0.3340  Dice 0.5008  P 0.343 R 0.930  113s
ep  14  train 0.8090  val 0.8435  IoU 0.3462  Dice 0.5143  P 0.357 R 0.921  114s
ep  15  train 0.7861  val 0.8296  IoU 0.3507  Dice 0.5192  P 0.361 R 0.926  111s
ep  16  train 0.7687  val 0.8053  IoU 0.3641  Dice 0.5338  P 0.375 R 0.927  113s
ep  17  train 0.7521  val 0.7969  IoU 0.3796  Dice 0.5503  P 0.391 R 0.927  115s
ep  18  train 0.7335  val 0.7725  IoU 0.3806  Dice 0.5514  P 0.392 R 0.931  116s
ep  19  train 0.7271  val 0.7601  IoU 0.4119  Dice 0.5835  P 0.426 R 0.926  116s
ep  20  train 0.7097  val 0.7647  IoU 0.3514  Dice 0.5201  P 0.359 R 0.945  116s
ep  21  train 0.6979  val 0.7619  IoU 0.4139  Dice 0.5855  P 0.429 R 0.922  116s
ep  22  train 0.6879  val 0.7357  IoU 0.3923  Dice 0.5636  P 0.403 R 0.938  116s
ep  23  train 0.6799  val 0.7510  IoU 0.3633  Dice 0.5330  P 0.371 R 0.943  116s
ep  24  train 0.6667  val 0.7343  IoU 0.4148  Dice 0.5864  P 0.428 R 0.930  116s
ep  25  train 0.6572  val 0.7179  IoU 0.4275  Dice 0.5989  P 0.441 R 0.932  116s
ep  26  train 0.6474  val 0.7127  IoU 0.4118  Dice 0.5834  P 0.424 R 0.937  117s
ep  27  train 0.6386  val 0.7254  IoU 0.4414  Dice 0.6124  P 0.456 R 0.931  116s
ep  28  train 0.6293  val 0.6935  IoU 0.4275  Dice 0.5989  P 0.440 R 0.939  116s
ep  29  train 0.6233  val 0.7264  IoU 0.4630  Dice 0.6329  P 0.482 R 0.921  115s
ep  30  train 0.6193  val 0.7113  IoU 0.4711  Dice 0.6404  P 0.490 R 0.923  115s
ep  31  train 0.6077  val 0.7132  IoU 0.4631  Dice 0.6331  P 0.481 R 0.927  114s
ep  32  train 0.6006  val 0.7140  IoU 0.4513  Dice 0.6219  P 0.466 R 0.933  113s
ep  33  train 0.5925  val 0.6999  IoU 0.4378  Dice 0.6089  P 0.450 R 0.940  113s
ep  34  train 0.5879  val 0.6916  IoU 0.4432  Dice 0.6142  P 0.456 R 0.941  117s
ep  35  train 0.5780  val 0.7228  IoU 0.4672  Dice 0.6369  P 0.486 R 0.925  114s
ep  36  train 0.5747  val 0.6841  IoU 0.4220  Dice 0.5935  P 0.432 R 0.947  114s
ep  37  train 0.5686  val 0.6812  IoU 0.4361  Dice 0.6074  P 0.448 R 0.944  114s
ep  38  train 0.5606  val 0.6753  IoU 0.4478  Dice 0.6186  P 0.461 R 0.941  113s
ep  39  train 0.5519  val 0.6918  IoU 0.4802  Dice 0.6488  P 0.499 R 0.928  114s
ep  40  train 0.5469  val 0.7035  IoU 0.4596  Dice 0.6297  P 0.475 R 0.936  116s
ep  41  train 0.5421  val 0.7002  IoU 0.4869  Dice 0.6549  P 0.507 R 0.926  114s
ep  42  train 0.5361  val 0.7051  IoU 0.4477  Dice 0.6185  P 0.461 R 0.939  116s
ep  43  train 0.5268  val 0.6837  IoU 0.4604  Dice 0.6305  P 0.475 R 0.938  118s
ep  44  train 0.5232  val 0.7095  IoU 0.4741  Dice 0.6433  P 0.492 R 0.931  124s
ep  45  train 0.5218  val 0.6873  IoU 0.4775  Dice 0.6463  P 0.494 R 0.935  121s
ep  46  train 0.5148  val 0.7008  IoU 0.4917  Dice 0.6593  P 0.511 R 0.929  118s
ep  47  train 0.5101  val 0.7178  IoU 0.4984  Dice 0.6653  P 0.520 R 0.923  120s
ep  48  train 0.5032  val 0.7073  IoU 0.4757  Dice 0.6447  P 0.493 R 0.932  117s
ep  49  train 0.5015  val 0.7094  IoU 0.4774  Dice 0.6463  P 0.495 R 0.932  117s
ep  50  train 0.4977  val 0.7003  IoU 0.4830  Dice 0.6514  P 0.501 R 0.932  117s
ep  51  train 0.4934  val 0.7270  IoU 0.4958  Dice 0.6629  P 0.516 R 0.925  119s
ep  52  train 0.4910  val 0.7037  IoU 0.4705  Dice 0.6399  P 0.487 R 0.934  119s
ep  53  train 0.4892  val 0.7252  IoU 0.4980  Dice 0.6649  P 0.519 R 0.925  119s
ep  54  train 0.4858  val 0.7051  IoU 0.4841  Dice 0.6524  P 0.502 R 0.932  119s
ep  55  train 0.4861  val 0.7142  IoU 0.4961  Dice 0.6632  P 0.516 R 0.928  120s
ep  56  train 0.4852  val 0.7072  IoU 0.4895  Dice 0.6573  P 0.508 R 0.931  116s
ep  57  train 0.4823  val 0.7072  IoU 0.4850  Dice 0.6532  P 0.503 R 0.933  114s
ep  58  train 0.4838  val 0.7152  IoU 0.4926  Dice 0.6600  P 0.512 R 0.929  112s
ep  59  train 0.4828  val 0.7057  IoU 0.4839  Dice 0.6522  P 0.502 R 0.932  113s
early stop at epoch 59; best val IoU 0.4984
