maxvit_pico: maxvit3d 9.79M  world=4 global_batch=8 d2s=False profile=False trace=False
epoch=001 train=0.60210 (seg 0.60210 pr 0.0000 tr 0.0000 ramp 0.00) val=0.59486 IoU=0.0327 P=0.033 R=0.899 lr=1.09e-05 40s
epoch=002 train=0.58798 (seg 0.58798 pr 0.0000 tr 0.0000 ramp 0.00) val=0.58203 IoU=0.0872 P=0.089 R=0.787 lr=2.08e-05 34s
epoch=003 train=0.58046 (seg 0.58046 pr 0.0000 tr 0.0000 ramp 0.00) val=0.57650 IoU=0.1120 P=0.115 R=0.792 lr=3.07e-05 33s
epoch=004 train=0.57688 (seg 0.57688 pr 0.0000 tr 0.0000 ramp 0.00) val=0.57297 IoU=0.1341 P=0.139 R=0.796 lr=4.06e-05 33s
epoch=005 train=0.57368 (seg 0.57368 pr 0.0000 tr 0.0000 ramp 0.00) val=0.57057 IoU=0.1459 P=0.152 R=0.784 lr=5.05e-05 34s
epoch=006 train=0.57048 (seg 0.57048 pr 0.0000 tr 0.0000 ramp 0.00) val=0.56623 IoU=0.1532 P=0.159 R=0.813 lr=6.04e-05 33s
epoch=007 train=0.56652 (seg 0.56652 pr 0.0000 tr 0.0000 ramp 0.00) val=0.56237 IoU=0.1597 P=0.165 R=0.836 lr=7.03e-05 33s
epoch=008 train=0.56270 (seg 0.56270 pr 0.0000 tr 0.0000 ramp 0.00) val=0.55845 IoU=0.1704 P=0.176 R=0.833 lr=8.02e-05 33s
epoch=009 train=0.55832 (seg 0.55832 pr 0.0000 tr 0.0000 ramp 0.00) val=0.55388 IoU=0.1767 P=0.183 R=0.843 lr=9.01e-05 34s
epoch=010 train=0.55363 (seg 0.55363 pr 0.0000 tr 0.0000 ramp 0.00) val=0.54773 IoU=0.1991 P=0.207 R=0.832 lr=1.00e-04 33s
W0917 08:17:25.605000 3386331 torch/distributed/elastic/agent/server/api.py:739] Received Signals.SIGTERM death signal, shutting down workers
W0917 08:17:25.609000 3386331 torch/distributed/elastic/multiprocessing/api.py:1010] Sending process 3386356 closing signal SIGTERM
W0917 08:17:25.609000 3386331 torch/distributed/elastic/multiprocessing/api.py:1010] Sending process 3386357 closing signal SIGTERM
W0917 08:17:25.610000 3386331 torch/distributed/elastic/multiprocessing/api.py:1010] Sending process 3386358 closing signal SIGTERM
W0917 08:17:25.610000 3386331 torch/distributed/elastic/multiprocessing/api.py:1010] Sending process 3386359 closing signal SIGTERM
Traceback (most recent call last):
  File "/usr/lib/python3.10/runpy.py", line 196, in _run_module_as_main
    return _run_code(code, main_globals, None,
  File "/usr/lib/python3.10/runpy.py", line 86, in _run_code
    exec(code, run_globals)
  File "/hdd1/hukaixiao/projects/FAULTSEG3D/.venv/lib/python3.10/site-packages/torch/distributed/run.py", line 995, in <module>
    main()
  File "/hdd1/hukaixiao/projects/FAULTSEG3D/.venv/lib/python3.10/site-packages/torch/distributed/elastic/multiprocessing/errors/__init__.py", line 362, in wrapper
    return f(*args, **kwargs)
  File "/hdd1/hukaixiao/projects/FAULTSEG3D/.venv/lib/python3.10/site-packages/torch/distributed/run.py", line 991, in main
    run(args)
  File "/hdd1/hukaixiao/projects/FAULTSEG3D/.venv/lib/python3.10/site-packages/torch/distributed/run.py", line 982, in run
    elastic_launch(
  File "/hdd1/hukaixiao/projects/FAULTSEG3D/.venv/lib/python3.10/site-packages/torch/distributed/launcher/api.py", line 170, in __call__
    return launch_agent(self._config, self._entrypoint, list(args))
  File "/hdd1/hukaixiao/projects/FAULTSEG3D/.venv/lib/python3.10/site-packages/torch/distributed/launcher/api.py", line 308, in launch_agent
    result = agent.run()
  File "/hdd1/hukaixiao/projects/FAULTSEG3D/.venv/lib/python3.10/site-packages/torch/distributed/elastic/metrics/api.py", line 134, in wrapper
    result = f(*args, **kwargs)
  File "/hdd1/hukaixiao/projects/FAULTSEG3D/.venv/lib/python3.10/site-packages/torch/distributed/elastic/agent/server/api.py", line 731, in run
    result = self._invoke_run(role)
  File "/hdd1/hukaixiao/projects/FAULTSEG3D/.venv/lib/python3.10/site-packages/torch/distributed/elastic/agent/server/api.py", line 908, in _invoke_run
    time.sleep(monitor_interval)
  File "/hdd1/hukaixiao/projects/FAULTSEG3D/.venv/lib/python3.10/site-packages/torch/distributed/elastic/multiprocessing/api.py", line 86, in _terminate_process_handler
    raise SignalException(f"Process {os.getpid()} got signal: {sigval}", sigval=sigval)
torch.distributed.elastic.multiprocessing.api.SignalException: Process 3386331 got signal: 15
