unet_lg: unet_maxvit3d 11.94M  world=4 global_batch=8 d2s=False profile=False trace=False
epoch=001 train=0.57903 (seg 0.57903 pr 0.0000 tr 0.0000 ramp 0.00) val=0.56523 IoU=0.0930 P=0.094 R=0.925 lr=1.09e-05 79s
epoch=002 train=0.55779 (seg 0.55779 pr 0.0000 tr 0.0000 ramp 0.00) val=0.54565 IoU=0.2239 P=0.231 R=0.878 lr=2.08e-05 67s
epoch=003 train=0.54335 (seg 0.54335 pr 0.0000 tr 0.0000 ramp 0.00) val=0.53627 IoU=0.2624 P=0.272 R=0.885 lr=3.07e-05 67s
epoch=004 train=0.53388 (seg 0.53388 pr 0.0000 tr 0.0000 ramp 0.00) val=0.52689 IoU=0.3033 P=0.312 R=0.915 lr=4.06e-05 67s
epoch=005 train=0.52583 (seg 0.52583 pr 0.0000 tr 0.0000 ramp 0.00) val=0.51941 IoU=0.3344 P=0.344 R=0.923 lr=5.05e-05 67s
epoch=006 train=0.51804 (seg 0.51804 pr 0.0000 tr 0.0000 ramp 0.00) val=0.51181 IoU=0.3890 P=0.402 R=0.925 lr=6.04e-05 67s
epoch=007 train=0.51026 (seg 0.51026 pr 0.0000 tr 0.0000 ramp 0.00) val=0.50289 IoU=0.4305 P=0.445 R=0.928 lr=7.03e-05 67s
epoch=008 train=0.50243 (seg 0.50243 pr 0.0000 tr 0.0000 ramp 0.00) val=0.49393 IoU=0.4539 P=0.469 R=0.935 lr=8.02e-05 67s
epoch=009 train=0.49333 (seg 0.49333 pr 0.0000 tr 0.0000 ramp 0.00) val=0.48383 IoU=0.4979 P=0.518 R=0.928 lr=9.01e-05 67s
epoch=010 train=0.48257 (seg 0.48257 pr 0.0000 tr 0.0000 ramp 0.00) val=0.47190 IoU=0.5073 P=0.527 R=0.931 lr=1.00e-04 67s
epoch=011 train=0.46764 (seg 0.46764 pr 0.0000 tr 0.0000 ramp 0.05) val=0.45541 IoU=0.5543 P=0.577 R=0.934 lr=1.00e-04 67s
epoch=012 train=0.45358 (seg 0.45358 pr 0.0000 tr 0.0000 ramp 0.10) val=0.44007 IoU=0.5773 P=0.602 R=0.934 lr=1.00e-04 67s
epoch=013 train=0.43693 (seg 0.43693 pr 0.0000 tr 0.0000 ramp 0.15) val=0.42792 IoU=0.5769 P=0.611 R=0.913 lr=9.99e-05 67s
epoch=014 train=0.42362 (seg 0.42362 pr 0.0000 tr 0.0000 ramp 0.20) val=0.41096 IoU=0.5842 P=0.614 R=0.923 lr=9.99e-05 67s
epoch=015 train=0.40510 (seg 0.40510 pr 0.0000 tr 0.0000 ramp 0.25) val=0.39115 IoU=0.6310 P=0.667 R=0.921 lr=9.98e-05 67s
epoch=016 train=0.38591 (seg 0.38591 pr 0.0000 tr 0.0000 ramp 0.30) val=0.37072 IoU=0.6487 P=0.681 R=0.933 lr=9.98e-05 67s
epoch=017 train=0.37164 (seg 0.37164 pr 0.0000 tr 0.0000 ramp 0.35) val=0.35278 IoU=0.6552 P=0.686 R=0.935 lr=9.97e-05 67s
epoch=018 train=0.35221 (seg 0.35221 pr 0.0000 tr 0.0000 ramp 0.40) val=0.33611 IoU=0.6782 P=0.718 R=0.924 lr=9.96e-05 67s
epoch=019 train=0.33480 (seg 0.33480 pr 0.0000 tr 0.0000 ramp 0.45) val=0.32101 IoU=0.6747 P=0.719 R=0.916 lr=9.94e-05 67s
epoch=020 train=0.32116 (seg 0.32116 pr 0.0000 tr 0.0000 ramp 0.50) val=0.30157 IoU=0.7013 P=0.745 R=0.922 lr=9.93e-05 67s
epoch=021 train=0.30386 (seg 0.30386 pr 0.0000 tr 0.0000 ramp 0.55) val=0.28551 IoU=0.7112 P=0.758 R=0.920 lr=9.92e-05 67s
epoch=022 train=0.28865 (seg 0.28865 pr 0.0000 tr 0.0000 ramp 0.60) val=0.27025 IoU=0.7270 P=0.780 R=0.914 lr=9.90e-05 67s
epoch=023 train=0.27459 (seg 0.27459 pr 0.0000 tr 0.0000 ramp 0.65) val=0.25701 IoU=0.7322 P=0.790 R=0.909 lr=9.89e-05 67s
epoch=024 train=0.25883 (seg 0.25883 pr 0.0000 tr 0.0000 ramp 0.70) val=0.24361 IoU=0.7410 P=0.804 R=0.905 lr=9.87e-05 67s
epoch=025 train=0.24655 (seg 0.24655 pr 0.0000 tr 0.0000 ramp 0.75) val=0.23270 IoU=0.7344 P=0.792 R=0.910 lr=9.85e-05 67s
epoch=026 train=0.23604 (seg 0.23604 pr 0.0000 tr 0.0000 ramp 0.80) val=0.21557 IoU=0.7652 P=0.824 R=0.915 lr=9.83e-05 67s
epoch=027 train=0.22391 (seg 0.22391 pr 0.0000 tr 0.0000 ramp 0.85) val=0.20888 IoU=0.7594 P=0.826 R=0.904 lr=9.80e-05 67s
epoch=028 train=0.21464 (seg 0.21464 pr 0.0000 tr 0.0000 ramp 0.90) val=0.19754 IoU=0.7678 P=0.835 R=0.905 lr=9.78e-05 67s
epoch=029 train=0.20320 (seg 0.20320 pr 0.0000 tr 0.0000 ramp 0.95) val=0.18753 IoU=0.7700 P=0.831 R=0.913 lr=9.76e-05 67s
epoch=030 train=0.19238 (seg 0.19238 pr 0.0000 tr 0.0000 ramp 1.00) val=0.18140 IoU=0.7714 P=0.844 R=0.900 lr=9.73e-05 67s
epoch=031 train=0.18975 (seg 0.18975 pr 0.0000 tr 0.0000 ramp 1.00) val=0.17782 IoU=0.7646 P=0.840 R=0.895 lr=9.70e-05 67s
epoch=032 train=0.17941 (seg 0.17941 pr 0.0000 tr 0.0000 ramp 1.00) val=0.16393 IoU=0.7871 P=0.857 R=0.906 lr=9.67e-05 67s
epoch=033 train=0.17532 (seg 0.17532 pr 0.0000 tr 0.0000 ramp 1.00) val=0.16241 IoU=0.7772 P=0.858 R=0.891 lr=9.64e-05 67s
epoch=034 train=0.16651 (seg 0.16651 pr 0.0000 tr 0.0000 ramp 1.00) val=0.15746 IoU=0.7727 P=0.849 R=0.896 lr=9.61e-05 67s
epoch=035 train=0.16087 (seg 0.16087 pr 0.0000 tr 0.0000 ramp 1.00) val=0.14722 IoU=0.7915 P=0.865 R=0.903 lr=9.58e-05 67s
epoch=036 train=0.15388 (seg 0.15388 pr 0.0000 tr 0.0000 ramp 1.00) val=0.14034 IoU=0.7969 P=0.865 R=0.910 lr=9.55e-05 67s
W0916 18:50:48.560000 3224925 torch/distributed/elastic/agent/server/api.py:739] Received Signals.SIGTERM death signal, shutting down workers
W0916 18:50:48.562000 3224925 torch/distributed/elastic/multiprocessing/api.py:1010] Sending process 3224935 closing signal SIGTERM
W0916 18:50:48.562000 3224925 torch/distributed/elastic/multiprocessing/api.py:1010] Sending process 3224936 closing signal SIGTERM
W0916 18:50:48.563000 3224925 torch/distributed/elastic/multiprocessing/api.py:1010] Sending process 3224937 closing signal SIGTERM
W0916 18:50:48.563000 3224925 torch/distributed/elastic/multiprocessing/api.py:1010] Sending process 3224938 closing signal SIGTERM
Traceback (most recent call last):
  File "/usr/lib/python3.10/runpy.py", line 196, in _run_module_as_main
    return _run_code(code, main_globals, None,
  File "/usr/lib/python3.10/runpy.py", line 86, in _run_code
    exec(code, run_globals)
  File "/hdd1/hukaixiao/projects/FAULTSEG3D/.venv/lib/python3.10/site-packages/torch/distributed/run.py", line 995, in <module>
    main()
  File "/hdd1/hukaixiao/projects/FAULTSEG3D/.venv/lib/python3.10/site-packages/torch/distributed/elastic/multiprocessing/errors/__init__.py", line 362, in wrapper
    return f(*args, **kwargs)
  File "/hdd1/hukaixiao/projects/FAULTSEG3D/.venv/lib/python3.10/site-packages/torch/distributed/run.py", line 991, in main
    run(args)
  File "/hdd1/hukaixiao/projects/FAULTSEG3D/.venv/lib/python3.10/site-packages/torch/distributed/run.py", line 982, in run
    elastic_launch(
  File "/hdd1/hukaixiao/projects/FAULTSEG3D/.venv/lib/python3.10/site-packages/torch/distributed/launcher/api.py", line 170, in __call__
    return launch_agent(self._config, self._entrypoint, list(args))
  File "/hdd1/hukaixiao/projects/FAULTSEG3D/.venv/lib/python3.10/site-packages/torch/distributed/launcher/api.py", line 308, in launch_agent
    result = agent.run()
  File "/hdd1/hukaixiao/projects/FAULTSEG3D/.venv/lib/python3.10/site-packages/torch/distributed/elastic/metrics/api.py", line 134, in wrapper
    result = f(*args, **kwargs)
  File "/hdd1/hukaixiao/projects/FAULTSEG3D/.venv/lib/python3.10/site-packages/torch/distributed/elastic/agent/server/api.py", line 731, in run
    result = self._invoke_run(role)
  File "/hdd1/hukaixiao/projects/FAULTSEG3D/.venv/lib/python3.10/site-packages/torch/distributed/elastic/agent/server/api.py", line 908, in _invoke_run
    time.sleep(monitor_interval)
  File "/hdd1/hukaixiao/projects/FAULTSEG3D/.venv/lib/python3.10/site-packages/torch/distributed/elastic/multiprocessing/api.py", line 86, in _terminate_process_handler
    raise SignalException(f"Process {os.getpid()} got signal: {sigval}", sigval=sigval)
torch.distributed.elastic.multiprocessing.api.SignalException: Process 3224925 got signal: 15
